******************************************************************************
                  TI ARM Linker PC v15.12.3                    
******************************************************************************
>> Linked Sun Oct 23 17:02:47 2016

OUTPUT FILE NAME:   <bitband.out>
ENTRY POINT SYMBOL: "_c_int00"  address: 0000081d


MEMORY CONFIGURATION

         name            origin    length      used     unused   attr    fill
----------------------  --------  ---------  --------  --------  ----  --------
  FLASH                 00000000   00040000  00000a88  0003f578  R  X
  SRAM                  20000000   00008000  00000224  00007ddc  RW X


SEGMENT ALLOCATION MAP

run origin  load origin   length   init length attrs members
----------  ----------- ---------- ----------- ----- -------
00000000    00000000    00000a8c   00000a8c    r-x
  00000000    00000000    0000026c   0000026c    r-- .intvecs
  0000026c    0000026c    000007c8   000007c8    r-x .text
  00000a34    00000a34    00000018   00000018    r-- .const
  00000a50    00000a50    0000003c   0000003c    r-- .cinit
20000000    20000000    00000224   00000000    rw-
  20000000    20000000    00000200   00000000    rw- .stack
  20000200    20000200    00000020   00000000    rw- .data
  20000220    20000220    00000004   00000000    rw- .bss


SECTION ALLOCATION MAP

 output                                  attributes/
section   page    origin      length       input sections
--------  ----  ----------  ----------   ----------------
.intvecs   0    00000000    0000026c     
                  00000000    0000026c     startup_ccs.obj (.intvecs)

.text      0    0000026c    000007c8     
                  0000026c    000001ea     uartstdio.obj (.text:UARTvprintf)
                  00000456    00000002     startup_ccs.obj (.text:FaultISR)
                  00000458    0000010c     bitband.obj (.text:main)
                  00000564    0000009c     rtsv7M4_T_le_v4SPD16_eabi.lib : memcpy_t2.obj (.text)
                  00000600    0000007a                                   : memset_t2.obj (.text)
                  0000067a    00000002     startup_ccs.obj (.text:IntDefaultHandler)
                  0000067c    00000070     rtsv7M4_T_le_v4SPD16_eabi.lib : autoinit.obj (.text)
                  000006ec    0000006a                                   : copy_decompress_rle.obj (.text)
                  00000756    00000002     startup_ccs.obj (.text:NmiSR)
                  00000758    00000064     bitband.obj (.text:ConfigureUART)
                  000007bc    00000060     uartstdio.obj (.text:UARTStdioConfig)
                  0000081c    00000054     rtsv7M4_T_le_v4SPD16_eabi.lib : boot.obj (.text)
                  00000870    00000054                                   : exit.obj (.text)
                  000008c4    0000004c                                   : cpy_tbl.obj (.text)
                  00000910    00000048     uartstdio.obj (.text:UARTwrite)
                  00000958    00000040     rtsv7M4_T_le_v4SPD16_eabi.lib : u_divt2.obj (.text)
                  00000998    0000002c     bitband.obj (.text:Delay)
                  000009c4    0000001a     uartstdio.obj (.text:UARTprintf)
                  000009de    00000002     rtsv7M4_T_le_v4SPD16_eabi.lib : i_div0.obj (.text)
                  000009e0    00000018                                   : args_main.obj (.text)
                  000009f8    00000014                                   : _lock.obj (.text)
                  00000a0c    0000000e                                   : copy_decompress_none.obj (.text:decompress:none)
                  00000a1a    00000006     startup_ccs.obj (.text:ResetISR)
                  00000a20    00000006     driverlib.lib : uart.obj (.text:UARTClockSourceSet)
                  00000a26    00000006     rtsv7M4_T_le_v4SPD16_eabi.lib : copy_decompress_rle.obj (.text:decompress:rle24)
                  00000a2c    00000004                                   : pre_init.obj (.text)
                  00000a30    00000002                                   : mpu_init.obj (.text)
                  00000a32    00000002                                   : startup.obj (.text)

.const     0    00000a34    00000018     
                  00000a34    0000000c     uartstdio.obj (.const:g_ui32UARTBase)
                  00000a40    0000000c     uartstdio.obj (.const:g_ui32UARTPeriph)

.cinit     0    00000a50    0000003c     
                  00000a50    00000016     (.cinit..data.load) [load image, compression = rle]
                  00000a66    00000002     --HOLE-- [fill = 0]
                  00000a68    00000009     (.cinit..bss.load) [load image, compression = rle]
                  00000a71    00000003     --HOLE-- [fill = 0]
                  00000a74    00000008     (__TI_handler_table)
                  00000a7c    00000010     (__TI_cinit_table)

.init_array 
*          0    00000000    00000000     UNINITIALIZED

.stack     0    20000000    00000200     UNINITIALIZED
                  20000000    00000200     --HOLE--

.data      0    20000200    00000020     UNINITIALIZED
                  20000200    0000000c     rtsv7M4_T_le_v4SPD16_eabi.lib : exit.obj (.data:$O1$$)
                  2000020c    00000008                                   : _lock.obj (.data:$O1$$)
                  20000214    00000005     uartstdio.obj (.data)
                  20000219    00000003     --HOLE--
                  2000021c    00000004     rtsv7M4_T_le_v4SPD16_eabi.lib : stkdepth_vars.obj (.data)

.bss       0    20000220    00000004     UNINITIALIZED
                  20000220    00000004     bitband.obj (.bss)

MODULE SUMMARY

       Module                     code   ro data   rw data
       ------                     ----   -------   -------
    .\
       startup_ccs.obj            12     620       0      
       bitband.obj                412    0         4      
    +--+--------------------------+------+---------+---------+
       Total:                     424    620       4      
                                                          
    .\utils\
       uartstdio.obj              684    24        5      
    +--+--------------------------+------+---------+---------+
       Total:                     684    24        5      
                                                          
    C:/ti/TivaWare_C_Series-2.1.3.156/driverlib/ccs/Debug/driverlib.lib
       uart.obj                   6      0         0      
    +--+--------------------------+------+---------+---------+
       Total:                     6      0         0      
                                                          
    C:\ti\ccsv6\tools\compiler\arm_15.12.3.LTS\lib\rtsv7M4_T_le_v4SPD16_eabi.lib
       memcpy_t2.obj              156    0         0      
       memset_t2.obj              122    0         0      
       autoinit.obj               112    0         0      
       copy_decompress_rle.obj    112    0         0      
       exit.obj                   84     0         12     
       boot.obj                   84     0         0      
       cpy_tbl.obj                76     0         0      
       u_divt2.obj                64     0         0      
       _lock.obj                  20     0         8      
       args_main.obj              24     0         0      
       copy_decompress_none.obj   14     0         0      
       pre_init.obj               4      0         0      
       stkdepth_vars.obj          0      0         4      
       i_div0.obj                 2      0         0      
       mpu_init.obj               2      0         0      
       startup.obj                2      0         0      
    +--+--------------------------+------+---------+---------+
       Total:                     878    0         24     
                                                          
       Stack:                     0      0         512    
       Linker Generated:          0      55        0      
    +--+--------------------------+------+---------+---------+
       Grand Total:               1992   699       545    


LINKER GENERATED COPY TABLES

__TI_cinit_table @ 00000a7c records: 2, size/record: 8, table size: 16
	.data: load addr=00000a50, load size=00000016 bytes, run addr=20000200, run size=00000020 bytes, compression=rle
	.bss: load addr=00000a68, load size=00000009 bytes, run addr=20000220, run size=00000004 bytes, compression=rle


LINKER GENERATED HANDLER TABLE

__TI_handler_table @ 00000a74 records: 2, size/record: 4, table size: 8
	index: 0, handler: __TI_decompress_rle24
	index: 1, handler: __TI_decompress_none


GLOBAL SYMBOLS: SORTED ALPHABETICALLY BY Name 

address   name                           
-------   ----                           
00000871  C$$EXIT                        
00000759  ConfigureUART                  
00000999  Delay                          
00000a1b  ResetISR                       
UNDEFED   SHT$$INIT_ARRAY$$Base          
UNDEFED   SHT$$INIT_ARRAY$$Limit         
00000a21  UARTClockSourceSet             
000007bd  UARTStdioConfig                
000009c5  UARTprintf                     
0000026d  UARTvprintf                    
00000911  UARTwrite                      
20000200  __STACK_END                    
00000200  __STACK_SIZE                   
20000200  __STACK_TOP                    
00000a7c  __TI_CINIT_Base                
00000a8c  __TI_CINIT_Limit               
00000a74  __TI_Handler_Table_Base        
00000a7c  __TI_Handler_Table_Limit       
0000067d  __TI_auto_init                 
20000200  __TI_cleanup_ptr               
00000a0d  __TI_decompress_none           
00000a27  __TI_decompress_rle24          
20000204  __TI_dtors_ptr                 
20000208  __TI_enable_exit_profile_output
ffffffff  __TI_pprof_out_hndl            
ffffffff  __TI_prof_data_size            
ffffffff  __TI_prof_data_start           
00000000  __TI_static_base__             
000009df  __aeabi_idiv0                  
00000601  __aeabi_memclr                 
00000601  __aeabi_memclr4                
00000601  __aeabi_memclr8                
00000565  __aeabi_memcpy                 
00000565  __aeabi_memcpy4                
00000565  __aeabi_memcpy8                
00000603  __aeabi_memset                 
00000603  __aeabi_memset4                
00000603  __aeabi_memset8                
00000959  __aeabi_uidiv                  
00000959  __aeabi_uidivmod               
ffffffff  __binit__                      
ffffffff  __c_args__                     
00000a31  __mpu_init                     
20000000  __stack                        
000009e1  _args_main                     
0000081d  _c_int00                       
2000020c  _lock                          
00000a07  _nop                           
000009ff  _register_lock                 
000009f9  _register_unlock               
00000a33  _system_post_cinit             
00000a2d  _system_pre_init               
20000210  _unlock                        
00000875  abort                          
ffffffff  binit                          
000008c5  copy_in                        
0000087d  exit                           
00000000  g_pfnVectors                   
00000459  main                           
2000021c  main_func_sp                   
00000565  memcpy                         
00000609  memset                         


GLOBAL SYMBOLS: SORTED BY Symbol Address 

address   name                           
-------   ----                           
00000000  __TI_static_base__             
00000000  g_pfnVectors                   
00000200  __STACK_SIZE                   
0000026d  UARTvprintf                    
00000459  main                           
00000565  __aeabi_memcpy                 
00000565  __aeabi_memcpy4                
00000565  __aeabi_memcpy8                
00000565  memcpy                         
00000601  __aeabi_memclr                 
00000601  __aeabi_memclr4                
00000601  __aeabi_memclr8                
00000603  __aeabi_memset                 
00000603  __aeabi_memset4                
00000603  __aeabi_memset8                
00000609  memset                         
0000067d  __TI_auto_init                 
00000759  ConfigureUART                  
000007bd  UARTStdioConfig                
0000081d  _c_int00                       
00000871  C$$EXIT                        
00000875  abort                          
0000087d  exit                           
000008c5  copy_in                        
00000911  UARTwrite                      
00000959  __aeabi_uidiv                  
00000959  __aeabi_uidivmod               
00000999  Delay                          
000009c5  UARTprintf                     
000009df  __aeabi_idiv0                  
000009e1  _args_main                     
000009f9  _register_unlock               
000009ff  _register_lock                 
00000a07  _nop                           
00000a0d  __TI_decompress_none           
00000a1b  ResetISR                       
00000a21  UARTClockSourceSet             
00000a27  __TI_decompress_rle24          
00000a2d  _system_pre_init               
00000a31  __mpu_init                     
00000a33  _system_post_cinit             
00000a74  __TI_Handler_Table_Base        
00000a7c  __TI_CINIT_Base                
00000a7c  __TI_Handler_Table_Limit       
00000a8c  __TI_CINIT_Limit               
20000000  __stack                        
20000200  __STACK_END                    
20000200  __STACK_TOP                    
20000200  __TI_cleanup_ptr               
20000204  __TI_dtors_ptr                 
20000208  __TI_enable_exit_profile_output
2000020c  _lock                          
20000210  _unlock                        
2000021c  main_func_sp                   
ffffffff  __TI_pprof_out_hndl            
ffffffff  __TI_prof_data_size            
ffffffff  __TI_prof_data_start           
ffffffff  __binit__                      
ffffffff  __c_args__                     
ffffffff  binit                          
UNDEFED   SHT$$INIT_ARRAY$$Base          
UNDEFED   SHT$$INIT_ARRAY$$Limit         

[62 symbols]
