******************************************************************************
                  TI ARM Linker PC v15.12.3                    
******************************************************************************
>> Linked Sun Nov 13 13:06:57 2016

OUTPUT FILE NAME:   <lab5.out>
ENTRY POINT SYMBOL: "_c_int00"  address: 0000087d


MEMORY CONFIGURATION

         name            origin    length      used     unused   attr    fill
----------------------  --------  ---------  --------  --------  ----  --------
  FLASH                 00000000   00040000  00000b2e  0003f4d2  R  X
  SRAM                  20000000   00008000  00000098  00007f68  RW X


SEGMENT ALLOCATION MAP

run origin  load origin   length   init length attrs members
----------  ----------- ---------- ----------- ----- -------
00000000    00000000    00000b34   00000b34    r-x
  00000000    00000000    0000026c   0000026c    r-- .intvecs
  0000026c    0000026c    00000816   00000816    r-x .text
  00000a84    00000a84    00000070   00000070    r-- .const
  00000af8    00000af8    0000003c   0000003c    r-- .cinit
20000000    20000000    00000098   00000000    rw-
  20000000    20000000    00000064   00000000    rw- .stack
  20000064    20000064    0000001c   00000000    rw- .bss
  20000080    20000080    00000018   00000000    rw- .data


SECTION ALLOCATION MAP

 output                                  attributes/
section   page    origin      length       input sections
--------  ----  ----------  ----------   ----------------
.intvecs   0    00000000    0000026c     
                  00000000    0000026c     tm4c123gh6pm_startup_ccs.obj (.intvecs)

.text      0    0000026c    00000816     
                  0000026c    000001cc     Lab05_T03.obj (.text)
                  00000438    00000132     driverlib.lib : gpio.obj (.text:GPIOPadConfigSet)
                  0000056a    0000009c     rtsv7M4_T_le_v4SPD16_eabi.lib : memcpy_t2.obj (.text)
                  00000606    0000007a                                   : memset_t2.obj (.text)
                  00000680    00000070                                   : autoinit.obj (.text)
                  000006f0    0000006a                                   : copy_decompress_rle.obj (.text)
                  0000075a    00000002                                   : mpu_init.obj (.text)
                  0000075c    00000068     driverlib.lib : interrupt.obj (.text:IntEnable)
                  000007c4    00000060                   : timer.obj (.text:TimerConfigure)
                  00000824    00000058                   : adc.obj (.text:ADCSequenceConfigure)
                  0000087c    00000054     rtsv7M4_T_le_v4SPD16_eabi.lib : boot.obj (.text)
                  000008d0    00000054                                   : exit.obj (.text)
                  00000924    0000004c                                   : cpy_tbl.obj (.text)
                  00000970    00000034     driverlib.lib : sysctl.obj (.text:SysCtlPeripheralEnable)
                  000009a4    0000002a                   : gpio.obj (.text:GPIODirModeSet)
                  000009ce    00000018                   : gpio.obj (.text:GPIOPinTypeGPIOOutput)
                  000009e6    00000002     rtsv7M4_T_le_v4SPD16_eabi.lib : startup.obj (.text)
                  000009e8    00000018                                   : args_main.obj (.text)
                  00000a00    00000014                                   : _lock.obj (.text)
                  00000a14    00000012     driverlib.lib : timer.obj (.text:TimerLoadSet)
                  00000a26    00000010                   : interrupt.obj (.text:IntMasterEnable)
                  00000a36    0000000e                   : timer.obj (.text:TimerEnable)
                  00000a44    0000000e     rtsv7M4_T_le_v4SPD16_eabi.lib : copy_decompress_none.obj (.text:decompress:none)
                  00000a52    0000000c     driverlib.lib : cpu.obj (.text:CPUcpsie)
                  00000a5e    0000000c     tm4c123gh6pm_startup_ccs.obj (.text)
                  00000a6a    00000008     driverlib.lib : timer.obj (.text:TimerIntEnable)
                  00000a72    00000006                   : gpio.obj (.text:GPIOPinWrite)
                  00000a78    00000006     rtsv7M4_T_le_v4SPD16_eabi.lib : copy_decompress_rle.obj (.text:decompress:rle24)
                  00000a7e    00000004                                   : pre_init.obj (.text)

.const     0    00000a84    00000070     
                  00000a84    00000070     driverlib.lib : interrupt.obj (.const)

.cinit     0    00000af8    0000003c     
                  00000af8    00000016     (.cinit..data.load) [load image, compression = rle]
                  00000b0e    00000002     --HOLE-- [fill = 0]
                  00000b10    00000009     (.cinit..bss.load) [load image, compression = rle]
                  00000b19    00000003     --HOLE-- [fill = 0]
                  00000b1c    00000008     (__TI_handler_table)
                  00000b24    00000010     (__TI_cinit_table)

.init_array 
*          0    00000000    00000000     UNINITIALIZED

.stack     0    20000000    00000064     UNINITIALIZED
                  20000000    00000064     --HOLE--

.bss       0    20000064    0000001c     UNINITIALIZED
                  20000064    00000010     (.common:ui32ADC0Value)
                  20000074    00000004     (.common:ui32TempAvg)
                  20000078    00000004     (.common:ui32TempValueC)
                  2000007c    00000004     (.common:ui32TempValueF)

.data      0    20000080    00000018     UNINITIALIZED
                  20000080    0000000c     rtsv7M4_T_le_v4SPD16_eabi.lib : exit.obj (.data:$O1$$)
                  2000008c    00000008                                   : _lock.obj (.data:$O1$$)
                  20000094    00000004                                   : stkdepth_vars.obj (.data)

MODULE SUMMARY

       Module                         code   ro data   rw data
       ------                         ----   -------   -------
    .\
       tm4c123gh6pm_startup_ccs.obj   12     620       0      
       Lab05_T03.obj                  460    0         28     
    +--+------------------------------+------+---------+---------+
       Total:                         472    620       28     
                                                              
    C:/ti/TivaWare_C_Series-2.1.3.156/driverlib/ccs/Debug/driverlib.lib
       gpio.obj                       378    0         0      
       interrupt.obj                  120    112       0      
       timer.obj                      136    0         0      
       adc.obj                        88     0         0      
       sysctl.obj                     52     0         0      
       cpu.obj                        12     0         0      
    +--+------------------------------+------+---------+---------+
       Total:                         786    112       0      
                                                              
    C:\ti\ccsv6\tools\compiler\arm_15.12.3.LTS\lib\rtsv7M4_T_le_v4SPD16_eabi.lib
       memcpy_t2.obj                  156    0         0      
       memset_t2.obj                  122    0         0      
       autoinit.obj                   112    0         0      
       copy_decompress_rle.obj        112    0         0      
       exit.obj                       84     0         12     
       boot.obj                       84     0         0      
       cpy_tbl.obj                    76     0         0      
       _lock.obj                      20     0         8      
       args_main.obj                  24     0         0      
       copy_decompress_none.obj       14     0         0      
       pre_init.obj                   4      0         0      
       stkdepth_vars.obj              0      0         4      
       mpu_init.obj                   2      0         0      
       startup.obj                    2      0         0      
    +--+------------------------------+------+---------+---------+
       Total:                         812    0         24     
                                                              
       Stack:                         0      0         100    
       Linker Generated:              0      55        0      
    +--+------------------------------+------+---------+---------+
       Grand Total:                   2070   787       152    


LINKER GENERATED COPY TABLES

__TI_cinit_table @ 00000b24 records: 2, size/record: 8, table size: 16
	.data: load addr=00000af8, load size=00000016 bytes, run addr=20000080, run size=00000018 bytes, compression=rle
	.bss: load addr=00000b10, load size=00000009 bytes, run addr=20000064, run size=0000001c bytes, compression=rle


LINKER GENERATED HANDLER TABLE

__TI_handler_table @ 00000b1c records: 2, size/record: 4, table size: 8
	index: 0, handler: __TI_decompress_rle24
	index: 1, handler: __TI_decompress_none


GLOBAL SYMBOLS: SORTED ALPHABETICALLY BY Name 

address   name                           
-------   ----                           
00000825  ADCSequenceConfigure           
000008d1  C$$EXIT                        
00000a53  CPUcpsie                       
000009a5  GPIODirModeSet                 
00000439  GPIOPadConfigSet               
000009cf  GPIOPinTypeGPIOOutput          
00000a73  GPIOPinWrite                   
0000075d  IntEnable                      
00000a27  IntMasterEnable                
00000a5f  ResetISR                       
UNDEFED   SHT$$INIT_ARRAY$$Base          
UNDEFED   SHT$$INIT_ARRAY$$Limit         
00000971  SysCtlPeripheralEnable         
00000345  Timer0IntHandler               
000007c5  TimerConfigure                 
00000a37  TimerEnable                    
00000a6b  TimerIntEnable                 
00000a15  TimerLoadSet                   
20000064  __STACK_END                    
00000064  __STACK_SIZE                   
20000200  __STACK_TOP                    
00000b24  __TI_CINIT_Base                
00000b34  __TI_CINIT_Limit               
00000b1c  __TI_Handler_Table_Base        
00000b24  __TI_Handler_Table_Limit       
00000681  __TI_auto_init                 
20000080  __TI_cleanup_ptr               
00000a45  __TI_decompress_none           
00000a79  __TI_decompress_rle24          
20000084  __TI_dtors_ptr                 
20000088  __TI_enable_exit_profile_output
ffffffff  __TI_pprof_out_hndl            
ffffffff  __TI_prof_data_size            
ffffffff  __TI_prof_data_start           
00000000  __TI_static_base__             
00000607  __aeabi_memclr                 
00000607  __aeabi_memclr4                
00000607  __aeabi_memclr8                
0000056b  __aeabi_memcpy                 
0000056b  __aeabi_memcpy4                
0000056b  __aeabi_memcpy8                
00000609  __aeabi_memset                 
00000609  __aeabi_memset4                
00000609  __aeabi_memset8                
ffffffff  __binit__                      
ffffffff  __c_args__                     
0000075b  __mpu_init                     
20000000  __stack                        
000009e9  _args_main                     
0000087d  _c_int00                       
2000008c  _lock                          
00000a0f  _nop                           
00000a07  _register_lock                 
00000a01  _register_unlock               
000009e7  _system_post_cinit             
00000a7f  _system_pre_init               
20000090  _unlock                        
000008d5  abort                          
ffffffff  binit                          
00000925  copy_in                        
000008dd  exit                           
00000000  g_pfnVectors                   
00000279  main                           
20000094  main_func_sp                   
0000056b  memcpy                         
0000060f  memset                         
20000064  ui32ADC0Value                  
20000074  ui32TempAvg                    
20000078  ui32TempValueC                 
2000007c  ui32TempValueF                 
0000026d  void__error__                  


GLOBAL SYMBOLS: SORTED BY Symbol Address 

address   name                           
-------   ----                           
00000000  __TI_static_base__             
00000000  g_pfnVectors                   
00000064  __STACK_SIZE                   
0000026d  void__error__                  
00000279  main                           
00000345  Timer0IntHandler               
00000439  GPIOPadConfigSet               
0000056b  __aeabi_memcpy                 
0000056b  __aeabi_memcpy4                
0000056b  __aeabi_memcpy8                
0000056b  memcpy                         
00000607  __aeabi_memclr                 
00000607  __aeabi_memclr4                
00000607  __aeabi_memclr8                
00000609  __aeabi_memset                 
00000609  __aeabi_memset4                
00000609  __aeabi_memset8                
0000060f  memset                         
00000681  __TI_auto_init                 
0000075b  __mpu_init                     
0000075d  IntEnable                      
000007c5  TimerConfigure                 
00000825  ADCSequenceConfigure           
0000087d  _c_int00                       
000008d1  C$$EXIT                        
000008d5  abort                          
000008dd  exit                           
00000925  copy_in                        
00000971  SysCtlPeripheralEnable         
000009a5  GPIODirModeSet                 
000009cf  GPIOPinTypeGPIOOutput          
000009e7  _system_post_cinit             
000009e9  _args_main                     
00000a01  _register_unlock               
00000a07  _register_lock                 
00000a0f  _nop                           
00000a15  TimerLoadSet                   
00000a27  IntMasterEnable                
00000a37  TimerEnable                    
00000a45  __TI_decompress_none           
00000a53  CPUcpsie                       
00000a5f  ResetISR                       
00000a6b  TimerIntEnable                 
00000a73  GPIOPinWrite                   
00000a79  __TI_decompress_rle24          
00000a7f  _system_pre_init               
00000b1c  __TI_Handler_Table_Base        
00000b24  __TI_CINIT_Base                
00000b24  __TI_Handler_Table_Limit       
00000b34  __TI_CINIT_Limit               
20000000  __stack                        
20000064  __STACK_END                    
20000064  ui32ADC0Value                  
20000074  ui32TempAvg                    
20000078  ui32TempValueC                 
2000007c  ui32TempValueF                 
20000080  __TI_cleanup_ptr               
20000084  __TI_dtors_ptr                 
20000088  __TI_enable_exit_profile_output
2000008c  _lock                          
20000090  _unlock                        
20000094  main_func_sp                   
20000200  __STACK_TOP                    
ffffffff  __TI_pprof_out_hndl            
ffffffff  __TI_prof_data_size            
ffffffff  __TI_prof_data_start           
ffffffff  __binit__                      
ffffffff  __c_args__                     
ffffffff  binit                          
UNDEFED   SHT$$INIT_ARRAY$$Base          
UNDEFED   SHT$$INIT_ARRAY$$Limit         

[71 symbols]
