******************************************************************************
                  TI ARM Linker PC v15.12.3                    
******************************************************************************
>> Linked Sat Nov 19 03:16:09 2016

OUTPUT FILE NAME:   <midterm.out>
ENTRY POINT SYMBOL: "_c_int00"  address: 00001e31


MEMORY CONFIGURATION

         name            origin    length      used     unused   attr    fill
----------------------  --------  ---------  --------  --------  ----  --------
  FLASH                 00000000   00040000  00002446  0003dbba  R  X
  SRAM                  20000000   00008000  00000424  00007bdc  RW X


SEGMENT ALLOCATION MAP

run origin  load origin   length   init length attrs members
----------  ----------- ---------- ----------- ----- -------
00000000    00000000    0000244c   0000244c    r-x
  00000000    00000000    0000026c   0000026c    r-- .intvecs
  0000026c    0000026c    00002022   00002022    r-x .text
  00002290    00002290    0000018c   0000018c    r-- .const
  00002420    00002420    0000002c   0000002c    r-- .cinit
20000000    20000000    00000424   00000000    rw-
  20000000    20000000    00000400   00000000    rw- .stack
  20000400    20000400    00000024   00000000    rw- .data


SECTION ALLOCATION MAP

 output                                  attributes/
section   page    origin      length       input sections
--------  ----  ----------  ----------   ----------------
.intvecs   0    00000000    0000026c     
                  00000000    0000026c     tm4c123gh6pm_startup_ccs.obj (.intvecs)

.text      0    0000026c    00002022     
                  0000026c    00000c84     ustdlib.obj (.text)
                  00000ef0    00000514     main.obj (.text)
                  00001404    0000049c     uartstdio.obj (.text)
                  000018a0    00000132     driverlib.lib : gpio.obj (.text:GPIOPadConfigSet)
                  000019d2    00000002     rtsv7M4_T_le_v4SPD16_eabi.lib : i_div0.obj (.text)
                  000019d4    00000110     driverlib.lib : sysctl.obj (.text:SysCtlClockGet)
                  00001ae4    000000f4                   : sysctl.obj (.text:SysCtlClockSet)
                  00001bd8    0000009c     rtsv7M4_T_le_v4SPD16_eabi.lib : memcpy_t2.obj (.text)
                  00001c74    0000007a                                   : memset_t2.obj (.text)
                  00001cee    00000002                                   : mpu_init.obj (.text)
                  00001cf0    00000070                                   : autoinit.obj (.text)
                  00001d60    0000006a                                   : copy_decompress_rle.obj (.text)
                  00001dca    00000002                                   : startup.obj (.text)
                  00001dcc    00000064     driverlib.lib : hibernate.obj (.text:HibernateWakeSet)
                  00001e30    00000054     rtsv7M4_T_le_v4SPD16_eabi.lib : boot.obj (.text)
                  00001e84    00000054                                   : exit.obj (.text)
                  00001ed8    0000004c     driverlib.lib : i2c.obj (.text:I2CMasterInitExpClk)
                  00001f24    0000004c     rtsv7M4_T_le_v4SPD16_eabi.lib : cpy_tbl.obj (.text)
                  00001f70    00000048     driverlib.lib : gpio.obj (.text:GPIOPinConfigure)
                  00001fb8    00000046                   : uart.obj (.text:UARTConfigSetExpClk)
                  00001ffe    00000040     rtsv7M4_T_le_v4SPD16_eabi.lib : u_divt2.obj (.text)
                  0000203e    00000002     --HOLE-- [fill = 0]
                  00002040    00000038     driverlib.lib : sysctl.obj (.text:SysCtlPeripheralPresent)
                  00002078    00000034                   : sysctl.obj (.text:SysCtlPeripheralEnable)
                  000020ac    0000002c                   : hibernate.obj (.text:HibernateRTCSet)
                  000020d8    0000002a                   : gpio.obj (.text:GPIODirModeSet)
                  00002102    00000002     --HOLE-- [fill = 0]
                  00002104    00000020                   : uart.obj (.text:UARTDisable)
                  00002124    00000018                   : hibernate.obj (.text:HibernateGPIORetentionEnable)
                  0000213c    00000018     rtsv7M4_T_le_v4SPD16_eabi.lib : args_main.obj (.text)
                  00002154    00000014     driverlib.lib : hibernate.obj (.text:HibernateEnableExpClk)
                  00002168    00000014                   : hibernate.obj (.text:HibernateRTCEnable)
                  0000217c    00000014                   : hibernate.obj (.text:HibernateRequest)
                  00002190    00000014                   : uart.obj (.text:UARTEnable)
                  000021a4    00000014     rtsv7M4_T_le_v4SPD16_eabi.lib : _lock.obj (.text)
                  000021b8    00000014                                   : strlen.obj (.text)
                  000021cc    00000012     driverlib.lib : gpio.obj (.text:GPIOPinTypeI2C)
                  000021de    00000012                   : gpio.obj (.text:GPIOPinTypeI2CSCL)
                  000021f0    00000012                   : gpio.obj (.text:GPIOPinTypeUART)
                  00002202    00000002     --HOLE-- [fill = 0]
                  00002204    00000010                   : hibernate.obj (.text:HibernateRTCMatchSet)
                  00002214    00000010                   : hibernate.obj (.text:_HibernateWriteComplete)
                  00002224    0000000e     rtsv7M4_T_le_v4SPD16_eabi.lib : copy_decompress_none.obj (.text:decompress:none)
                  00002232    0000000c     tm4c123gh6pm_startup_ccs.obj (.text)
                  0000223e    0000000a     driverlib.lib : i2c.obj (.text:I2CMasterEnable)
                  00002248    0000000a                   : uart.obj (.text:UARTCharGet)
                  00002252    0000000a                   : uart.obj (.text:UARTCharPut)
                  0000225c    00000008                   : i2c.obj (.text:I2CMasterBusy)
                  00002264    00000008                   : i2c.obj (.text:I2CMasterSlaveAddrSet)
                  0000226c    00000006                   : sysctl.obj (.text:SysCtlDelay)
                  00002272    00000006                   : uart.obj (.text:UARTClockSourceSet)
                  00002278    00000006     rtsv7M4_T_le_v4SPD16_eabi.lib : copy_decompress_rle.obj (.text:decompress:rle24)
                  0000227e    00000004     driverlib.lib : i2c.obj (.text:I2CMasterControl)
                  00002282    00000004                   : i2c.obj (.text:I2CMasterDataGet)
                  00002286    00000004                   : i2c.obj (.text:I2CMasterDataPut)
                  0000228a    00000004     rtsv7M4_T_le_v4SPD16_eabi.lib : pre_init.obj (.text)

.const     0    00002290    0000018c     
                  00002290    00000090     driverlib.lib : gpio.obj (.const:g_pui32GPIOBaseAddrs)
                  00002320    0000006c                   : sysctl.obj (.const:g_pui32Xtals)
                  0000238c    00000030     ustdlib.obj (.const:g_psDaysToMonth)
                  000023bc    00000018     ustdlib.obj (.const:g_pfExponents)
                  000023d4    00000012     uartstdio.obj (.const:.string)
                  000023e6    00000002     --HOLE-- [fill = 0]
                  000023e8    00000012     ustdlib.obj (.const:.string)
                  000023fa    00000002     --HOLE-- [fill = 0]
                  000023fc    0000000c     uartstdio.obj (.const:g_ui32UARTBase)
                  00002408    0000000c     uartstdio.obj (.const:g_ui32UARTPeriph)
                  00002414    00000004     uartstdio.obj (.const)
                  00002418    00000004     ustdlib.obj (.const)

.cinit     0    00002420    0000002c     
                  00002420    0000001a     (.cinit..data.load) [load image, compression = rle]
                  0000243a    00000002     --HOLE-- [fill = 0]
                  0000243c    00000008     (__TI_handler_table)
                  00002444    00000008     (__TI_cinit_table)

.init_array 
*          0    00000000    00000000     UNINITIALIZED

.stack     0    20000000    00000400     UNINITIALIZED
                  20000000    00000400     --HOLE--

.data      0    20000400    00000024     UNINITIALIZED
                  20000400    0000000c     rtsv7M4_T_le_v4SPD16_eabi.lib : exit.obj (.data:$O1$$)
                  2000040c    00000008                                   : _lock.obj (.data:$O1$$)
                  20000414    00000005     uartstdio.obj (.data)
                  20000419    00000003     --HOLE--
                  2000041c    00000004     rtsv7M4_T_le_v4SPD16_eabi.lib : stkdepth_vars.obj (.data)
                  20000420    00000004     ustdlib.obj (.data)

MODULE SUMMARY

       Module                         code   ro data   rw data
       ------                         ----   -------   -------
    .\
       ustdlib.obj                    3204   94        4      
       main.obj                       1300   0         0      
       uartstdio.obj                  1180   46        5      
       tm4c123gh6pm_startup_ccs.obj   12     620       0      
    +--+------------------------------+------+---------+---------+
       Total:                         5696   760       9      
                                                              
    C:/ti/TivaWare_C_Series-2.1.3.156/driverlib/ccs/Debug/driverlib.lib
       sysctl.obj                     630    108       0      
       gpio.obj                       474    144       0      
       hibernate.obj                  260    0         0      
       uart.obj                       148    0         0      
       i2c.obj                        114    0         0      
    +--+------------------------------+------+---------+---------+
       Total:                         1626   252       0      
                                                              
    C:\ti\ccsv6\tools\compiler\arm_15.12.3.LTS\lib\rtsv7M4_T_le_v4SPD16_eabi.lib
       memcpy_t2.obj                  156    0         0      
       memset_t2.obj                  122    0         0      
       autoinit.obj                   112    0         0      
       copy_decompress_rle.obj        112    0         0      
       exit.obj                       84     0         12     
       boot.obj                       84     0         0      
       cpy_tbl.obj                    76     0         0      
       u_divt2.obj                    64     0         0      
       _lock.obj                      20     0         8      
       args_main.obj                  24     0         0      
       strlen.obj                     20     0         0      
       copy_decompress_none.obj       14     0         0      
       pre_init.obj                   4      0         0      
       stkdepth_vars.obj              0      0         4      
       i_div0.obj                     2      0         0      
       mpu_init.obj                   2      0         0      
       startup.obj                    2      0         0      
    +--+------------------------------+------+---------+---------+
       Total:                         898    0         24     
                                                              
       Stack:                         0      0         1024   
       Linker Generated:              0      42        0      
    +--+------------------------------+------+---------+---------+
       Grand Total:                   8220   1054      1057   


LINKER GENERATED COPY TABLES

__TI_cinit_table @ 00002444 records: 1, size/record: 8, table size: 8
	.data: load addr=00002420, load size=0000001a bytes, run addr=20000400, run size=00000024 bytes, compression=rle


LINKER GENERATED HANDLER TABLE

__TI_handler_table @ 0000243c records: 2, size/record: 4, table size: 8
	index: 0, handler: __TI_decompress_rle24
	index: 1, handler: __TI_decompress_none


GLOBAL SYMBOLS: SORTED ALPHABETICALLY BY Name 

address   name                           
-------   ----                           
00001e85  C$$EXIT                        
00000ef1  ConfigureUART                  
000020d9  GPIODirModeSet                 
000018a1  GPIOPadConfigSet               
00001f71  GPIOPinConfigure               
000021cd  GPIOPinTypeI2C                 
000021df  GPIOPinTypeI2CSCL              
000021f1  GPIOPinTypeUART                
0000111f  GetLuminosity                  
00002155  HibernateEnableExpClk          
00002125  HibernateGPIORetentionEnable   
00002169  HibernateRTCEnable             
00002205  HibernateRTCMatchSet           
000020ad  HibernateRTCSet                
0000217d  HibernateRequest               
00001dcd  HibernateWakeSet               
00000f2b  I2C0_Init                      
0000107b  I2C0_Read                      
00000f6f  I2C0_Write                     
0000225d  I2CMasterBusy                  
0000227f  I2CMasterControl               
00002283  I2CMasterDataGet               
00002287  I2CMasterDataPut               
0000223f  I2CMasterEnable                
00001ed9  I2CMasterInitExpClk            
00002265  I2CMasterSlaveAddrSet          
00002233  ResetISR                       
UNDEFED   SHT$$INIT_ARRAY$$Base          
UNDEFED   SHT$$INIT_ARRAY$$Limit         
000019d5  SysCtlClockGet                 
00001ae5  SysCtlClockSet                 
0000226d  SysCtlDelay                    
00002079  SysCtlPeripheralEnable         
00002041  SysCtlPeripheralPresent        
000010f1  TSL2591_init                   
00002249  UARTCharGet                    
00002253  UARTCharPut                    
00002273  UARTClockSourceSet             
00001fb9  UARTConfigSetExpClk            
00002105  UARTDisable                    
00002191  UARTEnable                     
00001405  UARTStdioConfig                
0000154b  UARTgetc                       
00001491  UARTgets                       
0000186b  UARTprintf                     
00001571  UARTvprintf                    
0000144b  UARTwrite                      
20000400  __STACK_END                    
00000400  __STACK_SIZE                   
20000200  __STACK_TOP                    
00002444  __TI_CINIT_Base                
0000244c  __TI_CINIT_Limit               
0000243c  __TI_Handler_Table_Base        
00002444  __TI_Handler_Table_Limit       
00001cf1  __TI_auto_init                 
20000400  __TI_cleanup_ptr               
00002225  __TI_decompress_none           
00002279  __TI_decompress_rle24          
20000404  __TI_dtors_ptr                 
20000408  __TI_enable_exit_profile_output
ffffffff  __TI_pprof_out_hndl            
ffffffff  __TI_prof_data_size            
ffffffff  __TI_prof_data_start           
00000000  __TI_static_base__             
000019d3  __aeabi_idiv0                  
00001c75  __aeabi_memclr                 
00001c75  __aeabi_memclr4                
00001c75  __aeabi_memclr8                
00001bd9  __aeabi_memcpy                 
00001bd9  __aeabi_memcpy4                
00001bd9  __aeabi_memcpy8                
00001c77  __aeabi_memset                 
00001c77  __aeabi_memset4                
00001c77  __aeabi_memset8                
00001fff  __aeabi_uidiv                  
00001fff  __aeabi_uidivmod               
ffffffff  __binit__                      
ffffffff  __c_args__                     
00001cef  __mpu_init                     
20000000  __stack                        
0000213d  _args_main                     
00001e31  _c_int00                       
2000040c  _lock                          
000021b3  _nop                           
000021ab  _register_lock                 
000021a5  _register_unlock               
00001dcb  _system_post_cinit             
0000228b  _system_pre_init               
20000410  _unlock                        
00001e89  abort                          
ffffffff  binit                          
00001f25  copy_in                        
00001e91  exit                           
00000000  g_pfnVectors                   
00001239  main                           
2000041c  main_func_sp                   
00001bd9  memcpy                         
00001c7d  memset                         
000021b9  strlen                         
00000751  ulocaltime                     
0000094f  umktime                        
00000ec9  urand                          
00000721  usnprintf                      
000006ef  usprintf                       
00000eb9  usrand                         
00000e31  ustrcasecmp                    
00000ea5  ustrcmp                        
00000d35  ustrlen                        
00000d8d  ustrncasecmp                   
00000e45  ustrncmp                       
0000026d  ustrncpy                       
00000d57  ustrstr                        
00000afd  ustrtof                        
000009c5  ustrtoul                       
000002c5  uvsnprintf                     


GLOBAL SYMBOLS: SORTED BY Symbol Address 

address   name                           
-------   ----                           
00000000  __TI_static_base__             
00000000  g_pfnVectors                   
0000026d  ustrncpy                       
000002c5  uvsnprintf                     
00000400  __STACK_SIZE                   
000006ef  usprintf                       
00000721  usnprintf                      
00000751  ulocaltime                     
0000094f  umktime                        
000009c5  ustrtoul                       
00000afd  ustrtof                        
00000d35  ustrlen                        
00000d57  ustrstr                        
00000d8d  ustrncasecmp                   
00000e31  ustrcasecmp                    
00000e45  ustrncmp                       
00000ea5  ustrcmp                        
00000eb9  usrand                         
00000ec9  urand                          
00000ef1  ConfigureUART                  
00000f2b  I2C0_Init                      
00000f6f  I2C0_Write                     
0000107b  I2C0_Read                      
000010f1  TSL2591_init                   
0000111f  GetLuminosity                  
00001239  main                           
00001405  UARTStdioConfig                
0000144b  UARTwrite                      
00001491  UARTgets                       
0000154b  UARTgetc                       
00001571  UARTvprintf                    
0000186b  UARTprintf                     
000018a1  GPIOPadConfigSet               
000019d3  __aeabi_idiv0                  
000019d5  SysCtlClockGet                 
00001ae5  SysCtlClockSet                 
00001bd9  __aeabi_memcpy                 
00001bd9  __aeabi_memcpy4                
00001bd9  __aeabi_memcpy8                
00001bd9  memcpy                         
00001c75  __aeabi_memclr                 
00001c75  __aeabi_memclr4                
00001c75  __aeabi_memclr8                
00001c77  __aeabi_memset                 
00001c77  __aeabi_memset4                
00001c77  __aeabi_memset8                
00001c7d  memset                         
00001cef  __mpu_init                     
00001cf1  __TI_auto_init                 
00001dcb  _system_post_cinit             
00001dcd  HibernateWakeSet               
00001e31  _c_int00                       
00001e85  C$$EXIT                        
00001e89  abort                          
00001e91  exit                           
00001ed9  I2CMasterInitExpClk            
00001f25  copy_in                        
00001f71  GPIOPinConfigure               
00001fb9  UARTConfigSetExpClk            
00001fff  __aeabi_uidiv                  
00001fff  __aeabi_uidivmod               
00002041  SysCtlPeripheralPresent        
00002079  SysCtlPeripheralEnable         
000020ad  HibernateRTCSet                
000020d9  GPIODirModeSet                 
00002105  UARTDisable                    
00002125  HibernateGPIORetentionEnable   
0000213d  _args_main                     
00002155  HibernateEnableExpClk          
00002169  HibernateRTCEnable             
0000217d  HibernateRequest               
00002191  UARTEnable                     
000021a5  _register_unlock               
000021ab  _register_lock                 
000021b3  _nop                           
000021b9  strlen                         
000021cd  GPIOPinTypeI2C                 
000021df  GPIOPinTypeI2CSCL              
000021f1  GPIOPinTypeUART                
00002205  HibernateRTCMatchSet           
00002225  __TI_decompress_none           
00002233  ResetISR                       
0000223f  I2CMasterEnable                
00002249  UARTCharGet                    
00002253  UARTCharPut                    
0000225d  I2CMasterBusy                  
00002265  I2CMasterSlaveAddrSet          
0000226d  SysCtlDelay                    
00002273  UARTClockSourceSet             
00002279  __TI_decompress_rle24          
0000227f  I2CMasterControl               
00002283  I2CMasterDataGet               
00002287  I2CMasterDataPut               
0000228b  _system_pre_init               
0000243c  __TI_Handler_Table_Base        
00002444  __TI_CINIT_Base                
00002444  __TI_Handler_Table_Limit       
0000244c  __TI_CINIT_Limit               
20000000  __stack                        
20000200  __STACK_TOP                    
20000400  __STACK_END                    
20000400  __TI_cleanup_ptr               
20000404  __TI_dtors_ptr                 
20000408  __TI_enable_exit_profile_output
2000040c  _lock                          
20000410  _unlock                        
2000041c  main_func_sp                   
ffffffff  __TI_pprof_out_hndl            
ffffffff  __TI_prof_data_size            
ffffffff  __TI_prof_data_start           
ffffffff  __binit__                      
ffffffff  __c_args__                     
ffffffff  binit                          
UNDEFED   SHT$$INIT_ARRAY$$Base          
UNDEFED   SHT$$INIT_ARRAY$$Limit         

[115 symbols]
