******************************************************************************
                  TI ARM Linker PC v15.12.3                    
******************************************************************************
>> Linked Thu Oct 06 19:54:01 2016

OUTPUT FILE NAME:   <lab3.out>
ENTRY POINT SYMBOL: "_c_int00"  address: 000006f1


MEMORY CONFIGURATION

         name            origin    length      used     unused   attr    fill
----------------------  --------  ---------  --------  --------  ----  --------
  FLASH                 00000000   00040000  000008e0  0003f720  R  X
  SRAM                  20000000   00008000  00000219  00007de7  RW X


SEGMENT ALLOCATION MAP

run origin  load origin   length   init length attrs members
----------  ----------- ---------- ----------- ----- -------
00000000    00000000    000008e0   000008e0    r-x
  00000000    00000000    0000026c   0000026c    r-- .intvecs
  0000026c    0000026c    0000064c   0000064c    r-x .text
  000008b8    000008b8    00000028   00000028    r-- .cinit
20000000    20000000    00000219   00000000    rw-
  20000000    20000000    00000200   00000000    rw- .stack
  20000200    20000200    00000019   00000000    rw- .data


SECTION ALLOCATION MAP

 output                                  attributes/
section   page    origin      length       input sections
--------  ----  ----------  ----------   ----------------
.intvecs   0    00000000    0000026c     
                  00000000    0000026c     tm4c123gh6pm_startup_ccs.obj (.intvecs)

.text      0    0000026c    0000064c     
                  0000026c    00000132     driverlib.lib : gpio.obj (.text:GPIOPadConfigSet)
                  0000039e    00000002     rtsv7M4_T_le_v4SPD16_eabi.lib : mpu_init.obj (.text)
                  000003a0    000000f4     driverlib.lib : sysctl.obj (.text:SysCtlClockSet)
                  00000494    0000009c     rtsv7M4_T_le_v4SPD16_eabi.lib : memcpy_t2.obj (.text)
                  00000530    0000007a                                   : memset_t2.obj (.text)
                  000005aa    00000002                                   : startup.obj (.text)
                  000005ac    00000070                                   : autoinit.obj (.text)
                  0000061c    0000006a                                   : copy_decompress_rle.obj (.text)
                  00000686    00000002     --HOLE-- [fill = 0]
                  00000688    00000068     main.obj (.text)
                  000006f0    00000054     rtsv7M4_T_le_v4SPD16_eabi.lib : boot.obj (.text)
                  00000744    00000054                                   : exit.obj (.text)
                  00000798    0000004c                                   : cpy_tbl.obj (.text)
                  000007e4    00000034     driverlib.lib : sysctl.obj (.text:SysCtlPeripheralEnable)
                  00000818    0000002a                   : gpio.obj (.text:GPIODirModeSet)
                  00000842    00000018                   : gpio.obj (.text:GPIOPinTypeGPIOOutput)
                  0000085a    00000002     --HOLE-- [fill = 0]
                  0000085c    00000018     rtsv7M4_T_le_v4SPD16_eabi.lib : args_main.obj (.text)
                  00000874    00000014                                   : _lock.obj (.text)
                  00000888    0000000e                                   : copy_decompress_none.obj (.text:decompress:none)
                  00000896    0000000c     tm4c123gh6pm_startup_ccs.obj (.text)
                  000008a2    00000006     driverlib.lib : gpio.obj (.text:GPIOPinWrite)
                  000008a8    00000006                   : sysctl.obj (.text:SysCtlDelay)
                  000008ae    00000006     rtsv7M4_T_le_v4SPD16_eabi.lib : copy_decompress_rle.obj (.text:decompress:rle24)
                  000008b4    00000004                                   : pre_init.obj (.text)

.cinit     0    000008b8    00000028     
                  000008b8    00000017     (.cinit..data.load) [load image, compression = rle]
                  000008cf    00000001     --HOLE-- [fill = 0]
                  000008d0    00000008     (__TI_handler_table)
                  000008d8    00000008     (__TI_cinit_table)

.init_array 
*          0    00000000    00000000     UNINITIALIZED

.stack     0    20000000    00000200     UNINITIALIZED
                  20000000    00000200     --HOLE--

.data      0    20000200    00000019     UNINITIALIZED
                  20000200    0000000c     rtsv7M4_T_le_v4SPD16_eabi.lib : exit.obj (.data:$O1$$)
                  2000020c    00000008                                   : _lock.obj (.data:$O1$$)
                  20000214    00000004                                   : stkdepth_vars.obj (.data)
                  20000218    00000001     main.obj (.data)

MODULE SUMMARY

       Module                         code   ro data   rw data
       ------                         ----   -------   -------
    .\
       tm4c123gh6pm_startup_ccs.obj   12     620       0      
       main.obj                       104    0         1      
    +--+------------------------------+------+---------+---------+
       Total:                         116    620       1      
                                                              
    C:/ti/TivaWare_C_Series-2.1.3.156/driverlib/ccs/Debug/driverlib.lib
       gpio.obj                       378    0         0      
       sysctl.obj                     302    0         0      
    +--+------------------------------+------+---------+---------+
       Total:                         680    0         0      
                                                              
    C:\ti\ccsv6\tools\compiler\arm_15.12.3.LTS\lib\rtsv7M4_T_le_v4SPD16_eabi.lib
       memcpy_t2.obj                  156    0         0      
       memset_t2.obj                  122    0         0      
       autoinit.obj                   112    0         0      
       copy_decompress_rle.obj        112    0         0      
       exit.obj                       84     0         12     
       boot.obj                       84     0         0      
       cpy_tbl.obj                    76     0         0      
       _lock.obj                      20     0         8      
       args_main.obj                  24     0         0      
       copy_decompress_none.obj       14     0         0      
       pre_init.obj                   4      0         0      
       stkdepth_vars.obj              0      0         4      
       mpu_init.obj                   2      0         0      
       startup.obj                    2      0         0      
    +--+------------------------------+------+---------+---------+
       Total:                         812    0         24     
                                                              
       Stack:                         0      0         512    
       Linker Generated:              0      39        0      
    +--+------------------------------+------+---------+---------+
       Grand Total:                   1608   659       537    


LINKER GENERATED COPY TABLES

__TI_cinit_table @ 000008d8 records: 1, size/record: 8, table size: 8
	.data: load addr=000008b8, load size=00000017 bytes, run addr=20000200, run size=00000019 bytes, compression=rle


LINKER GENERATED HANDLER TABLE

__TI_handler_table @ 000008d0 records: 2, size/record: 4, table size: 8
	index: 0, handler: __TI_decompress_rle24
	index: 1, handler: __TI_decompress_none


GLOBAL SYMBOLS: SORTED ALPHABETICALLY BY Name 

address   name                           
-------   ----                           
00000745  C$$EXIT                        
00000819  GPIODirModeSet                 
0000026d  GPIOPadConfigSet               
00000843  GPIOPinTypeGPIOOutput          
000008a3  GPIOPinWrite                   
00000897  ResetISR                       
UNDEFED   SHT$$INIT_ARRAY$$Base          
UNDEFED   SHT$$INIT_ARRAY$$Limit         
000003a1  SysCtlClockSet                 
000008a9  SysCtlDelay                    
000007e5  SysCtlPeripheralEnable         
20000200  __STACK_END                    
00000200  __STACK_SIZE                   
20000200  __STACK_TOP                    
000008d8  __TI_CINIT_Base                
000008e0  __TI_CINIT_Limit               
000008d0  __TI_Handler_Table_Base        
000008d8  __TI_Handler_Table_Limit       
000005ad  __TI_auto_init                 
20000200  __TI_cleanup_ptr               
00000889  __TI_decompress_none           
000008af  __TI_decompress_rle24          
20000204  __TI_dtors_ptr                 
20000208  __TI_enable_exit_profile_output
ffffffff  __TI_pprof_out_hndl            
ffffffff  __TI_prof_data_size            
ffffffff  __TI_prof_data_start           
00000000  __TI_static_base__             
00000531  __aeabi_memclr                 
00000531  __aeabi_memclr4                
00000531  __aeabi_memclr8                
00000495  __aeabi_memcpy                 
00000495  __aeabi_memcpy4                
00000495  __aeabi_memcpy8                
00000533  __aeabi_memset                 
00000533  __aeabi_memset4                
00000533  __aeabi_memset8                
ffffffff  __binit__                      
ffffffff  __c_args__                     
0000039f  __mpu_init                     
20000000  __stack                        
0000085d  _args_main                     
000006f1  _c_int00                       
2000020c  _lock                          
00000883  _nop                           
0000087b  _register_lock                 
00000875  _register_unlock               
000005ab  _system_post_cinit             
000008b5  _system_pre_init               
20000210  _unlock                        
00000749  abort                          
ffffffff  binit                          
00000799  copy_in                        
00000751  exit                           
00000000  g_pfnVectors                   
00000689  main                           
20000214  main_func_sp                   
00000495  memcpy                         
00000539  memset                         
20000218  ui8PinData                     


GLOBAL SYMBOLS: SORTED BY Symbol Address 

address   name                           
-------   ----                           
00000000  __TI_static_base__             
00000000  g_pfnVectors                   
00000200  __STACK_SIZE                   
0000026d  GPIOPadConfigSet               
0000039f  __mpu_init                     
000003a1  SysCtlClockSet                 
00000495  __aeabi_memcpy                 
00000495  __aeabi_memcpy4                
00000495  __aeabi_memcpy8                
00000495  memcpy                         
00000531  __aeabi_memclr                 
00000531  __aeabi_memclr4                
00000531  __aeabi_memclr8                
00000533  __aeabi_memset                 
00000533  __aeabi_memset4                
00000533  __aeabi_memset8                
00000539  memset                         
000005ab  _system_post_cinit             
000005ad  __TI_auto_init                 
00000689  main                           
000006f1  _c_int00                       
00000745  C$$EXIT                        
00000749  abort                          
00000751  exit                           
00000799  copy_in                        
000007e5  SysCtlPeripheralEnable         
00000819  GPIODirModeSet                 
00000843  GPIOPinTypeGPIOOutput          
0000085d  _args_main                     
00000875  _register_unlock               
0000087b  _register_lock                 
00000883  _nop                           
00000889  __TI_decompress_none           
00000897  ResetISR                       
000008a3  GPIOPinWrite                   
000008a9  SysCtlDelay                    
000008af  __TI_decompress_rle24          
000008b5  _system_pre_init               
000008d0  __TI_Handler_Table_Base        
000008d8  __TI_CINIT_Base                
000008d8  __TI_Handler_Table_Limit       
000008e0  __TI_CINIT_Limit               
20000000  __stack                        
20000200  __STACK_END                    
20000200  __STACK_TOP                    
20000200  __TI_cleanup_ptr               
20000204  __TI_dtors_ptr                 
20000208  __TI_enable_exit_profile_output
2000020c  _lock                          
20000210  _unlock                        
20000214  main_func_sp                   
20000218  ui8PinData                     
ffffffff  __TI_pprof_out_hndl            
ffffffff  __TI_prof_data_size            
ffffffff  __TI_prof_data_start           
ffffffff  __binit__                      
ffffffff  __c_args__                     
ffffffff  binit                          
UNDEFED   SHT$$INIT_ARRAY$$Base          
UNDEFED   SHT$$INIT_ARRAY$$Limit         

[60 symbols]
