<?xml version="1.0"?>
<link_info>
   <banner>TI ARM Linker PC v15.12.3.LTS</banner>
   <copyright>Copyright (c) 1996-2015 Texas Instruments Incorporated</copyright>
   <link_time>0x580d3bbc</link_time>
   <link_errors>0x0</link_errors>
   <output_file>usb_dev_bulk.out</output_file>
   <entry_point>
      <name>_c_int00</name>
      <address>0x243d</address>
   </entry_point>
   <input_file_list>
      <input_file id="fl-2">
         <path>.\</path>
         <kind>object</kind>
         <file>startup_ccs.obj</file>
         <name>startup_ccs.obj</name>
      </input_file>
      <input_file id="fl-3">
         <path>.\</path>
         <kind>object</kind>
         <file>usb_bulk_structs.obj</file>
         <name>usb_bulk_structs.obj</name>
      </input_file>
      <input_file id="fl-4">
         <path>.\</path>
         <kind>object</kind>
         <file>usb_dev_bulk.obj</file>
         <name>usb_dev_bulk.obj</name>
      </input_file>
      <input_file id="fl-5">
         <path>.\utils\</path>
         <kind>object</kind>
         <file>uartstdio.obj</file>
         <name>uartstdio.obj</name>
      </input_file>
      <input_file id="fl-6">
         <path>.\utils\</path>
         <kind>object</kind>
         <file>ustdlib.obj</file>
         <name>ustdlib.obj</name>
      </input_file>
      <input_file id="fl-c2">
         <path>C:\ti\ccsv6\tools\compiler\arm_15.12.3.LTS\lib\</path>
         <kind>archive</kind>
         <file>rtsv7M4_T_le_v4SPD16_eabi.lib</file>
         <name>boot.obj</name>
      </input_file>
      <input_file id="fl-c3">
         <path>C:\ti\ccsv6\tools\compiler\arm_15.12.3.LTS\lib\</path>
         <kind>archive</kind>
         <file>rtsv7M4_T_le_v4SPD16_eabi.lib</file>
         <name>copy_decompress_none.obj</name>
      </input_file>
      <input_file id="fl-c4">
         <path>C:\ti\ccsv6\tools\compiler\arm_15.12.3.LTS\lib\</path>
         <kind>archive</kind>
         <file>rtsv7M4_T_le_v4SPD16_eabi.lib</file>
         <name>copy_decompress_rle.obj</name>
      </input_file>
      <input_file id="fl-c5">
         <path>C:\ti\ccsv6\tools\compiler\arm_15.12.3.LTS\lib\</path>
         <kind>archive</kind>
         <file>rtsv7M4_T_le_v4SPD16_eabi.lib</file>
         <name>copy_zero_init.obj</name>
      </input_file>
      <input_file id="fl-c6">
         <path>C:\ti\ccsv6\tools\compiler\arm_15.12.3.LTS\lib\</path>
         <kind>archive</kind>
         <file>rtsv7M4_T_le_v4SPD16_eabi.lib</file>
         <name>exit.obj</name>
      </input_file>
      <input_file id="fl-c7">
         <path>C:\ti\ccsv6\tools\compiler\arm_15.12.3.LTS\lib\</path>
         <kind>archive</kind>
         <file>rtsv7M4_T_le_v4SPD16_eabi.lib</file>
         <name>memcpy_t2.obj</name>
      </input_file>
      <input_file id="fl-c8">
         <path>C:\ti\ccsv6\tools\compiler\arm_15.12.3.LTS\lib\</path>
         <kind>archive</kind>
         <file>rtsv7M4_T_le_v4SPD16_eabi.lib</file>
         <name>memset_t2.obj</name>
      </input_file>
      <input_file id="fl-c9">
         <path>C:\ti\ccsv6\tools\compiler\arm_15.12.3.LTS\lib\</path>
         <kind>archive</kind>
         <file>rtsv7M4_T_le_v4SPD16_eabi.lib</file>
         <name>mpu_init.obj</name>
      </input_file>
      <input_file id="fl-ca">
         <path>C:\ti\ccsv6\tools\compiler\arm_15.12.3.LTS\lib\</path>
         <kind>archive</kind>
         <file>rtsv7M4_T_le_v4SPD16_eabi.lib</file>
         <name>pre_init.obj</name>
      </input_file>
      <input_file id="fl-cb">
         <path>C:\ti\ccsv6\tools\compiler\arm_15.12.3.LTS\lib\</path>
         <kind>archive</kind>
         <file>rtsv7M4_T_le_v4SPD16_eabi.lib</file>
         <name>stkdepth_vars.obj</name>
      </input_file>
      <input_file id="fl-cc">
         <path>C:\ti\ccsv6\tools\compiler\arm_15.12.3.LTS\lib\</path>
         <kind>archive</kind>
         <file>rtsv7M4_T_le_v4SPD16_eabi.lib</file>
         <name>u_divt2.obj</name>
      </input_file>
      <input_file id="fl-cd">
         <path>C:\ti\ccsv6\tools\compiler\arm_15.12.3.LTS\lib\</path>
         <kind>archive</kind>
         <file>rtsv7M4_T_le_v4SPD16_eabi.lib</file>
         <name>_lock.obj</name>
      </input_file>
      <input_file id="fl-ce">
         <path>C:\ti\ccsv6\tools\compiler\arm_15.12.3.LTS\lib\</path>
         <kind>archive</kind>
         <file>rtsv7M4_T_le_v4SPD16_eabi.lib</file>
         <name>args_main.obj</name>
      </input_file>
      <input_file id="fl-cf">
         <path>C:\ti\ccsv6\tools\compiler\arm_15.12.3.LTS\lib\</path>
         <kind>archive</kind>
         <file>rtsv7M4_T_le_v4SPD16_eabi.lib</file>
         <name>autoinit.obj</name>
      </input_file>
      <input_file id="fl-d0">
         <path>C:\ti\ccsv6\tools\compiler\arm_15.12.3.LTS\lib\</path>
         <kind>archive</kind>
         <file>rtsv7M4_T_le_v4SPD16_eabi.lib</file>
         <name>cpy_tbl.obj</name>
      </input_file>
      <input_file id="fl-d1">
         <path>C:\ti\ccsv6\tools\compiler\arm_15.12.3.LTS\lib\</path>
         <kind>archive</kind>
         <file>rtsv7M4_T_le_v4SPD16_eabi.lib</file>
         <name>i_div0.obj</name>
      </input_file>
      <input_file id="fl-d2">
         <path>C:\ti\ccsv6\tools\compiler\arm_15.12.3.LTS\lib\</path>
         <kind>archive</kind>
         <file>rtsv7M4_T_le_v4SPD16_eabi.lib</file>
         <name>startup.obj</name>
      </input_file>
      <input_file id="fl-d3">
         <path>C:\ti\TivaWare_C_Series-2.1.3.156\driverlib\ccs\Debug\</path>
         <kind>archive</kind>
         <file>driverlib.lib</file>
         <name>gpio.obj</name>
      </input_file>
      <input_file id="fl-d4">
         <path>C:\ti\TivaWare_C_Series-2.1.3.156\driverlib\ccs\Debug\</path>
         <kind>archive</kind>
         <file>driverlib.lib</file>
         <name>interrupt.obj</name>
      </input_file>
      <input_file id="fl-d5">
         <path>C:\ti\TivaWare_C_Series-2.1.3.156\driverlib\ccs\Debug\</path>
         <kind>archive</kind>
         <file>driverlib.lib</file>
         <name>uart.obj</name>
      </input_file>
      <input_file id="fl-d6">
         <path>C:\ti\TivaWare_C_Series-2.1.3.156\driverlib\ccs\Debug\</path>
         <kind>archive</kind>
         <file>driverlib.lib</file>
         <name>cpu.obj</name>
      </input_file>
      <input_file id="fl-d7">
         <path>C:\ti\TivaWare_C_Series-2.1.3.156\usblib\ccs\Debug\</path>
         <kind>archive</kind>
         <file>usblib.lib</file>
         <name>usbbuffer.obj</name>
      </input_file>
      <input_file id="fl-d8">
         <path>C:\ti\TivaWare_C_Series-2.1.3.156\usblib\ccs\Debug\</path>
         <kind>archive</kind>
         <file>usblib.lib</file>
         <name>usbmode.obj</name>
      </input_file>
      <input_file id="fl-d9">
         <path>C:\ti\TivaWare_C_Series-2.1.3.156\usblib\ccs\Debug\</path>
         <kind>archive</kind>
         <file>usblib.lib</file>
         <name>usbringbuf.obj</name>
      </input_file>
      <input_file id="fl-da">
         <path>C:\ti\TivaWare_C_Series-2.1.3.156\usblib\ccs\Debug\</path>
         <kind>archive</kind>
         <file>usblib.lib</file>
         <name>usbtick.obj</name>
      </input_file>
      <input_file id="fl-db">
         <path>C:\ti\TivaWare_C_Series-2.1.3.156\usblib\ccs\Debug\</path>
         <kind>archive</kind>
         <file>usblib.lib</file>
         <name>usbhostenum.obj</name>
      </input_file>
      <input_file id="fl-dc">
         <path>C:\ti\TivaWare_C_Series-2.1.3.156\usblib\ccs\Debug\</path>
         <kind>archive</kind>
         <file>usblib.lib</file>
         <name>usbdbulk.obj</name>
      </input_file>
      <input_file id="fl-dd">
         <path>C:\ti\TivaWare_C_Series-2.1.3.156\usblib\ccs\Debug\</path>
         <kind>archive</kind>
         <file>usblib.lib</file>
         <name>usbdenum.obj</name>
      </input_file>
      <input_file id="fl-de">
         <path>C:\ti\TivaWare_C_Series-2.1.3.156\usblib\ccs\Debug\</path>
         <kind>archive</kind>
         <file>usblib.lib</file>
         <name>usbdhandler.obj</name>
      </input_file>
      <input_file id="fl-df">
         <path>C:\ti\TivaWare_C_Series-2.1.3.156\usblib\ccs\Debug\</path>
         <kind>archive</kind>
         <file>usblib.lib</file>
         <name>usbdesc.obj</name>
      </input_file>
      <input_file id="fl-e0">
         <path>C:\ti\TivaWare_C_Series-2.1.3.156\usblib\ccs\Debug\</path>
         <kind>archive</kind>
         <file>usblib.lib</file>
         <name>usbdma.obj</name>
      </input_file>
      <input_file id="fl-e1">
         <path>C:\ti\TivaWare_C_Series-2.1.3.156\usblib\ccs\Debug\</path>
         <kind>archive</kind>
         <file>usblib.lib</file>
         <name>usbulpi.obj</name>
      </input_file>
      <input_file id="fl-e2">
         <path>C:\ti\TivaWare_C_Series-2.1.3.156\usblib\ccs\Debug\</path>
         <kind>archive</kind>
         <file>usblib.lib</file>
         <name>usbhhub.obj</name>
      </input_file>
      <input_file id="fl-e3">
         <path>C:\ti\TivaWare_C_Series-2.1.3.156\usblib\ccs\Debug\</path>
         <kind>archive</kind>
         <file>usblib.lib</file>
         <name>usbdcdesc.obj</name>
      </input_file>
      <input_file id="fl-e4">
         <path>C:\ti\TivaWare_C_Series-2.1.3.156\usblib\ccs\Debug\</path>
         <kind>archive</kind>
         <file>usblib.lib</file>
         <name>usbdconfig.obj</name>
      </input_file>
      <input_file id="fl-e5">
         <path>C:\ti\TivaWare_C_Series-2.1.3.156\driverlib\ccs\Debug\</path>
         <kind>archive</kind>
         <file>driverlib.lib</file>
         <name>sysctl.obj</name>
      </input_file>
      <input_file id="fl-e6">
         <path>C:\ti\TivaWare_C_Series-2.1.3.156\driverlib\ccs\Debug\</path>
         <kind>archive</kind>
         <file>driverlib.lib</file>
         <name>udma.obj</name>
      </input_file>
      <input_file id="fl-e7">
         <path>C:\ti\TivaWare_C_Series-2.1.3.156\driverlib\ccs\Debug\</path>
         <kind>archive</kind>
         <file>driverlib.lib</file>
         <name>usb.obj</name>
      </input_file>
   </input_file_list>
   <object_component_list>
      <object_component id="oc-f">
         <name>.intvecs</name>
         <load_address>0x0</load_address>
         <run_address>0x0</run_address>
         <size>0x26c</size>
         <input_file_ref idref="fl-2"/>
      </object_component>
      <object_component id="oc-10a">
         <name>.text:main</name>
         <load_address>0x26c</load_address>
         <run_address>0x26c</run_address>
         <size>0x1f4</size>
         <input_file_ref idref="fl-4"/>
      </object_component>
      <object_component id="oc-243">
         <name>.text:UARTvprintf</name>
         <load_address>0x460</load_address>
         <run_address>0x460</run_address>
         <size>0x1ea</size>
         <input_file_ref idref="fl-5"/>
      </object_component>
      <object_component id="oc-37">
         <name>.text:FaultISR</name>
         <load_address>0x64a</load_address>
         <run_address>0x64a</run_address>
         <size>0x2</size>
         <input_file_ref idref="fl-2"/>
      </object_component>
      <object_component id="oc-49">
         <name>.text:UARTStdioIntHandler</name>
         <load_address>0x64c</load_address>
         <run_address>0x64c</run_address>
         <size>0x160</size>
         <input_file_ref idref="fl-5"/>
      </object_component>
      <object_component id="oc-378">
         <name>.text:USBLibDMAInit</name>
         <load_address>0x7ac</load_address>
         <run_address>0x7ac</run_address>
         <size>0x160</size>
         <input_file_ref idref="fl-e0"/>
      </object_component>
      <object_component id="oc-264">
         <name>.text:USBDCDInit</name>
         <load_address>0x90c</load_address>
         <run_address>0x90c</run_address>
         <size>0x150</size>
         <input_file_ref idref="fl-dd"/>
      </object_component>
      <object_component id="oc-20f">
         <name>.text:USBDEP0StateTxConfig</name>
         <load_address>0xa5c</load_address>
         <run_address>0xa5c</run_address>
         <size>0x150</size>
         <input_file_ref idref="fl-dd"/>
      </object_component>
      <object_component id="oc-d9">
         <name>.text:USBDeviceIntHandlerInternal</name>
         <load_address>0xbac</load_address>
         <run_address>0xbac</run_address>
         <size>0x150</size>
         <input_file_ref idref="fl-dd"/>
      </object_component>
      <object_component id="oc-5af">
         <name>.text:USBDeviceConfig</name>
         <load_address>0xcfc</load_address>
         <run_address>0xcfc</run_address>
         <size>0x148</size>
         <input_file_ref idref="fl-e4"/>
      </object_component>
      <object_component id="oc-51d">
         <name>.text:iDMAUSBTransfer</name>
         <load_address>0xe44</load_address>
         <run_address>0xe44</run_address>
         <size>0xf4</size>
         <input_file_ref idref="fl-e0"/>
      </object_component>
      <object_component id="oc-40c">
         <name>.text:USBDGetDescriptor</name>
         <load_address>0xf38</load_address>
         <run_address>0xf38</run_address>
         <size>0xe4</size>
         <input_file_ref idref="fl-dd"/>
      </object_component>
      <object_component id="oc-157">
         <name>.text:USBDeviceEnumHandler</name>
         <load_address>0x101c</load_address>
         <run_address>0x101c</run_address>
         <size>0xd8</size>
         <input_file_ref idref="fl-dd"/>
      </object_component>
      <object_component id="oc-4ab">
         <name>.text:uDMAUSBChannelAllocate</name>
         <load_address>0x10f4</load_address>
         <run_address>0x10f4</run_address>
         <size>0xc4</size>
         <input_file_ref idref="fl-e0"/>
      </object_component>
      <object_component id="oc-3d0">
         <name>.text:HandleRxAvailable</name>
         <load_address>0x11b8</load_address>
         <run_address>0x11b8</run_address>
         <size>0xbe</size>
         <input_file_ref idref="fl-d7"/>
      </object_component>
      <object_component id="oc-4ed">
         <name>.text:uDMAUSBTransfer</name>
         <load_address>0x1276</load_address>
         <run_address>0x1276</run_address>
         <size>0xbc</size>
         <input_file_ref idref="fl-e0"/>
      </object_component>
      <object_component id="oc-3d">
         <name>.text:IntDefaultHandler</name>
         <load_address>0x1332</load_address>
         <run_address>0x1332</run_address>
         <size>0x2</size>
         <input_file_ref idref="fl-2"/>
      </object_component>
      <object_component id="oc-23c">
         <name>.text:UARTStdioConfig</name>
         <load_address>0x1334</load_address>
         <run_address>0x1334</run_address>
         <size>0xb0</size>
         <input_file_ref idref="fl-5"/>
      </object_component>
      <object_component id="oc-b3">
         <name>.text:UARTwrite</name>
         <load_address>0x13e4</load_address>
         <run_address>0x13e4</run_address>
         <size>0xa8</size>
         <input_file_ref idref="fl-5"/>
      </object_component>
      <object_component id="oc-25e">
         <name>.text:USBDBulkCompositeInit</name>
         <load_address>0x148c</load_address>
         <run_address>0x148c</run_address>
         <size>0x9c</size>
         <input_file_ref idref="fl-dc"/>
      </object_component>
      <object_component id="oc-58">
         <name>.text</name>
         <load_address>0x1528</load_address>
         <run_address>0x1528</run_address>
         <size>0x9c</size>
         <input_file_ref idref="fl-c7"/>
      </object_component>
      <object_component id="oc-42a">
         <name>.text:USBDSetInterface</name>
         <load_address>0x15c4</load_address>
         <run_address>0x15c4</run_address>
         <size>0x98</size>
         <input_file_ref idref="fl-dd"/>
      </object_component>
      <object_component id="oc-56e">
         <name>.text:ScheduleNextTransmission</name>
         <load_address>0x165c</load_address>
         <run_address>0x165c</run_address>
         <size>0x92</size>
         <input_file_ref idref="fl-d7"/>
      </object_component>
      <object_component id="oc-31">
         <name>.text:NmiSR</name>
         <load_address>0x16ee</load_address>
         <run_address>0x16ee</run_address>
         <size>0x2</size>
         <input_file_ref idref="fl-2"/>
      </object_component>
      <object_component id="oc-3a3">
         <name>.text:EchoNewDataToHost</name>
         <load_address>0x16f0</load_address>
         <run_address>0x16f0</run_address>
         <size>0x90</size>
         <input_file_ref idref="fl-4"/>
      </object_component>
      <object_component id="oc-41e">
         <name>.text:USBDSetConfiguration</name>
         <load_address>0x1780</load_address>
         <run_address>0x1780</run_address>
         <size>0x90</size>
         <input_file_ref idref="fl-dd"/>
      </object_component>
      <object_component id="oc-a7">
         <name>.text:UARTPrimeTransmit</name>
         <load_address>0x1810</load_address>
         <run_address>0x1810</run_address>
         <size>0x8c</size>
         <input_file_ref idref="fl-5"/>
      </object_component>
      <object_component id="oc-5c3">
         <name>.text:USBDeviceConfigAlternate</name>
         <load_address>0x189c</load_address>
         <run_address>0x189c</run_address>
         <size>0x8c</size>
         <input_file_ref idref="fl-e4"/>
      </object_component>
      <object_component id="oc-4ff">
         <name>.text:iDMAUSBChannelAllocate</name>
         <load_address>0x1928</load_address>
         <run_address>0x1928</run_address>
         <size>0x84</size>
         <input_file_ref idref="fl-e0"/>
      </object_component>
      <object_component id="oc-63e">
         <name>.text:uDMAChannelTransferSet</name>
         <load_address>0x19ac</load_address>
         <run_address>0x19ac</run_address>
         <size>0x84</size>
         <input_file_ref idref="fl-e6"/>
      </object_component>
      <object_component id="oc-288">
         <name>.text:RxHandler</name>
         <load_address>0x1a30</load_address>
         <run_address>0x1a30</run_address>
         <size>0x80</size>
         <input_file_ref idref="fl-4"/>
      </object_component>
      <object_component id="oc-3fa">
         <name>.text:USBDClearFeature</name>
         <load_address>0x1ab0</load_address>
         <run_address>0x1ab0</run_address>
         <size>0x80</size>
         <input_file_ref idref="fl-dd"/>
      </object_component>
      <object_component id="oc-6d6">
         <name>.text:USBDevEndpointConfigSet</name>
         <load_address>0x1b30</load_address>
         <run_address>0x1b30</run_address>
         <size>0x7a</size>
         <input_file_ref idref="fl-e7"/>
      </object_component>
      <object_component id="oc-71">
         <name>.text</name>
         <load_address>0x1baa</load_address>
         <run_address>0x1baa</run_address>
         <size>0x7a</size>
         <input_file_ref idref="fl-c8"/>
      </object_component>
      <object_component id="oc-3f4">
         <name>.text:USBDGetStatus</name>
         <load_address>0x1c24</load_address>
         <run_address>0x1c24</run_address>
         <size>0x78</size>
         <input_file_ref idref="fl-dd"/>
      </object_component>
      <object_component id="oc-28e">
         <name>.text:USBDBulkPacketRead</name>
         <load_address>0x1c9c</load_address>
         <run_address>0x1c9c</run_address>
         <size>0x72</size>
         <input_file_ref idref="fl-dc"/>
      </object_component>
      <object_component id="oc-4f9">
         <name>.text:iDMAUSBArbSizeSet</name>
         <load_address>0x1d0e</load_address>
         <run_address>0x1d0e</run_address>
         <size>0x2</size>
         <input_file_ref idref="fl-e0"/>
      </object_component>
      <object_component id="oc-215">
         <name>.text:USBDEP0StateTx</name>
         <load_address>0x1d10</load_address>
         <run_address>0x1d10</run_address>
         <size>0x70</size>
         <input_file_ref idref="fl-dd"/>
      </object_component>
      <object_component id="oc-89">
         <name>.text</name>
         <load_address>0x1d80</load_address>
         <run_address>0x1d80</run_address>
         <size>0x70</size>
         <input_file_ref idref="fl-cf"/>
      </object_component>
      <object_component id="oc-4a5">
         <name>.text:uDMAUSBArbSizeSet</name>
         <load_address>0x1df0</load_address>
         <run_address>0x1df0</run_address>
         <size>0x70</size>
         <input_file_ref idref="fl-e0"/>
      </object_component>
      <object_component id="oc-4f3">
         <name>.text:uDMAUSBUnitSizeSet</name>
         <load_address>0x1e60</load_address>
         <run_address>0x1e60</run_address>
         <size>0x70</size>
         <input_file_ref idref="fl-e0"/>
      </object_component>
      <object_component id="oc-400">
         <name>.text:USBDSetFeature</name>
         <load_address>0x1ed0</load_address>
         <run_address>0x1ed0</run_address>
         <size>0x6c</size>
         <input_file_ref idref="fl-dd"/>
      </object_component>
      <object_component id="oc-64">
         <name>.text</name>
         <load_address>0x1f3c</load_address>
         <run_address>0x1f3c</run_address>
         <size>0x6a</size>
         <input_file_ref idref="fl-c4"/>
      </object_component>
      <object_component id="oc-535">
         <name>.text:iDMAUSBUnitSizeSet</name>
         <load_address>0x1fa6</load_address>
         <run_address>0x1fa6</run_address>
         <size>0x2</size>
         <input_file_ref idref="fl-e0"/>
      </object_component>
      <object_component id="oc-617">
         <name>.text:IntDisable</name>
         <load_address>0x1fa8</load_address>
         <run_address>0x1fa8</run_address>
         <size>0x68</size>
         <input_file_ref idref="fl-d4"/>
      </object_component>
      <object_component id="oc-390">
         <name>.text:IntEnable</name>
         <load_address>0x2010</load_address>
         <run_address>0x2010</run_address>
         <size>0x68</size>
         <input_file_ref idref="fl-d4"/>
      </object_component>
      <object_component id="oc-17f">
         <name>.text:ConfigureUART</name>
         <load_address>0x2078</load_address>
         <run_address>0x2078</run_address>
         <size>0x64</size>
         <input_file_ref idref="fl-4"/>
      </object_component>
      <object_component id="oc-611">
         <name>.text:IntIsEnabled</name>
         <load_address>0x20dc</load_address>
         <run_address>0x20dc</run_address>
         <size>0x64</size>
         <input_file_ref idref="fl-d4"/>
      </object_component>
      <object_component id="oc-29d">
         <name>.text:USBBufferEventCallback</name>
         <load_address>0x2140</load_address>
         <run_address>0x2140</run_address>
         <size>0x64</size>
         <input_file_ref idref="fl-d7"/>
      </object_component>
      <object_component id="oc-4b7">
         <name>.text:uDMAUSBChannelEnable</name>
         <load_address>0x21a4</load_address>
         <run_address>0x21a4</run_address>
         <size>0x64</size>
         <input_file_ref idref="fl-e0"/>
      </object_component>
      <object_component id="oc-474">
         <name>.text:HandleDevice</name>
         <load_address>0x2208</load_address>
         <run_address>0x2208</run_address>
         <size>0x60</size>
         <input_file_ref idref="fl-dc"/>
      </object_component>
      <object_component id="oc-5d2">
         <name>.text:ProcessDataFromHost</name>
         <load_address>0x2268</load_address>
         <run_address>0x2268</run_address>
         <size>0x60</size>
         <input_file_ref idref="fl-dc"/>
      </object_component>
      <object_component id="oc-209">
         <name>.text:USBDReadAndDispatchRequest</name>
         <load_address>0x22c8</load_address>
         <run_address>0x22c8</run_address>
         <size>0x60</size>
         <input_file_ref idref="fl-dd"/>
      </object_component>
      <object_component id="oc-1f1">
         <name>.text:USBDevEndpointStatusClear</name>
         <load_address>0x2328</load_address>
         <run_address>0x2328</run_address>
         <size>0x5e</size>
         <input_file_ref idref="fl-e7"/>
      </object_component>
      <object_component id="oc-444">
         <name>.text</name>
         <load_address>0x2386</load_address>
         <run_address>0x2386</run_address>
         <size>0x2</size>
         <input_file_ref idref="fl-d1"/>
      </object_component>
      <object_component id="oc-277">
         <name>.text:USBDBulkPacketWrite</name>
         <load_address>0x2388</load_address>
         <run_address>0x2388</run_address>
         <size>0x5c</size>
         <input_file_ref idref="fl-dc"/>
      </object_component>
      <object_component id="oc-4c9">
         <name>.text:uDMAUSBChannelRelease</name>
         <load_address>0x23e4</load_address>
         <run_address>0x23e4</run_address>
         <size>0x56</size>
         <input_file_ref idref="fl-e0"/>
      </object_component>
      <object_component id="oc-7d">
         <name>.text</name>
         <load_address>0x243a</load_address>
         <run_address>0x243a</run_address>
         <size>0x2</size>
         <input_file_ref idref="fl-c9"/>
      </object_component>
      <object_component id="oc-24">
         <name>.text</name>
         <load_address>0x243c</load_address>
         <run_address>0x243c</run_address>
         <size>0x54</size>
         <input_file_ref idref="fl-c2"/>
      </object_component>
      <object_component id="oc-95">
         <name>.text</name>
         <load_address>0x2490</load_address>
         <run_address>0x2490</run_address>
         <size>0x54</size>
         <input_file_ref idref="fl-c6"/>
      </object_component>
      <object_component id="oc-34e">
         <name>.text:ULPIConfigSet</name>
         <load_address>0x24e4</load_address>
         <run_address>0x24e4</run_address>
         <size>0x52</size>
         <input_file_ref idref="fl-e1"/>
      </object_component>
      <object_component id="oc-102">
         <name>.text</name>
         <load_address>0x2536</load_address>
         <run_address>0x2536</run_address>
         <size>0x2</size>
         <input_file_ref idref="fl-d2"/>
      </object_component>
      <object_component id="oc-330">
         <name>.text:SysCtlPeripheralReset</name>
         <load_address>0x2538</load_address>
         <run_address>0x2538</run_address>
         <size>0x50</size>
         <input_file_ref idref="fl-e5"/>
      </object_component>
      <object_component id="oc-6c4">
         <name>.text:USBDCDConfigDescGet</name>
         <load_address>0x2588</load_address>
         <run_address>0x2588</run_address>
         <size>0x50</size>
         <input_file_ref idref="fl-e3"/>
      </object_component>
      <object_component id="oc-139">
         <name>.text:USBDeviceResumeTickHandler</name>
         <load_address>0x25d8</load_address>
         <run_address>0x25d8</run_address>
         <size>0x50</size>
         <input_file_ref idref="fl-dd"/>
      </object_component>
      <object_component id="oc-6d0">
         <name>.text:GetEPDescriptorType</name>
         <load_address>0x2628</load_address>
         <run_address>0x2628</run_address>
         <size>0x4c</size>
         <input_file_ref idref="fl-e4"/>
      </object_component>
      <object_component id="oc-5a6">
         <name>.text:USBDStringIndexFromRequest</name>
         <load_address>0x2674</load_address>
         <run_address>0x2674</run_address>
         <size>0x4c</size>
         <input_file_ref idref="fl-dd"/>
      </object_component>
      <object_component id="oc-64a">
         <name>.text:USBEndpointDMAConfigSet</name>
         <load_address>0x26c0</load_address>
         <run_address>0x26c0</run_address>
         <size>0x4c</size>
         <input_file_ref idref="fl-e7"/>
      </object_component>
      <object_component id="oc-529">
         <name>.text:iDMAUSBChannelEnable</name>
         <load_address>0x270c</load_address>
         <run_address>0x270c</run_address>
         <size>0x4c</size>
         <input_file_ref idref="fl-e0"/>
      </object_component>
      <object_component id="oc-fc">
         <name>.text</name>
         <load_address>0x2758</load_address>
         <run_address>0x2758</run_address>
         <size>0x4c</size>
         <input_file_ref idref="fl-d0"/>
      </object_component>
      <object_component id="oc-6f1">
         <name>.text:ConfigAlternateInterfaceGet</name>
         <load_address>0x27a4</load_address>
         <run_address>0x27a4</run_address>
         <size>0x4a</size>
         <input_file_ref idref="fl-e3"/>
      </object_component>
      <object_component id="oc-59d">
         <name>.text:USBDevEndpointStallClear</name>
         <load_address>0x27ee</load_address>
         <run_address>0x27ee</run_address>
         <size>0x4a</size>
         <input_file_ref idref="fl-e7"/>
      </object_component>
      <object_component id="oc-4b1">
         <name>.text:uDMAUSBChannelDisable</name>
         <load_address>0x2838</load_address>
         <run_address>0x2838</run_address>
         <size>0x4a</size>
         <input_file_ref idref="fl-e0"/>
      </object_component>
      <object_component id="oc-4c3">
         <name>.text:uDMAUSBChannelIntDisable</name>
         <load_address>0x2882</load_address>
         <run_address>0x2882</run_address>
         <size>0x2</size>
         <input_file_ref idref="fl-e0"/>
      </object_component>
      <object_component id="oc-133">
         <name>.text:USBDeviceEnumResetHandler</name>
         <load_address>0x2884</load_address>
         <run_address>0x2884</run_address>
         <size>0x48</size>
         <input_file_ref idref="fl-dd"/>
      </object_component>
      <object_component id="oc-5fd">
         <name>.text:uDMAChannelAttributeDisable</name>
         <load_address>0x28cc</load_address>
         <run_address>0x28cc</run_address>
         <size>0x48</size>
         <input_file_ref idref="fl-e6"/>
      </object_component>
      <object_component id="oc-1fd">
         <name>.text:USBEndpointDataGet</name>
         <load_address>0x2914</load_address>
         <run_address>0x2914</run_address>
         <size>0x46</size>
         <input_file_ref idref="fl-e7"/>
      </object_component>
      <object_component id="oc-4bd">
         <name>.text:uDMAUSBChannelIntEnable</name>
         <load_address>0x295a</load_address>
         <run_address>0x295a</run_address>
         <size>0x2</size>
         <input_file_ref idref="fl-e0"/>
      </object_component>
      <object_component id="oc-311">
         <name>.text:USBDCDDeviceInfoInit</name>
         <load_address>0x295c</load_address>
         <run_address>0x295c</run_address>
         <size>0x44</size>
         <input_file_ref idref="fl-dd"/>
      </object_component>
      <object_component id="oc-424">
         <name>.text:USBDGetInterface</name>
         <load_address>0x29a0</load_address>
         <run_address>0x29a0</run_address>
         <size>0x44</size>
         <input_file_ref idref="fl-dd"/>
      </object_component>
      <object_component id="oc-197">
         <name>.text:USBDBulkInit</name>
         <load_address>0x29e4</load_address>
         <run_address>0x29e4</run_address>
         <size>0x40</size>
         <input_file_ref idref="fl-dc"/>
      </object_component>
      <object_component id="oc-2f3">
         <name>.text</name>
         <load_address>0x2a24</load_address>
         <run_address>0x2a24</run_address>
         <size>0x40</size>
         <input_file_ref idref="fl-cc"/>
      </object_component>
      <object_component id="oc-2e6">
         <name>.text:UARTFlushTx</name>
         <load_address>0x2a64</load_address>
         <run_address>0x2a64</run_address>
         <size>0x3c</size>
         <input_file_ref idref="fl-5"/>
      </object_component>
      <object_component id="oc-523">
         <name>.text:iDMAUSBChannelRelease</name>
         <load_address>0x2aa0</load_address>
         <run_address>0x2aa0</run_address>
         <size>0x3c</size>
         <input_file_ref idref="fl-e0"/>
      </object_component>
      <object_component id="oc-6e2">
         <name>.text:USBFIFOConfigSet</name>
         <load_address>0x2adc</load_address>
         <run_address>0x2adc</run_address>
         <size>0x3a</size>
         <input_file_ref idref="fl-e7"/>
      </object_component>
      <object_component id="oc-31d">
         <name>.text:InternalUSBRegisterTickHandler</name>
         <load_address>0x2b18</load_address>
         <run_address>0x2b18</run_address>
         <size>0x38</size>
         <input_file_ref idref="fl-da"/>
      </object_component>
      <object_component id="oc-13f">
         <name>.text:InternalUSBStartOfFrameTick</name>
         <load_address>0x2b50</load_address>
         <run_address>0x2b50</run_address>
         <size>0x38</size>
         <input_file_ref idref="fl-da"/>
      </object_component>
      <object_component id="oc-6ca">
         <name>.text:USBDCDConfigGetInterfaceEndpoint</name>
         <load_address>0x2b88</load_address>
         <run_address>0x2b88</run_address>
         <size>0x38</size>
         <input_file_ref idref="fl-e3"/>
      </object_component>
      <object_component id="oc-d3">
         <name>.text:USBIntStatusControl</name>
         <load_address>0x2bc0</load_address>
         <run_address>0x2bc0</run_address>
         <size>0x38</size>
         <input_file_ref idref="fl-e7"/>
      </object_component>
      <object_component id="oc-57c">
         <name>.text:USBRingBufAdvanceWrite</name>
         <load_address>0x2bf8</load_address>
         <run_address>0x2bf8</run_address>
         <size>0x38</size>
         <input_file_ref idref="fl-d9"/>
      </object_component>
      <object_component id="oc-2d0">
         <name>.text:USBEndpointDataPut</name>
         <load_address>0x2c30</load_address>
         <run_address>0x2c30</run_address>
         <size>0x36</size>
         <input_file_ref idref="fl-e7"/>
      </object_component>
      <object_component id="oc-46e">
         <name>.text:HandleEndpoints</name>
         <load_address>0x2c66</load_address>
         <run_address>0x2c66</run_address>
         <size>0x34</size>
         <input_file_ref idref="fl-dc"/>
      </object_component>
      <object_component id="oc-336">
         <name>.text:SysCtlPeripheralEnable</name>
         <load_address>0x2c9c</load_address>
         <run_address>0x2c9c</run_address>
         <size>0x34</size>
         <input_file_ref idref="fl-e5"/>
      </object_component>
      <object_component id="oc-2d6">
         <name>.text:USBEndpointDataSend</name>
         <load_address>0x2cd0</load_address>
         <run_address>0x2cd0</run_address>
         <size>0x34</size>
         <input_file_ref idref="fl-e7"/>
      </object_component>
      <object_component id="oc-505">
         <name>.text:iDMAUSBChannelStatus</name>
         <load_address>0x2d04</load_address>
         <run_address>0x2d04</run_address>
         <size>0x34</size>
         <input_file_ref idref="fl-e0"/>
      </object_component>
      <object_component id="oc-72b">
         <name>.text:NextConfigDescGet</name>
         <load_address>0x2d38</load_address>
         <run_address>0x2d38</run_address>
         <size>0x32</size>
         <input_file_ref idref="fl-e3"/>
      </object_component>
      <object_component id="oc-5d8">
         <name>.text:ProcessDataToHost</name>
         <load_address>0x2d6a</load_address>
         <run_address>0x2d6a</run_address>
         <size>0x32</size>
         <input_file_ref idref="fl-dc"/>
      </object_component>
      <object_component id="oc-3eb">
         <name>.text:USBDevEndpointStall</name>
         <load_address>0x2d9c</load_address>
         <run_address>0x2d9c</run_address>
         <size>0x32</size>
         <input_file_ref idref="fl-e7"/>
      </object_component>
      <object_component id="oc-52f">
         <name>.text:iDMAUSBChannelDisable</name>
         <load_address>0x2dce</load_address>
         <run_address>0x2dce</run_address>
         <size>0x32</size>
         <input_file_ref idref="fl-e0"/>
      </object_component>
      <object_component id="oc-4d5">
         <name>.text:DMAUSBIntHandler</name>
         <load_address>0x2e00</load_address>
         <run_address>0x2e00</run_address>
         <size>0x30</size>
         <input_file_ref idref="fl-e0"/>
      </object_component>
      <object_component id="oc-317">
         <name>.text:InternalUSBTickInit</name>
         <load_address>0x2e30</load_address>
         <run_address>0x2e30</run_address>
         <size>0x30</size>
         <input_file_ref idref="fl-da"/>
      </object_component>
      <object_component id="oc-418">
         <name>.text:USBDGetConfiguration</name>
         <load_address>0x2e60</load_address>
         <run_address>0x2e60</run_address>
         <size>0x30</size>
         <input_file_ref idref="fl-dd"/>
      </object_component>
      <object_component id="oc-6aa">
         <name>.text:UpdateIndexAtomic</name>
         <load_address>0x2e90</load_address>
         <run_address>0x2e90</run_address>
         <size>0x30</size>
         <input_file_ref idref="fl-d9"/>
      </object_component>
      <object_component id="oc-2e0">
         <name>.text:UARTFlushRx</name>
         <load_address>0x2ec0</load_address>
         <run_address>0x2ec0</run_address>
         <size>0x2c</size>
         <input_file_ref idref="fl-5"/>
      </object_component>
      <object_component id="oc-724">
         <name>.text:USBDescGet</name>
         <load_address>0x2eec</load_address>
         <run_address>0x2eec</run_address>
         <size>0x2c</size>
         <input_file_ref idref="fl-df"/>
      </object_component>
      <object_component id="oc-4db">
         <name>.text:uDMAUSBIntStatus</name>
         <load_address>0x2f18</load_address>
         <run_address>0x2f18</run_address>
         <size>0x2c</size>
         <input_file_ref idref="fl-e0"/>
      </object_component>
      <object_component id="oc-3ca">
         <name>.text:HandleRequestBuffer</name>
         <load_address>0x2f44</load_address>
         <run_address>0x2f44</run_address>
         <size>0x2a</size>
         <input_file_ref idref="fl-d7"/>
      </object_component>
      <object_component id="oc-5b7">
         <name>.text:USBDCDConfigDescGetNum</name>
         <load_address>0x2f6e</load_address>
         <run_address>0x2f6e</run_address>
         <size>0x2a</size>
         <input_file_ref idref="fl-e3"/>
      </object_component>
      <object_component id="oc-6ea">
         <name>.text:USBDescGetNum</name>
         <load_address>0x2f98</load_address>
         <run_address>0x2f98</run_address>
         <size>0x2a</size>
         <input_file_ref idref="fl-df"/>
      </object_component>
      <object_component id="oc-203">
         <name>.text:USBDevEndpointDataAck</name>
         <load_address>0x2fc2</load_address>
         <run_address>0x2fc2</run_address>
         <size>0x2a</size>
         <input_file_ref idref="fl-e7"/>
      </object_component>
      <object_component id="oc-406">
         <name>.text:USBDSetAddress</name>
         <load_address>0x2fec</load_address>
         <run_address>0x2fec</run_address>
         <size>0x28</size>
         <input_file_ref idref="fl-dd"/>
      </object_component>
      <object_component id="oc-37e">
         <name>.text:USBIntEnableControl</name>
         <load_address>0x3014</load_address>
         <run_address>0x3014</run_address>
         <size>0x28</size>
         <input_file_ref idref="fl-e7"/>
      </object_component>
      <object_component id="oc-62f">
         <name>.text:uDMAChannelModeGet</name>
         <load_address>0x303c</load_address>
         <run_address>0x303c</run_address>
         <size>0x28</size>
         <input_file_ref idref="fl-e6"/>
      </object_component>
      <object_component id="oc-329">
         <name>.text:BulkTickHandler</name>
         <load_address>0x3064</load_address>
         <run_address>0x3064</run_address>
         <size>0x24</size>
         <input_file_ref idref="fl-dc"/>
      </object_component>
      <object_component id="oc-456">
         <name>.text:HandleConfigChange</name>
         <load_address>0x3088</load_address>
         <run_address>0x3088</run_address>
         <size>0x24</size>
         <input_file_ref idref="fl-dc"/>
      </object_component>
      <object_component id="oc-603">
         <name>.text:USBEndpointDMADisable</name>
         <load_address>0x30ac</load_address>
         <run_address>0x30ac</run_address>
         <size>0x24</size>
         <input_file_ref idref="fl-e7"/>
      </object_component>
      <object_component id="oc-61d">
         <name>.text:USBEndpointDMAEnable</name>
         <load_address>0x30d0</load_address>
         <run_address>0x30d0</run_address>
         <size>0x24</size>
         <input_file_ref idref="fl-e7"/>
      </object_component>
      <object_component id="oc-191">
         <name>.text:USBStackModeSet</name>
         <load_address>0x30f4</load_address>
         <run_address>0x30f4</run_address>
         <size>0x24</size>
         <input_file_ref idref="fl-d8"/>
      </object_component>
      <object_component id="oc-5f0">
         <name>.text:uDMAChannelControlSet</name>
         <load_address>0x3118</load_address>
         <run_address>0x3118</run_address>
         <size>0x24</size>
         <input_file_ref idref="fl-e6"/>
      </object_component>
      <object_component id="oc-468">
         <name>.text:HandleDisconnect</name>
         <load_address>0x313c</load_address>
         <run_address>0x313c</run_address>
         <size>0x22</size>
         <input_file_ref idref="fl-dc"/>
      </object_component>
      <object_component id="oc-294">
         <name>.text:USBDBulkRxPacketAvailable</name>
         <load_address>0x315e</load_address>
         <run_address>0x315e</run_address>
         <size>0x22</size>
         <input_file_ref idref="fl-dc"/>
      </object_component>
      <object_component id="oc-4cf">
         <name>.text:uDMAUSBChannelStatus</name>
         <load_address>0x3180</load_address>
         <run_address>0x3180</run_address>
         <size>0x22</size>
         <input_file_ref idref="fl-e0"/>
      </object_component>
      <object_component id="oc-6dc">
         <name>.text:GetEndpointFIFOSize</name>
         <load_address>0x31a2</load_address>
         <run_address>0x31a2</run_address>
         <size>0x20</size>
         <input_file_ref idref="fl-e4"/>
      </object_component>
      <object_component id="oc-3be">
         <name>.text:HandleDataRemaining</name>
         <load_address>0x31c2</load_address>
         <run_address>0x31c2</run_address>
         <size>0x20</size>
         <input_file_ref idref="fl-d7"/>
      </object_component>
      <object_component id="oc-568">
         <name>.text:USBRingBufAdvanceRead</name>
         <load_address>0x31e2</load_address>
         <run_address>0x31e2</run_address>
         <size>0x20</size>
         <input_file_ref idref="fl-d9"/>
      </object_component>
      <object_component id="oc-575">
         <name>.text:USBRingBufContigFree</name>
         <load_address>0x3202</load_address>
         <run_address>0x3202</run_address>
         <size>0x1e</size>
         <input_file_ref idref="fl-d9"/>
      </object_component>
      <object_component id="oc-488">
         <name>.text:USBULPIRegRead</name>
         <load_address>0x3220</load_address>
         <run_address>0x3220</run_address>
         <size>0x1e</size>
         <input_file_ref idref="fl-e7"/>
      </object_component>
      <object_component id="oc-48e">
         <name>.text:USBULPIRegWrite</name>
         <load_address>0x323e</load_address>
         <run_address>0x323e</run_address>
         <size>0x1e</size>
         <input_file_ref idref="fl-e7"/>
      </object_component>
      <object_component id="oc-5bd">
         <name>.text:USBDCDConfigGetInterface</name>
         <load_address>0x325c</load_address>
         <run_address>0x325c</run_address>
         <size>0x1c</size>
         <input_file_ref idref="fl-e3"/>
      </object_component>
      <object_component id="oc-2bd">
         <name>.text:USBDCDStallEP0</name>
         <load_address>0x3278</load_address>
         <run_address>0x3278</run_address>
         <size>0x1c</size>
         <input_file_ref idref="fl-dd"/>
      </object_component>
      <object_component id="oc-3b0">
         <name>.text:USBEndpointDataAvail</name>
         <load_address>0x3294</load_address>
         <run_address>0x3294</run_address>
         <size>0x1c</size>
         <input_file_ref idref="fl-e7"/>
      </object_component>
      <object_component id="oc-588">
         <name>.text:USBRingBufWrite</name>
         <load_address>0x32b0</load_address>
         <run_address>0x32b0</run_address>
         <size>0x1c</size>
         <input_file_ref idref="fl-d9"/>
      </object_component>
      <object_component id="oc-185">
         <name>.text:UARTprintf</name>
         <load_address>0x32cc</load_address>
         <run_address>0x32cc</run_address>
         <size>0x1a</size>
         <input_file_ref idref="fl-5"/>
      </object_component>
      <object_component id="oc-2ca">
         <name>.text:USBDCDConfigDescGetSize</name>
         <load_address>0x32e6</load_address>
         <run_address>0x32e6</run_address>
         <size>0x1a</size>
         <input_file_ref idref="fl-e3"/>
      </object_component>
      <object_component id="oc-5f7">
         <name>.text:USBEndpointDMAChannel</name>
         <load_address>0x3300</load_address>
         <run_address>0x3300</run_address>
         <size>0x1a</size>
         <input_file_ref idref="fl-e7"/>
      </object_component>
      <object_component id="oc-b9">
         <name>.text:IsBufferFull</name>
         <load_address>0x331a</load_address>
         <run_address>0x331a</run_address>
         <size>0x18</size>
         <input_file_ref idref="fl-5"/>
      </object_component>
      <object_component id="oc-3b6">
         <name>.text:SetDeferredOpFlag</name>
         <load_address>0x3332</load_address>
         <run_address>0x3332</run_address>
         <size>0x18</size>
         <input_file_ref idref="fl-dc"/>
      </object_component>
      <object_component id="oc-4f">
         <name>.text:USB0DeviceIntHandler</name>
         <load_address>0x334c</load_address>
         <run_address>0x334c</run_address>
         <size>0x18</size>
         <input_file_ref idref="fl-de"/>
      </object_component>
      <object_component id="oc-18b">
         <name>.text:USBBufferInit</name>
         <load_address>0x3364</load_address>
         <run_address>0x3364</run_address>
         <size>0x18</size>
         <input_file_ref idref="fl-d7"/>
      </object_component>
      <object_component id="oc-30b">
         <name>.text:USBDCDFeatureGet</name>
         <load_address>0x337c</load_address>
         <run_address>0x337c</run_address>
         <size>0x18</size>
         <input_file_ref idref="fl-dd"/>
      </object_component>
      <object_component id="oc-412">
         <name>.text:USBDSetDescriptor</name>
         <load_address>0x3394</load_address>
         <run_address>0x3394</run_address>
         <size>0x18</size>
         <input_file_ref idref="fl-dd"/>
      </object_component>
      <object_component id="oc-430">
         <name>.text:USBDSyncFrame</name>
         <load_address>0x33ac</load_address>
         <run_address>0x33ac</run_address>
         <size>0x18</size>
         <input_file_ref idref="fl-dd"/>
      </object_component>
      <object_component id="oc-8f">
         <name>.text</name>
         <load_address>0x33c4</load_address>
         <run_address>0x33c4</run_address>
         <size>0x18</size>
         <input_file_ref idref="fl-ce"/>
      </object_component>
      <object_component id="oc-60a">
         <name>.text:uDMAChannelDisable</name>
         <load_address>0x33dc</load_address>
         <run_address>0x33dc</run_address>
         <size>0x18</size>
         <input_file_ref idref="fl-e6"/>
      </object_component>
      <object_component id="oc-623">
         <name>.text:uDMAChannelEnable</name>
         <load_address>0x33f4</load_address>
         <run_address>0x33f4</run_address>
         <size>0x18</size>
         <input_file_ref idref="fl-e6"/>
      </object_component>
      <object_component id="oc-551">
         <name>.text:USBBufferDataWritten</name>
         <load_address>0x340c</load_address>
         <run_address>0x340c</run_address>
         <size>0x16</size>
         <input_file_ref idref="fl-d7"/>
      </object_component>
      <object_component id="oc-384">
         <name>.text:USBIntEnableEndpoint</name>
         <load_address>0x3422</load_address>
         <run_address>0x3422</run_address>
         <size>0x16</size>
         <input_file_ref idref="fl-e7"/>
      </object_component>
      <object_component id="oc-558">
         <name>.text:USBRingBufFlush</name>
         <load_address>0x3438</load_address>
         <run_address>0x3438</run_address>
         <size>0x16</size>
         <input_file_ref idref="fl-d9"/>
      </object_component>
      <object_component id="oc-561">
         <name>.text:USBRingBufUsed</name>
         <load_address>0x344e</load_address>
         <run_address>0x344e</run_address>
         <size>0x16</size>
         <input_file_ref idref="fl-d9"/>
      </object_component>
      <object_component id="oc-3c4">
         <name>.text:HandleTxComplete</name>
         <load_address>0x3464</load_address>
         <run_address>0x3464</run_address>
         <size>0x14</size>
         <input_file_ref idref="fl-d7"/>
      </object_component>
      <object_component id="oc-33c">
         <name>.text:SysCtlUSBPLLEnable</name>
         <load_address>0x3478</load_address>
         <run_address>0x3478</run_address>
         <size>0x14</size>
         <input_file_ref idref="fl-e5"/>
      </object_component>
      <object_component id="oc-271">
         <name>.text:TxHandler</name>
         <load_address>0x348c</load_address>
         <run_address>0x348c</run_address>
         <size>0x14</size>
         <input_file_ref idref="fl-4"/>
      </object_component>
      <object_component id="oc-27d">
         <name>.text:USBDBulkTxPacketAvailable</name>
         <load_address>0x34a0</load_address>
         <run_address>0x34a0</run_address>
         <size>0x14</size>
         <input_file_ref idref="fl-dc"/>
      </object_component>
      <object_component id="oc-682">
         <name>.text:USBDMAChannelConfigSet</name>
         <load_address>0x34b4</load_address>
         <run_address>0x34b4</run_address>
         <size>0x14</size>
         <input_file_ref idref="fl-e7"/>
      </object_component>
      <object_component id="oc-1dc">
         <name>.text:USBHostResume</name>
         <load_address>0x34c8</load_address>
         <run_address>0x34c8</run_address>
         <size>0x14</size>
         <input_file_ref idref="fl-e7"/>
      </object_component>
      <object_component id="oc-735">
         <name>.text:_USBIndexWrite</name>
         <load_address>0x34dc</load_address>
         <run_address>0x34dc</run_address>
         <size>0x14</size>
         <input_file_ref idref="fl-e7"/>
      </object_component>
      <object_component id="oc-1b6">
         <name>.text</name>
         <load_address>0x34f0</load_address>
         <run_address>0x34f0</run_address>
         <size>0x14</size>
         <input_file_ref idref="fl-cd"/>
      </object_component>
      <object_component id="oc-462">
         <name>.text:HandleResume</name>
         <load_address>0x3504</load_address>
         <run_address>0x3504</run_address>
         <size>0x12</size>
         <input_file_ref idref="fl-dc"/>
      </object_component>
      <object_component id="oc-45c">
         <name>.text:HandleSuspend</name>
         <load_address>0x3516</load_address>
         <run_address>0x3516</run_address>
         <size>0x12</size>
         <input_file_ref idref="fl-dc"/>
      </object_component>
      <object_component id="oc-545">
         <name>.text:USBBufferInfoGet</name>
         <load_address>0x3528</load_address>
         <run_address>0x3528</run_address>
         <size>0x12</size>
         <input_file_ref idref="fl-d7"/>
      </object_component>
      <object_component id="oc-653">
         <name>.text:USBDMAChannelDisable</name>
         <load_address>0x353a</load_address>
         <run_address>0x353a</run_address>
         <size>0x12</size>
         <input_file_ref idref="fl-e7"/>
      </object_component>
      <object_component id="oc-688">
         <name>.text:USBDMAChannelEnable</name>
         <load_address>0x354c</load_address>
         <run_address>0x354c</run_address>
         <size>0x12</size>
         <input_file_ref idref="fl-e7"/>
      </object_component>
      <object_component id="oc-66f">
         <name>.text:USBDMAChannelIntDisable</name>
         <load_address>0x355e</load_address>
         <run_address>0x355e</run_address>
         <size>0x12</size>
         <input_file_ref idref="fl-e7"/>
      </object_component>
      <object_component id="oc-668">
         <name>.text:USBDMAChannelIntEnable</name>
         <load_address>0x3570</load_address>
         <run_address>0x3570</run_address>
         <size>0x12</size>
         <input_file_ref idref="fl-e7"/>
      </object_component>
      <object_component id="oc-582">
         <name>.text:USBRingBufFree</name>
         <load_address>0x3582</load_address>
         <run_address>0x3582</run_address>
         <size>0x12</size>
         <input_file_ref idref="fl-d9"/>
      </object_component>
      <object_component id="oc-69c">
         <name>.text:IntMasterDisable</name>
         <load_address>0x3594</load_address>
         <run_address>0x3594</run_address>
         <size>0x10</size>
         <input_file_ref idref="fl-d4"/>
      </object_component>
      <object_component id="oc-6a2">
         <name>.text:IntMasterEnable</name>
         <load_address>0x35a4</load_address>
         <run_address>0x35a4</run_address>
         <size>0x10</size>
         <input_file_ref idref="fl-d4"/>
      </object_component>
      <object_component id="oc-43">
         <name>.text:SysTickIntHandler</name>
         <load_address>0x35b4</load_address>
         <run_address>0x35b4</run_address>
         <size>0x10</size>
         <input_file_ref idref="fl-4"/>
      </object_component>
      <object_component id="oc-1eb">
         <name>.text:USBEndpointStatus</name>
         <load_address>0x35c4</load_address>
         <run_address>0x35c4</run_address>
         <size>0x10</size>
         <input_file_ref idref="fl-e7"/>
      </object_component>
      <object_component id="oc-6b1">
         <name>.text:USBRingBufContigUsed</name>
         <load_address>0x35d4</load_address>
         <run_address>0x35d4</run_address>
         <size>0x10</size>
         <input_file_ref idref="fl-d9"/>
      </object_component>
      <object_component id="oc-6bb">
         <name>.text:USBRingBufWriteOne</name>
         <load_address>0x35e4</load_address>
         <run_address>0x35e4</run_address>
         <size>0x10</size>
         <input_file_ref idref="fl-d9"/>
      </object_component>
      <object_component id="oc-4e1">
         <name>.text:DMAUSBIntStatusClear</name>
         <load_address>0x35f4</load_address>
         <run_address>0x35f4</run_address>
         <size>0xe</size>
         <input_file_ref idref="fl-e0"/>
      </object_component>
      <object_component id="oc-ad">
         <name>.text:IsBufferEmpty</name>
         <load_address>0x3602</load_address>
         <run_address>0x3602</run_address>
         <size>0xe</size>
         <input_file_ref idref="fl-5"/>
      </object_component>
      <object_component id="oc-65a">
         <name>.text:USBDMAChannelStatus</name>
         <load_address>0x3610</load_address>
         <run_address>0x3610</run_address>
         <size>0xe</size>
         <input_file_ref idref="fl-e7"/>
      </object_component>
      <object_component id="oc-366">
         <name>.text:USBDevLPMDisable</name>
         <load_address>0x361e</load_address>
         <run_address>0x361e</run_address>
         <size>0xe</size>
         <input_file_ref idref="fl-e7"/>
      </object_component>
      <object_component id="oc-14b">
         <name>.text:USBDevLPMEnable</name>
         <load_address>0x362c</load_address>
         <run_address>0x362c</run_address>
         <size>0xe</size>
         <input_file_ref idref="fl-e7"/>
      </object_component>
      <object_component id="oc-354">
         <name>.text:USBULPIDisable</name>
         <load_address>0x363a</load_address>
         <run_address>0x363a</run_address>
         <size>0xe</size>
         <input_file_ref idref="fl-e7"/>
      </object_component>
      <object_component id="oc-348">
         <name>.text:USBULPIEnable</name>
         <load_address>0x3648</load_address>
         <run_address>0x3648</run_address>
         <size>0xe</size>
         <input_file_ref idref="fl-e7"/>
      </object_component>
      <object_component id="oc-12">
         <name>.text:decompress:none</name>
         <load_address>0x3656</load_address>
         <run_address>0x3656</run_address>
         <size>0xe</size>
         <input_file_ref idref="fl-c3"/>
      </object_component>
      <object_component id="oc-713">
         <name>.text:CPUcpsid</name>
         <load_address>0x3664</load_address>
         <run_address>0x3664</run_address>
         <size>0xc</size>
         <input_file_ref idref="fl-d6"/>
      </object_component>
      <object_component id="oc-71a">
         <name>.text:CPUcpsie</name>
         <load_address>0x3670</load_address>
         <run_address>0x3670</run_address>
         <size>0xc</size>
         <input_file_ref idref="fl-d6"/>
      </object_component>
      <object_component id="oc-644">
         <name>.text:USBEndpointPacketCountSet</name>
         <load_address>0x367c</load_address>
         <run_address>0x367c</run_address>
         <size>0xc</size>
         <input_file_ref idref="fl-e7"/>
      </object_component>
      <object_component id="oc-372">
         <name>.text:USBLPMIntEnable</name>
         <load_address>0x3688</load_address>
         <run_address>0x3688</run_address>
         <size>0xc</size>
         <input_file_ref idref="fl-e7"/>
      </object_component>
      <object_component id="oc-24f">
         <name>.text:USBRingBufInit</name>
         <load_address>0x3694</load_address>
         <run_address>0x3694</run_address>
         <size>0xc</size>
         <input_file_ref idref="fl-d9"/>
      </object_component>
      <object_component id="oc-342">
         <name>.text:USBClockEnable</name>
         <load_address>0x36a0</load_address>
         <run_address>0x36a0</run_address>
         <size>0xa</size>
         <input_file_ref idref="fl-e7"/>
      </object_component>
      <object_component id="oc-49c">
         <name>.text:USBControllerVersion</name>
         <load_address>0x36aa</load_address>
         <run_address>0x36aa</run_address>
         <size>0xa</size>
         <input_file_ref idref="fl-e7"/>
      </object_component>
      <object_component id="oc-676">
         <name>.text:USBDMAChannelAddressSet</name>
         <load_address>0x36b4</load_address>
         <run_address>0x36b4</run_address>
         <size>0xa</size>
         <input_file_ref idref="fl-e7"/>
      </object_component>
      <object_component id="oc-67c">
         <name>.text:USBDMAChannelCountSet</name>
         <load_address>0x36be</load_address>
         <run_address>0x36be</run_address>
         <size>0xa</size>
         <input_file_ref idref="fl-e7"/>
      </object_component>
      <object_component id="oc-38a">
         <name>.text:USBDevConnect</name>
         <load_address>0x36c8</load_address>
         <run_address>0x36c8</run_address>
         <size>0xa</size>
         <input_file_ref idref="fl-e7"/>
      </object_component>
      <object_component id="oc-15d">
         <name>.text:USBDevDisconnect</name>
         <load_address>0x36d2</load_address>
         <run_address>0x36d2</run_address>
         <size>0xa</size>
         <input_file_ref idref="fl-e7"/>
      </object_component>
      <object_component id="oc-151">
         <name>.text:USBIntStatusEndpoint</name>
         <load_address>0x36dc</load_address>
         <run_address>0x36dc</run_address>
         <size>0xa</size>
         <input_file_ref idref="fl-e7"/>
      </object_component>
      <object_component id="oc-360">
         <name>.text:USBDevMode</name>
         <load_address>0x36e6</load_address>
         <run_address>0x36e6</run_address>
         <size>0x8</size>
         <input_file_ref idref="fl-e7"/>
      </object_component>
      <object_component id="oc-638">
         <name>.text:USBFIFOAddrGet</name>
         <load_address>0x36ee</load_address>
         <run_address>0x36ee</run_address>
         <size>0x8</size>
         <input_file_ref idref="fl-e7"/>
      </object_component>
      <object_component id="oc-35a">
         <name>.text:USBOTGMode</name>
         <load_address>0x36f6</load_address>
         <run_address>0x36f6</run_address>
         <size>0x8</size>
         <input_file_ref idref="fl-e7"/>
      </object_component>
      <object_component id="oc-517">
         <name>.text:iDMAUSBChannelIntDisable</name>
         <load_address>0x36fe</load_address>
         <run_address>0x36fe</run_address>
         <size>0x8</size>
         <input_file_ref idref="fl-e0"/>
      </object_component>
      <object_component id="oc-511">
         <name>.text:iDMAUSBChannelIntEnable</name>
         <load_address>0x3706</load_address>
         <run_address>0x3706</run_address>
         <size>0x8</size>
         <input_file_ref idref="fl-e0"/>
      </object_component>
      <object_component id="oc-19d">
         <name>.text:GPIOPinWrite</name>
         <load_address>0x370e</load_address>
         <run_address>0x370e</run_address>
         <size>0x6</size>
         <input_file_ref idref="fl-d3"/>
      </object_component>
      <object_component id="oc-2b">
         <name>.text:ResetISR</name>
         <load_address>0x3714</load_address>
         <run_address>0x3714</run_address>
         <size>0x6</size>
         <input_file_ref idref="fl-2"/>
      </object_component>
      <object_component id="oc-236">
         <name>.text:UARTClockSourceSet</name>
         <load_address>0x371a</load_address>
         <run_address>0x371a</run_address>
         <size>0x6</size>
         <input_file_ref idref="fl-d5"/>
      </object_component>
      <object_component id="oc-3a9">
         <name>.text:USBBufferFlush</name>
         <load_address>0x3720</load_address>
         <run_address>0x3720</run_address>
         <size>0x6</size>
         <input_file_ref idref="fl-d7"/>
      </object_component>
      <object_component id="oc-54b">
         <name>.text:USBBufferSpaceAvailable</name>
         <load_address>0x3726</load_address>
         <run_address>0x3726</run_address>
         <size>0x6</size>
         <input_file_ref idref="fl-d7"/>
      </object_component>
      <object_component id="oc-661">
         <name>.text:USBDMAChannelIntStatus</name>
         <load_address>0x372c</load_address>
         <run_address>0x372c</run_address>
         <size>0x6</size>
         <input_file_ref idref="fl-e7"/>
      </object_component>
      <object_component id="oc-36c">
         <name>.text:USBDevLPMConfig</name>
         <load_address>0x3732</load_address>
         <run_address>0x3732</run_address>
         <size>0x6</size>
         <input_file_ref idref="fl-e7"/>
      </object_component>
      <object_component id="oc-145">
         <name>.text:USBLPMIntStatus</name>
         <load_address>0x3738</load_address>
         <run_address>0x3738</run_address>
         <size>0x6</size>
         <input_file_ref idref="fl-e7"/>
      </object_component>
      <object_component id="oc-18">
         <name>.text:decompress:rle24</name>
         <load_address>0x373e</load_address>
         <run_address>0x373e</run_address>
         <size>0x6</size>
         <input_file_ref idref="fl-c4"/>
      </object_component>
      <object_component id="oc-50b">
         <name>.text:iDMAUSBIntStatus</name>
         <load_address>0x3744</load_address>
         <run_address>0x3744</run_address>
         <size>0x6</size>
         <input_file_ref idref="fl-e0"/>
      </object_component>
      <object_component id="oc-4e7">
         <name>.text:DMAUSBStatus</name>
         <load_address>0x374a</load_address>
         <run_address>0x374a</run_address>
         <size>0x4</size>
         <input_file_ref idref="fl-e0"/>
      </object_component>
      <object_component id="oc-1f7">
         <name>.text:USBDevAddrSet</name>
         <load_address>0x374e</load_address>
         <run_address>0x374e</run_address>
         <size>0x4</size>
         <input_file_ref idref="fl-e7"/>
      </object_component>
      <object_component id="oc-83">
         <name>.text</name>
         <load_address>0x3752</load_address>
         <run_address>0x3752</run_address>
         <size>0x4</size>
         <input_file_ref idref="fl-ca"/>
      </object_component>
      <object_component id="oc-540">
         <name>.const</name>
         <load_address>0x3758</load_address>
         <run_address>0x3758</run_address>
         <size>0x70</size>
         <input_file_ref idref="fl-d4"/>
      </object_component>
      <object_component id="oc-2c6">
         <name>.const:g_psUSBDStdRequests</name>
         <load_address>0x37c8</load_address>
         <run_address>0x37c8</run_address>
         <size>0x34</size>
         <input_file_ref idref="fl-dd"/>
      </object_component>
      <object_component id="oc-3e6">
         <name>.const:.string:g_pui8ConfigString</name>
         <load_address>0x37fc</load_address>
         <run_address>0x37fc</run_address>
         <size>0x30</size>
         <input_file_ref idref="fl-3"/>
      </object_component>
      <object_component id="oc-323">
         <name>.const:g_sBulkHandlers</name>
         <load_address>0x382c</load_address>
         <run_address>0x382c</run_address>
         <size>0x30</size>
         <input_file_ref idref="fl-dc"/>
      </object_component>
      <object_component id="oc-326">
         <name>.const</name>
         <load_address>0x385c</load_address>
         <run_address>0x385c</run_address>
         <size>0x30</size>
         <input_file_ref idref="fl-dc"/>
      </object_component>
      <object_component id="oc-47c">
         <name>.const:.string</name>
         <load_address>0x388c</load_address>
         <run_address>0x388c</run_address>
         <size>0x2e</size>
         <input_file_ref idref="fl-dc"/>
      </object_component>
      <object_component id="oc-3e3">
         <name>.const:.string:g_pui8DataInterfaceString</name>
         <load_address>0x38ba</load_address>
         <run_address>0x38ba</run_address>
         <size>0x28</size>
         <input_file_ref idref="fl-3"/>
      </object_component>
      <object_component id="oc-3dd">
         <name>.const:.string:g_pui8ProductString</name>
         <load_address>0x38e2</load_address>
         <run_address>0x38e2</run_address>
         <size>0x28</size>
         <input_file_ref idref="fl-3"/>
      </object_component>
      <object_component id="oc-3da">
         <name>.const:.string:g_pui8ManufacturerString</name>
         <load_address>0x390a</load_address>
         <run_address>0x390a</run_address>
         <size>0x24</size>
         <input_file_ref idref="fl-3"/>
      </object_component>
      <object_component id="oc-2a3">
         <name>.const:g_ppui8StringDescriptors</name>
         <load_address>0x3930</load_address>
         <run_address>0x3930</run_address>
         <size>0x18</size>
         <input_file_ref idref="fl-3"/>
      </object_component>
      <object_component id="oc-3e0">
         <name>.const:.string:g_pui8SerialNumberString</name>
         <load_address>0x3948</load_address>
         <run_address>0x3948</run_address>
         <size>0x12</size>
         <input_file_ref idref="fl-3"/>
      </object_component>
      <object_component id="oc-2ef">
         <name>.const:g_ui32UARTBase</name>
         <load_address>0x395c</load_address>
         <run_address>0x395c</run_address>
         <size>0xc</size>
         <input_file_ref idref="fl-5"/>
      </object_component>
      <object_component id="oc-120">
         <name>.const:g_ui32UARTInt</name>
         <load_address>0x3968</load_address>
         <run_address>0x3968</run_address>
         <size>0xc</size>
         <input_file_ref idref="fl-5"/>
      </object_component>
      <object_component id="oc-2ec">
         <name>.const:g_ui32UARTPeriph</name>
         <load_address>0x3974</load_address>
         <run_address>0x3974</run_address>
         <size>0xc</size>
         <input_file_ref idref="fl-5"/>
      </object_component>
      <object_component id="oc-3d7">
         <name>.const:.string:g_pui8LangDescriptor</name>
         <load_address>0x3980</load_address>
         <run_address>0x3980</run_address>
         <size>0x4</size>
         <input_file_ref idref="fl-3"/>
      </object_component>
      <object_component id="oc-775">
         <name>.cinit..data.load</name>
         <load_address>0x3988</load_address>
         <run_address>0x3988</run_address>
         <size>0xb3</size>
      </object_component>
      <object_component id="oc-776">
         <name>.cinit..bss.load</name>
         <load_address>0x3a40</load_address>
         <run_address>0x3a40</run_address>
         <size>0xb</size>
      </object_component>
      <object_component id="oc-773">
         <name>__TI_handler_table</name>
         <load_address>0x3a4c</load_address>
         <run_address>0x3a4c</run_address>
         <size>0x8</size>
      </object_component>
      <object_component id="oc-774">
         <name>__TI_cinit_table</name>
         <load_address>0x3a54</load_address>
         <run_address>0x3a54</run_address>
         <size>0x10</size>
      </object_component>
      <object_component id="oc-1a9">
         <name>.data:g_sBulkDevice</name>
         <load_address>0x20000c64</load_address>
         <run_address>0x20000c64</run_address>
         <size>0x44</size>
         <input_file_ref idref="fl-3"/>
      </object_component>
      <object_component id="oc-1a6">
         <name>.data:g_sRxBuffer</name>
         <load_address>0x20000ca8</load_address>
         <run_address>0x20000ca8</run_address>
         <size>0x38</size>
         <input_file_ref idref="fl-3"/>
      </object_component>
      <object_component id="oc-1a3">
         <name>.data:g_sTxBuffer</name>
         <load_address>0x20000ce0</load_address>
         <run_address>0x20000ce0</run_address>
         <size>0x38</size>
         <input_file_ref idref="fl-3"/>
      </object_component>
      <object_component id="oc-a3">
         <name>.data</name>
         <load_address>0x20000d60</load_address>
         <run_address>0x20000d60</run_address>
         <size>0x11</size>
         <input_file_ref idref="fl-4"/>
      </object_component>
      <object_component id="oc-bf">
         <name>.data</name>
         <load_address>0x20000d48</load_address>
         <run_address>0x20000d48</run_address>
         <size>0x15</size>
         <input_file_ref idref="fl-5"/>
      </object_component>
      <object_component id="oc-112">
         <name>.data:$O1$$</name>
         <load_address>0x20000d74</load_address>
         <run_address>0x20000d74</run_address>
         <size>0xc</size>
         <input_file_ref idref="fl-c6"/>
      </object_component>
      <object_component id="oc-9b">
         <name>.data</name>
         <load_address>0x20000da8</load_address>
         <run_address>0x20000da8</run_address>
         <size>0x4</size>
         <input_file_ref idref="fl-cb"/>
      </object_component>
      <object_component id="oc-115">
         <name>.data:$O1$$</name>
         <load_address>0x20000d98</load_address>
         <run_address>0x20000d98</run_address>
         <size>0x8</size>
         <input_file_ref idref="fl-cd"/>
      </object_component>
      <object_component id="oc-257">
         <name>.data</name>
         <load_address>0x20000d8c</load_address>
         <run_address>0x20000d8c</run_address>
         <size>0x9</size>
         <input_file_ref idref="fl-d8"/>
      </object_component>
      <object_component id="oc-169">
         <name>.data</name>
         <load_address>0x20000d80</load_address>
         <run_address>0x20000d80</run_address>
         <size>0xc</size>
         <input_file_ref idref="fl-da"/>
      </object_component>
      <object_component id="oc-26a">
         <name>.data</name>
         <load_address>0x20000d18</load_address>
         <run_address>0x20000d18</run_address>
         <size>0x2e</size>
         <input_file_ref idref="fl-dc"/>
      </object_component>
      <object_component id="oc-16c">
         <name>.data</name>
         <load_address>0x20000da0</load_address>
         <run_address>0x20000da0</run_address>
         <size>0x8</size>
         <input_file_ref idref="fl-dd"/>
      </object_component>
      <object_component id="oc-c2">
         <name>.bss</name>
         <uninitialized>true</uninitialized>
         <run_address>0x20000850</run_address>
         <size>0x8</size>
         <input_file_ref idref="fl-5"/>
      </object_component>
      <object_component id="oc-123">
         <name>.bss:g_pcUARTTxBuffer</name>
         <uninitialized>true</uninitialized>
         <run_address>0x20000000</run_address>
         <size>0x400</size>
         <input_file_ref idref="fl-5"/>
      </object_component>
      <object_component id="oc-c5">
         <name>.bss:g_pcUARTRxBuffer</name>
         <uninitialized>true</uninitialized>
         <run_address>0x20000710</run_address>
         <size>0x80</size>
         <input_file_ref idref="fl-5"/>
      </object_component>
      <object_component id="oc-2c3">
         <name>.bss:g_pui8DataBufferIn</name>
         <uninitialized>true</uninitialized>
         <run_address>0x200007e0</run_address>
         <size>0x40</size>
         <input_file_ref idref="fl-dd"/>
      </object_component>
      <object_component id="oc-166">
         <name>.bss:g_psDCDInst</name>
         <uninitialized>true</uninitialized>
         <run_address>0x20000790</run_address>
         <size>0x50</size>
         <input_file_ref idref="fl-dd"/>
      </object_component>
      <object_component id="oc-4a2">
         <name>.bss:g_psUSBDMAInst</name>
         <uninitialized>true</uninitialized>
         <run_address>0x20000400</run_address>
         <size>0x110</size>
         <input_file_ref idref="fl-e0"/>
      </object_component>
      <object_component id="oc-29a">
         <name>.common:g_pui8USBRxBuffer</name>
         <uninitialized>true</uninitialized>
         <run_address>0x20000510</run_address>
         <size>0x100</size>
      </object_component>
      <object_component id="oc-283">
         <name>.common:g_pui8USBTxBuffer</name>
         <uninitialized>true</uninitialized>
         <run_address>0x20000610</run_address>
         <size>0x100</size>
      </object_component>
      <object_component id="oc-25a">
         <name>.common:g_pfnUSBModeCallback</name>
         <uninitialized>true</uninitialized>
         <run_address>0x20000858</run_address>
         <size>0x4</size>
      </object_component>
      <object_component id="oc-1e3">
         <name>.common:g_pfnTickHandlers</name>
         <uninitialized>true</uninitialized>
         <run_address>0x20000820</run_address>
         <size>0x18</size>
      </object_component>
      <object_component id="oc-1e6">
         <name>.common:g_pvTickInstance</name>
         <uninitialized>true</uninitialized>
         <run_address>0x20000838</run_address>
         <size>0x18</size>
      </object_component>
      <object_component id="oc-396">
         <name>.common:g_ui32ULPISupport</name>
         <uninitialized>true</uninitialized>
         <run_address>0x20000860</run_address>
         <size>0x4</size>
      </object_component>
      <object_component id="oc-163">
         <name>.common:g_ppsDevInfo</name>
         <uninitialized>true</uninitialized>
         <run_address>0x2000085c</run_address>
         <size>0x4</size>
      </object_component>
      <object_component id="oc-2a">
         <name>.stack</name>
         <uninitialized>true</uninitialized>
         <run_address>0x20000864</run_address>
         <size>0x0</size>
         <input_file_ref idref="fl-c2"/>
      </object_component>
      <object_component id="oc-777">
         <name>.stack</name>
         <uninitialized>true</uninitialized>
         <run_address>0x20000864</run_address>
         <size>0x0</size>
      </object_component>
      <object_component id="oc-57">
         <name>.debug_info</name>
         <load_address>0x0</load_address>
         <run_address>0x0</run_address>
         <size>0x18e</size>
         <input_file_ref idref="fl-2"/>
      </object_component>
      <object_component id="oc-10">
         <name>.debug_info</name>
         <load_address>0x18e</load_address>
         <run_address>0x18e</run_address>
         <size>0xf1</size>
         <input_file_ref idref="fl-2"/>
      </object_component>
      <object_component id="oc-2c">
         <name>.debug_info</name>
         <load_address>0x27f</load_address>
         <run_address>0x27f</run_address>
         <size>0x121</size>
         <input_file_ref idref="fl-2"/>
      </object_component>
      <object_component id="oc-32">
         <name>.debug_info</name>
         <load_address>0x3a0</load_address>
         <run_address>0x3a0</run_address>
         <size>0x112</size>
         <input_file_ref idref="fl-2"/>
      </object_component>
      <object_component id="oc-3e">
         <name>.debug_info</name>
         <load_address>0x4b2</load_address>
[...]
         <object_component_ref idref="oc-257"/>
      </symbol>
      <symbol id="sm-545">
         <name>USBRingBufWrite</name>
         <value>0x32b1</value>
         <object_component_ref idref="oc-588"/>
      </symbol>
      <symbol id="sm-546">
         <name>USBRingBufContigUsed</name>
         <value>0x35d5</value>
         <object_component_ref idref="oc-6b1"/>
      </symbol>
      <symbol id="sm-547">
         <name>USBRingBufFlush</name>
         <value>0x3439</value>
         <object_component_ref idref="oc-558"/>
      </symbol>
      <symbol id="sm-548">
         <name>USBRingBufAdvanceWrite</name>
         <value>0x2bf9</value>
         <object_component_ref idref="oc-57c"/>
      </symbol>
      <symbol id="sm-549">
         <name>USBRingBufWriteOne</name>
         <value>0x35e5</value>
         <object_component_ref idref="oc-6bb"/>
      </symbol>
      <symbol id="sm-54a">
         <name>USBRingBufUsed</name>
         <value>0x344f</value>
         <object_component_ref idref="oc-561"/>
      </symbol>
      <symbol id="sm-54b">
         <name>USBRingBufFree</name>
         <value>0x3583</value>
         <object_component_ref idref="oc-582"/>
      </symbol>
      <symbol id="sm-54c">
         <name>USBRingBufAdvanceRead</name>
         <value>0x31e3</value>
         <object_component_ref idref="oc-568"/>
      </symbol>
      <symbol id="sm-54d">
         <name>USBRingBufInit</name>
         <value>0x3695</value>
         <object_component_ref idref="oc-24f"/>
      </symbol>
      <symbol id="sm-54e">
         <name>USBRingBufContigFree</name>
         <value>0x3203</value>
         <object_component_ref idref="oc-575"/>
      </symbol>
      <symbol id="sm-586">
         <name>g_pfnTickHandlers</name>
         <value>0x20000820</value>
      </symbol>
      <symbol id="sm-587">
         <name>g_pvTickInstance</name>
         <value>0x20000838</value>
      </symbol>
      <symbol id="sm-588">
         <name>g_ui32USBSOFCount</name>
         <value>0x20000d88</value>
         <object_component_ref idref="oc-169"/>
      </symbol>
      <symbol id="sm-589">
         <name>g_bUSBTimerInitialized</name>
         <value>0x20000d80</value>
         <object_component_ref idref="oc-169"/>
      </symbol>
      <symbol id="sm-58a">
         <name>g_ui32CurrentUSBTick</name>
         <value>0x20000d84</value>
         <object_component_ref idref="oc-169"/>
      </symbol>
      <symbol id="sm-58b">
         <name>InternalUSBStartOfFrameTick</name>
         <value>0x2b51</value>
         <object_component_ref idref="oc-13f"/>
      </symbol>
      <symbol id="sm-58c">
         <name>InternalUSBRegisterTickHandler</name>
         <value>0x2b19</value>
         <object_component_ref idref="oc-31d"/>
      </symbol>
      <symbol id="sm-58d">
         <name>InternalUSBTickInit</name>
         <value>0x2e31</value>
         <object_component_ref idref="oc-317"/>
      </symbol>
      <symbol id="sm-66b">
         <name>USBDBulkTxPacketAvailable</name>
         <value>0x34a1</value>
         <object_component_ref idref="oc-27d"/>
      </symbol>
      <symbol id="sm-66c">
         <name>USBDBulkCompositeInit</name>
         <value>0x148d</value>
         <object_component_ref idref="oc-25e"/>
      </symbol>
      <symbol id="sm-66d">
         <name>g_sBulkInterfaceSection</name>
         <value>0x3864</value>
         <object_component_ref idref="oc-326"/>
      </symbol>
      <symbol id="sm-66e">
         <name>g_sBulkConfigHeaderHS</name>
         <value>0x387c</value>
         <object_component_ref idref="oc-326"/>
      </symbol>
      <symbol id="sm-66f">
         <name>g_psBulkSections</name>
         <value>0x20000d34</value>
         <object_component_ref idref="oc-26a"/>
      </symbol>
      <symbol id="sm-670">
         <name>g_ppBulkConfigDescriptors</name>
         <value>0x3884</value>
         <object_component_ref idref="oc-326"/>
      </symbol>
      <symbol id="sm-671">
         <name>g_sBulkConfigSection</name>
         <value>0x385c</value>
         <object_component_ref idref="oc-326"/>
      </symbol>
      <symbol id="sm-672">
         <name>g_ppBulkConfigDescriptorsHS</name>
         <value>0x3888</value>
         <object_component_ref idref="oc-326"/>
      </symbol>
      <symbol id="sm-673">
         <name>g_pui8BulkInterfaceHS</name>
         <value>0x38a3</value>
         <object_component_ref idref="oc-47c"/>
      </symbol>
      <symbol id="sm-674">
         <name>USBDBulkInit</name>
         <value>0x29e5</value>
         <object_component_ref idref="oc-197"/>
      </symbol>
      <symbol id="sm-675">
         <name>g_psBulkSectionsHS</name>
         <value>0x20000d3c</value>
         <object_component_ref idref="oc-26a"/>
      </symbol>
      <symbol id="sm-676">
         <name>g_pui8BulkDeviceDescriptor</name>
         <value>0x20000d18</value>
         <object_component_ref idref="oc-26a"/>
      </symbol>
      <symbol id="sm-677">
         <name>g_pui8BulkInterface</name>
         <value>0x388c</value>
         <object_component_ref idref="oc-47c"/>
      </symbol>
      <symbol id="sm-678">
         <name>USBDBulkRxPacketAvailable</name>
         <value>0x315f</value>
         <object_component_ref idref="oc-294"/>
      </symbol>
      <symbol id="sm-679">
         <name>USBDBulkPacketRead</name>
         <value>0x1c9d</value>
         <object_component_ref idref="oc-28e"/>
      </symbol>
      <symbol id="sm-67a">
         <name>g_sBulkHandlers</name>
         <value>0x382c</value>
         <object_component_ref idref="oc-323"/>
      </symbol>
      <symbol id="sm-67b">
         <name>g_sBulkInterfaceSectionHS</name>
         <value>0x386c</value>
         <object_component_ref idref="oc-326"/>
      </symbol>
      <symbol id="sm-67c">
         <name>USBDBulkPacketWrite</name>
         <value>0x2389</value>
         <object_component_ref idref="oc-277"/>
      </symbol>
      <symbol id="sm-67d">
         <name>g_pui8BulkDescriptor</name>
         <value>0x20000d2a</value>
         <object_component_ref idref="oc-26a"/>
      </symbol>
      <symbol id="sm-67e">
         <name>g_sBulkConfigHeader</name>
         <value>0x3874</value>
         <object_component_ref idref="oc-326"/>
      </symbol>
      <symbol id="sm-810">
         <name>g_ppsDevInfo</name>
         <value>0x2000085c</value>
      </symbol>
      <symbol id="sm-811">
         <name>USBDCDStallEP0</name>
         <value>0x3279</value>
         <object_component_ref idref="oc-2bd"/>
      </symbol>
      <symbol id="sm-812">
         <name>USBDeviceEnumHandler</name>
         <value>0x101d</value>
         <object_component_ref idref="oc-157"/>
      </symbol>
      <symbol id="sm-813">
         <name>USBDCDInit</name>
         <value>0x90d</value>
         <object_component_ref idref="oc-264"/>
      </symbol>
      <symbol id="sm-814">
         <name>USBDeviceEnumResetHandler</name>
         <value>0x2885</value>
         <object_component_ref idref="oc-133"/>
      </symbol>
      <symbol id="sm-815">
         <name>g_psDCDInst</name>
         <value>0x20000790</value>
         <object_component_ref idref="oc-166"/>
      </symbol>
      <symbol id="sm-816">
         <name>USBDCDFeatureGet</name>
         <value>0x337d</value>
         <object_component_ref idref="oc-30b"/>
      </symbol>
      <symbol id="sm-817">
         <name>USBDCDDeviceInfoInit</name>
         <value>0x295d</value>
         <object_component_ref idref="oc-311"/>
      </symbol>
      <symbol id="sm-818">
         <name>USBDeviceIntHandlerInternal</name>
         <value>0xbad</value>
         <object_component_ref idref="oc-d9"/>
      </symbol>
      <symbol id="sm-819">
         <name>USBDeviceResumeTickHandler</name>
         <value>0x25d9</value>
         <object_component_ref idref="oc-139"/>
      </symbol>
      <symbol id="sm-825">
         <name>USB0DeviceIntHandler</name>
         <value>0x334d</value>
         <object_component_ref idref="oc-4f"/>
      </symbol>
      <symbol id="sm-843">
         <name>USBDescGet</name>
         <value>0x2eed</value>
         <object_component_ref idref="oc-724"/>
      </symbol>
      <symbol id="sm-844">
         <name>USBDescGetNum</name>
         <value>0x2f99</value>
         <object_component_ref idref="oc-6ea"/>
      </symbol>
      <symbol id="sm-989">
         <name>USBLibDMAInit</name>
         <value>0x7ad</value>
         <object_component_ref idref="oc-378"/>
      </symbol>
      <symbol id="sm-996">
         <name>ULPIConfigSet</name>
         <value>0x24e5</value>
         <object_component_ref idref="oc-34e"/>
      </symbol>
      <symbol id="sm-9e7">
         <name>USBDCDConfigDescGet</name>
         <value>0x2589</value>
         <object_component_ref idref="oc-6c4"/>
      </symbol>
      <symbol id="sm-9e8">
         <name>USBDCDConfigGetInterface</name>
         <value>0x325d</value>
         <object_component_ref idref="oc-5bd"/>
      </symbol>
      <symbol id="sm-9e9">
         <name>USBDCDConfigDescGetSize</name>
         <value>0x32e7</value>
         <object_component_ref idref="oc-2ca"/>
      </symbol>
      <symbol id="sm-9ea">
         <name>USBDCDConfigGetInterfaceEndpoint</name>
         <value>0x2b89</value>
         <object_component_ref idref="oc-6ca"/>
      </symbol>
      <symbol id="sm-9eb">
         <name>USBDCDConfigDescGetNum</name>
         <value>0x2f6f</value>
         <object_component_ref idref="oc-5b7"/>
      </symbol>
      <symbol id="sm-a38">
         <name>USBDeviceConfigAlternate</name>
         <value>0x189d</value>
         <object_component_ref idref="oc-5c3"/>
      </symbol>
      <symbol id="sm-a39">
         <name>USBDeviceConfig</name>
         <value>0xcfd</value>
         <object_component_ref idref="oc-5af"/>
      </symbol>
      <symbol id="sm-a63">
         <name>SysCtlPeripheralEnable</name>
         <value>0x2c9d</value>
         <object_component_ref idref="oc-336"/>
      </symbol>
      <symbol id="sm-a64">
         <name>SysCtlUSBPLLEnable</name>
         <value>0x3479</value>
         <object_component_ref idref="oc-33c"/>
      </symbol>
      <symbol id="sm-a65">
         <name>SysCtlPeripheralReset</name>
         <value>0x2539</value>
         <object_component_ref idref="oc-330"/>
      </symbol>
      <symbol id="sm-ab0">
         <name>uDMAChannelControlSet</name>
         <value>0x3119</value>
         <object_component_ref idref="oc-5f0"/>
      </symbol>
      <symbol id="sm-ab1">
         <name>uDMAChannelDisable</name>
         <value>0x33dd</value>
         <object_component_ref idref="oc-60a"/>
      </symbol>
      <symbol id="sm-ab2">
         <name>uDMAChannelModeGet</name>
         <value>0x303d</value>
         <object_component_ref idref="oc-62f"/>
      </symbol>
      <symbol id="sm-ab3">
         <name>uDMAChannelTransferSet</name>
         <value>0x19ad</value>
         <object_component_ref idref="oc-63e"/>
      </symbol>
      <symbol id="sm-ab4">
         <name>uDMAChannelAttributeDisable</name>
         <value>0x28cd</value>
         <object_component_ref idref="oc-5fd"/>
      </symbol>
      <symbol id="sm-ab5">
         <name>uDMAChannelEnable</name>
         <value>0x33f5</value>
         <object_component_ref idref="oc-623"/>
      </symbol>
      <symbol id="sm-c64">
         <name>USBLPMIntEnable</name>
         <value>0x3689</value>
         <object_component_ref idref="oc-372"/>
      </symbol>
      <symbol id="sm-c65">
         <name>USBEndpointDataAvail</name>
         <value>0x3295</value>
         <object_component_ref idref="oc-3b0"/>
      </symbol>
      <symbol id="sm-c66">
         <name>USBClockEnable</name>
         <value>0x36a1</value>
         <object_component_ref idref="oc-342"/>
      </symbol>
      <symbol id="sm-c67">
         <name>USBDevDisconnect</name>
         <value>0x36d3</value>
         <object_component_ref idref="oc-15d"/>
      </symbol>
      <symbol id="sm-c68">
         <name>USBDevEndpointStallClear</name>
         <value>0x27ef</value>
         <object_component_ref idref="oc-59d"/>
      </symbol>
      <symbol id="sm-c69">
         <name>USBEndpointDataPut</name>
         <value>0x2c31</value>
         <object_component_ref idref="oc-2d0"/>
      </symbol>
      <symbol id="sm-c6a">
         <name>USBDMAChannelIntStatus</name>
         <value>0x372d</value>
         <object_component_ref idref="oc-661"/>
      </symbol>
      <symbol id="sm-c6b">
         <name>USBDevAddrSet</name>
         <value>0x374f</value>
         <object_component_ref idref="oc-1f7"/>
      </symbol>
      <symbol id="sm-c6c">
         <name>USBDMAChannelCountSet</name>
         <value>0x36bf</value>
         <object_component_ref idref="oc-67c"/>
      </symbol>
      <symbol id="sm-c6d">
         <name>USBLPMIntStatus</name>
         <value>0x3739</value>
         <object_component_ref idref="oc-145"/>
      </symbol>
      <symbol id="sm-c6e">
         <name>USBDMAChannelAddressSet</name>
         <value>0x36b5</value>
         <object_component_ref idref="oc-676"/>
      </symbol>
      <symbol id="sm-c6f">
         <name>USBULPIDisable</name>
         <value>0x363b</value>
         <object_component_ref idref="oc-354"/>
      </symbol>
      <symbol id="sm-c70">
         <name>USBIntStatusControl</name>
         <value>0x2bc1</value>
         <object_component_ref idref="oc-d3"/>
      </symbol>
      <symbol id="sm-c71">
         <name>USBEndpointDMADisable</name>
         <value>0x30ad</value>
         <object_component_ref idref="oc-603"/>
      </symbol>
      <symbol id="sm-c72">
         <name>USBDevEndpointDataAck</name>
         <value>0x2fc3</value>
         <object_component_ref idref="oc-203"/>
      </symbol>
      <symbol id="sm-c73">
         <name>USBOTGMode</name>
         <value>0x36f7</value>
         <object_component_ref idref="oc-35a"/>
      </symbol>
      <symbol id="sm-c74">
         <name>USBDMAChannelConfigSet</name>
         <value>0x34b5</value>
         <object_component_ref idref="oc-682"/>
      </symbol>
      <symbol id="sm-c75">
         <name>USBULPIRegRead</name>
         <value>0x3221</value>
         <object_component_ref idref="oc-488"/>
      </symbol>
      <symbol id="sm-c76">
         <name>USBDevMode</name>
         <value>0x36e7</value>
         <object_component_ref idref="oc-360"/>
      </symbol>
      <symbol id="sm-c77">
         <name>USBIntEnableEndpoint</name>
         <value>0x3423</value>
         <object_component_ref idref="oc-384"/>
      </symbol>
      <symbol id="sm-c78">
         <name>USBEndpointDataGet</name>
         <value>0x2915</value>
         <object_component_ref idref="oc-1fd"/>
      </symbol>
      <symbol id="sm-c79">
         <name>USBDevEndpointStatusClear</name>
         <value>0x2329</value>
         <object_component_ref idref="oc-1f1"/>
      </symbol>
      <symbol id="sm-c7a">
         <name>USBULPIEnable</name>
         <value>0x3649</value>
         <object_component_ref idref="oc-348"/>
      </symbol>
      <symbol id="sm-c7b">
         <name>USBFIFOAddrGet</name>
         <value>0x36ef</value>
         <object_component_ref idref="oc-638"/>
      </symbol>
      <symbol id="sm-c7c">
         <name>USBDMAChannelStatus</name>
         <value>0x3611</value>
         <object_component_ref idref="oc-65a"/>
      </symbol>
      <symbol id="sm-c7d">
         <name>USBULPIRegWrite</name>
         <value>0x323f</value>
         <object_component_ref idref="oc-48e"/>
      </symbol>
      <symbol id="sm-c7e">
         <name>USBDMAChannelIntEnable</name>
         <value>0x3571</value>
         <object_component_ref idref="oc-668"/>
      </symbol>
      <symbol id="sm-c7f">
         <name>USBDevLPMConfig</name>
         <value>0x3733</value>
         <object_component_ref idref="oc-36c"/>
      </symbol>
      <symbol id="sm-c80">
         <name>USBDevLPMEnable</name>
         <value>0x362d</value>
         <object_component_ref idref="oc-14b"/>
      </symbol>
      <symbol id="sm-c81">
         <name>USBControllerVersion</name>
         <value>0x36ab</value>
         <object_component_ref idref="oc-49c"/>
      </symbol>
      <symbol id="sm-c82">
         <name>USBFIFOConfigSet</name>
         <value>0x2add</value>
         <object_component_ref idref="oc-6e2"/>
      </symbol>
      <symbol id="sm-c83">
         <name>USBEndpointDMAEnable</name>
         <value>0x30d1</value>
         <object_component_ref idref="oc-61d"/>
      </symbol>
      <symbol id="sm-c84">
         <name>USBDevLPMDisable</name>
         <value>0x361f</value>
         <object_component_ref idref="oc-366"/>
      </symbol>
      <symbol id="sm-c85">
         <name>USBEndpointDataSend</name>
         <value>0x2cd1</value>
         <object_component_ref idref="oc-2d6"/>
      </symbol>
      <symbol id="sm-c86">
         <name>USBIntStatusEndpoint</name>
         <value>0x36dd</value>
         <object_component_ref idref="oc-151"/>
      </symbol>
      <symbol id="sm-c87">
         <name>USBEndpointStatus</name>
         <value>0x35c5</value>
         <object_component_ref idref="oc-1eb"/>
      </symbol>
      <symbol id="sm-c88">
         <name>USBEndpointPacketCountSet</name>
         <value>0x367d</value>
         <object_component_ref idref="oc-644"/>
      </symbol>
      <symbol id="sm-c89">
         <name>USBDMAChannelIntDisable</name>
         <value>0x355f</value>
         <object_component_ref idref="oc-66f"/>
      </symbol>
      <symbol id="sm-c8a">
         <name>USBEndpointDMAConfigSet</name>
         <value>0x26c1</value>
         <object_component_ref idref="oc-64a"/>
      </symbol>
      <symbol id="sm-c8b">
         <name>USBDevEndpointStall</name>
         <value>0x2d9d</value>
         <object_component_ref idref="oc-3eb"/>
      </symbol>
      <symbol id="sm-c8c">
         <name>USBDevConnect</name>
         <value>0x36c9</value>
         <object_component_ref idref="oc-38a"/>
      </symbol>
      <symbol id="sm-c8d">
         <name>USBDevEndpointConfigSet</name>
         <value>0x1b31</value>
         <object_component_ref idref="oc-6d6"/>
      </symbol>
      <symbol id="sm-c8e">
         <name>USBDMAChannelDisable</name>
         <value>0x353b</value>
         <object_component_ref idref="oc-653"/>
      </symbol>
      <symbol id="sm-c8f">
         <name>USBDMAChannelEnable</name>
         <value>0x354d</value>
         <object_component_ref idref="oc-688"/>
      </symbol>
      <symbol id="sm-c90">
         <name>USBHostResume</name>
         <value>0x34c9</value>
         <object_component_ref idref="oc-1dc"/>
      </symbol>
      <symbol id="sm-c91">
         <name>USBIntEnableControl</name>
         <value>0x3015</value>
         <object_component_ref idref="oc-37e"/>
      </symbol>
      <symbol id="sm-c92">
         <name>USBEndpointDMAChannel</name>
         <value>0x3301</value>
         <object_component_ref idref="oc-5f7"/>
      </symbol>
      <symbol id="sm-c93">
         <name>__TI_static_base__</name>
         <value>0x0</value>
      </symbol>
      <symbol id="sm-c96">
         <name>SHT$$INIT_ARRAY$$Limit</name>
         <value>0x0</value>
      </symbol>
      <symbol id="sm-c97">
         <name>SHT$$INIT_ARRAY$$Base</name>
         <value>0x0</value>
      </symbol>
   </symbol_table>
   <title>Link successful</title>
</link_info>
