******************************************************************************
                  TI ARM Linker PC v15.12.3                    
******************************************************************************
>> Linked Sun Oct 23 15:37:48 2016

OUTPUT FILE NAME:   <usb_dev_bulk.out>
ENTRY POINT SYMBOL: "_c_int00"  address: 0000243d


MEMORY CONFIGURATION

         name            origin    length      used     unused   attr    fill
----------------------  --------  ---------  --------  --------  ----  --------
  FLASH                 00000000   00040000  00003a5e  0003c5a2  R  X
  SRAM                  20000000   00008000  00000dac  00007254  RW X


SEGMENT ALLOCATION MAP

run origin  load origin   length   init length attrs members
----------  ----------- ---------- ----------- ----- -------
00000000    00000000    00003a64   00003a64    r-x
  00000000    00000000    0000026c   0000026c    r-- .intvecs
  0000026c    0000026c    000034ea   000034ea    r-x .text
  00003758    00003758    0000022c   0000022c    r-- .const
  00003988    00003988    000000dc   000000dc    r-- .cinit
20000000    20000000    00000dac   00000000    rw-
  20000000    20000000    00000864   00000000    rw- .bss
  20000864    20000864    00000400   00000000    rw- .stack
  20000c64    20000c64    00000148   00000000    rw- .data


SECTION ALLOCATION MAP

 output                                  attributes/
section   page    origin      length       input sections
--------  ----  ----------  ----------   ----------------
.intvecs   0    00000000    0000026c     
                  00000000    0000026c     startup_ccs.obj (.intvecs)

.text      0    0000026c    000034ea     
                  0000026c    000001f4     usb_dev_bulk.obj (.text:main)
                  00000460    000001ea     uartstdio.obj (.text:UARTvprintf)
                  0000064a    00000002     startup_ccs.obj (.text:FaultISR)
                  0000064c    00000160     uartstdio.obj (.text:UARTStdioIntHandler)
                  000007ac    00000160     usblib.lib : usbdma.obj (.text:USBLibDMAInit)
                  0000090c    00000150                : usbdenum.obj (.text:USBDCDInit)
                  00000a5c    00000150                : usbdenum.obj (.text:USBDEP0StateTxConfig)
                  00000bac    00000150                : usbdenum.obj (.text:USBDeviceIntHandlerInternal)
                  00000cfc    00000148                : usbdconfig.obj (.text:USBDeviceConfig)
                  00000e44    000000f4                : usbdma.obj (.text:iDMAUSBTransfer)
                  00000f38    000000e4                : usbdenum.obj (.text:USBDGetDescriptor)
                  0000101c    000000d8                : usbdenum.obj (.text:USBDeviceEnumHandler)
                  000010f4    000000c4                : usbdma.obj (.text:uDMAUSBChannelAllocate)
                  000011b8    000000be                : usbbuffer.obj (.text:HandleRxAvailable)
                  00001276    000000bc                : usbdma.obj (.text:uDMAUSBTransfer)
                  00001332    00000002     startup_ccs.obj (.text:IntDefaultHandler)
                  00001334    000000b0     uartstdio.obj (.text:UARTStdioConfig)
                  000013e4    000000a8     uartstdio.obj (.text:UARTwrite)
                  0000148c    0000009c     usblib.lib : usbdbulk.obj (.text:USBDBulkCompositeInit)
                  00001528    0000009c     rtsv7M4_T_le_v4SPD16_eabi.lib : memcpy_t2.obj (.text)
                  000015c4    00000098     usblib.lib : usbdenum.obj (.text:USBDSetInterface)
                  0000165c    00000092                : usbbuffer.obj (.text:ScheduleNextTransmission)
                  000016ee    00000002     startup_ccs.obj (.text:NmiSR)
                  000016f0    00000090     usb_dev_bulk.obj (.text:EchoNewDataToHost)
                  00001780    00000090     usblib.lib : usbdenum.obj (.text:USBDSetConfiguration)
                  00001810    0000008c     uartstdio.obj (.text:UARTPrimeTransmit)
                  0000189c    0000008c     usblib.lib : usbdconfig.obj (.text:USBDeviceConfigAlternate)
                  00001928    00000084                : usbdma.obj (.text:iDMAUSBChannelAllocate)
                  000019ac    00000084     driverlib.lib : udma.obj (.text:uDMAChannelTransferSet)
                  00001a30    00000080     usb_dev_bulk.obj (.text:RxHandler)
                  00001ab0    00000080     usblib.lib : usbdenum.obj (.text:USBDClearFeature)
                  00001b30    0000007a     driverlib.lib : usb.obj (.text:USBDevEndpointConfigSet)
                  00001baa    0000007a     rtsv7M4_T_le_v4SPD16_eabi.lib : memset_t2.obj (.text)
                  00001c24    00000078     usblib.lib : usbdenum.obj (.text:USBDGetStatus)
                  00001c9c    00000072                : usbdbulk.obj (.text:USBDBulkPacketRead)
                  00001d0e    00000002                : usbdma.obj (.text:iDMAUSBArbSizeSet)
                  00001d10    00000070                : usbdenum.obj (.text:USBDEP0StateTx)
                  00001d80    00000070     rtsv7M4_T_le_v4SPD16_eabi.lib : autoinit.obj (.text)
                  00001df0    00000070     usblib.lib : usbdma.obj (.text:uDMAUSBArbSizeSet)
                  00001e60    00000070                : usbdma.obj (.text:uDMAUSBUnitSizeSet)
                  00001ed0    0000006c                : usbdenum.obj (.text:USBDSetFeature)
                  00001f3c    0000006a     rtsv7M4_T_le_v4SPD16_eabi.lib : copy_decompress_rle.obj (.text)
                  00001fa6    00000002     usblib.lib : usbdma.obj (.text:iDMAUSBUnitSizeSet)
                  00001fa8    00000068     driverlib.lib : interrupt.obj (.text:IntDisable)
                  00002010    00000068                   : interrupt.obj (.text:IntEnable)
                  00002078    00000064     usb_dev_bulk.obj (.text:ConfigureUART)
                  000020dc    00000064     driverlib.lib : interrupt.obj (.text:IntIsEnabled)
                  00002140    00000064     usblib.lib : usbbuffer.obj (.text:USBBufferEventCallback)
                  000021a4    00000064                : usbdma.obj (.text:uDMAUSBChannelEnable)
                  00002208    00000060                : usbdbulk.obj (.text:HandleDevice)
                  00002268    00000060                : usbdbulk.obj (.text:ProcessDataFromHost)
                  000022c8    00000060                : usbdenum.obj (.text:USBDReadAndDispatchRequest)
                  00002328    0000005e     driverlib.lib : usb.obj (.text:USBDevEndpointStatusClear)
                  00002386    00000002     rtsv7M4_T_le_v4SPD16_eabi.lib : i_div0.obj (.text)
                  00002388    0000005c     usblib.lib : usbdbulk.obj (.text:USBDBulkPacketWrite)
                  000023e4    00000056                : usbdma.obj (.text:uDMAUSBChannelRelease)
                  0000243a    00000002     rtsv7M4_T_le_v4SPD16_eabi.lib : mpu_init.obj (.text)
                  0000243c    00000054                                   : boot.obj (.text)
                  00002490    00000054                                   : exit.obj (.text)
                  000024e4    00000052     usblib.lib : usbulpi.obj (.text:ULPIConfigSet)
                  00002536    00000002     rtsv7M4_T_le_v4SPD16_eabi.lib : startup.obj (.text)
                  00002538    00000050     driverlib.lib : sysctl.obj (.text:SysCtlPeripheralReset)
                  00002588    00000050     usblib.lib : usbdcdesc.obj (.text:USBDCDConfigDescGet)
                  000025d8    00000050                : usbdenum.obj (.text:USBDeviceResumeTickHandler)
                  00002628    0000004c                : usbdconfig.obj (.text:GetEPDescriptorType)
                  00002674    0000004c                : usbdenum.obj (.text:USBDStringIndexFromRequest)
                  000026c0    0000004c     driverlib.lib : usb.obj (.text:USBEndpointDMAConfigSet)
                  0000270c    0000004c     usblib.lib : usbdma.obj (.text:iDMAUSBChannelEnable)
                  00002758    0000004c     rtsv7M4_T_le_v4SPD16_eabi.lib : cpy_tbl.obj (.text)
                  000027a4    0000004a     usblib.lib : usbdcdesc.obj (.text:ConfigAlternateInterfaceGet)
                  000027ee    0000004a     driverlib.lib : usb.obj (.text:USBDevEndpointStallClear)
                  00002838    0000004a     usblib.lib : usbdma.obj (.text:uDMAUSBChannelDisable)
                  00002882    00000002                : usbdma.obj (.text:uDMAUSBChannelIntDisable)
                  00002884    00000048                : usbdenum.obj (.text:USBDeviceEnumResetHandler)
                  000028cc    00000048     driverlib.lib : udma.obj (.text:uDMAChannelAttributeDisable)
                  00002914    00000046                   : usb.obj (.text:USBEndpointDataGet)
                  0000295a    00000002     usblib.lib : usbdma.obj (.text:uDMAUSBChannelIntEnable)
                  0000295c    00000044                : usbdenum.obj (.text:USBDCDDeviceInfoInit)
                  000029a0    00000044                : usbdenum.obj (.text:USBDGetInterface)
                  000029e4    00000040                : usbdbulk.obj (.text:USBDBulkInit)
                  00002a24    00000040     rtsv7M4_T_le_v4SPD16_eabi.lib : u_divt2.obj (.text)
                  00002a64    0000003c     uartstdio.obj (.text:UARTFlushTx)
                  00002aa0    0000003c     usblib.lib : usbdma.obj (.text:iDMAUSBChannelRelease)
                  00002adc    0000003a     driverlib.lib : usb.obj (.text:USBFIFOConfigSet)
                  00002b16    00000002     --HOLE-- [fill = 0]
                  00002b18    00000038     usblib.lib : usbtick.obj (.text:InternalUSBRegisterTickHandler)
                  00002b50    00000038                : usbtick.obj (.text:InternalUSBStartOfFrameTick)
                  00002b88    00000038                : usbdcdesc.obj (.text:USBDCDConfigGetInterfaceEndpoint)
                  00002bc0    00000038     driverlib.lib : usb.obj (.text:USBIntStatusControl)
                  00002bf8    00000038     usblib.lib : usbringbuf.obj (.text:USBRingBufAdvanceWrite)
                  00002c30    00000036     driverlib.lib : usb.obj (.text:USBEndpointDataPut)
                  00002c66    00000034     usblib.lib : usbdbulk.obj (.text:HandleEndpoints)
                  00002c9a    00000002     --HOLE-- [fill = 0]
                  00002c9c    00000034     driverlib.lib : sysctl.obj (.text:SysCtlPeripheralEnable)
                  00002cd0    00000034                   : usb.obj (.text:USBEndpointDataSend)
                  00002d04    00000034     usblib.lib : usbdma.obj (.text:iDMAUSBChannelStatus)
                  00002d38    00000032                : usbdcdesc.obj (.text:NextConfigDescGet)
                  00002d6a    00000032                : usbdbulk.obj (.text:ProcessDataToHost)
                  00002d9c    00000032     driverlib.lib : usb.obj (.text:USBDevEndpointStall)
                  00002dce    00000032     usblib.lib : usbdma.obj (.text:iDMAUSBChannelDisable)
                  00002e00    00000030                : usbdma.obj (.text:DMAUSBIntHandler)
                  00002e30    00000030                : usbtick.obj (.text:InternalUSBTickInit)
                  00002e60    00000030                : usbdenum.obj (.text:USBDGetConfiguration)
                  00002e90    00000030                : usbringbuf.obj (.text:UpdateIndexAtomic)
                  00002ec0    0000002c     uartstdio.obj (.text:UARTFlushRx)
                  00002eec    0000002c     usblib.lib : usbdesc.obj (.text:USBDescGet)
                  00002f18    0000002c                : usbdma.obj (.text:uDMAUSBIntStatus)
                  00002f44    0000002a                : usbbuffer.obj (.text:HandleRequestBuffer)
                  00002f6e    0000002a                : usbdcdesc.obj (.text:USBDCDConfigDescGetNum)
                  00002f98    0000002a                : usbdesc.obj (.text:USBDescGetNum)
                  00002fc2    0000002a     driverlib.lib : usb.obj (.text:USBDevEndpointDataAck)
                  00002fec    00000028     usblib.lib : usbdenum.obj (.text:USBDSetAddress)
                  00003014    00000028     driverlib.lib : usb.obj (.text:USBIntEnableControl)
                  0000303c    00000028                   : udma.obj (.text:uDMAChannelModeGet)
                  00003064    00000024     usblib.lib : usbdbulk.obj (.text:BulkTickHandler)
                  00003088    00000024                : usbdbulk.obj (.text:HandleConfigChange)
                  000030ac    00000024     driverlib.lib : usb.obj (.text:USBEndpointDMADisable)
                  000030d0    00000024                   : usb.obj (.text:USBEndpointDMAEnable)
                  000030f4    00000024     usblib.lib : usbmode.obj (.text:USBStackModeSet)
                  00003118    00000024     driverlib.lib : udma.obj (.text:uDMAChannelControlSet)
                  0000313c    00000022     usblib.lib : usbdbulk.obj (.text:HandleDisconnect)
                  0000315e    00000022                : usbdbulk.obj (.text:USBDBulkRxPacketAvailable)
                  00003180    00000022                : usbdma.obj (.text:uDMAUSBChannelStatus)
                  000031a2    00000020                : usbdconfig.obj (.text:GetEndpointFIFOSize)
                  000031c2    00000020                : usbbuffer.obj (.text:HandleDataRemaining)
                  000031e2    00000020                : usbringbuf.obj (.text:USBRingBufAdvanceRead)
                  00003202    0000001e                : usbringbuf.obj (.text:USBRingBufContigFree)
                  00003220    0000001e     driverlib.lib : usb.obj (.text:USBULPIRegRead)
                  0000323e    0000001e                   : usb.obj (.text:USBULPIRegWrite)
                  0000325c    0000001c     usblib.lib : usbdcdesc.obj (.text:USBDCDConfigGetInterface)
                  00003278    0000001c                : usbdenum.obj (.text:USBDCDStallEP0)
                  00003294    0000001c     driverlib.lib : usb.obj (.text:USBEndpointDataAvail)
                  000032b0    0000001c     usblib.lib : usbringbuf.obj (.text:USBRingBufWrite)
                  000032cc    0000001a     uartstdio.obj (.text:UARTprintf)
                  000032e6    0000001a     usblib.lib : usbdcdesc.obj (.text:USBDCDConfigDescGetSize)
                  00003300    0000001a     driverlib.lib : usb.obj (.text:USBEndpointDMAChannel)
                  0000331a    00000018     uartstdio.obj (.text:IsBufferFull)
                  00003332    00000018     usblib.lib : usbdbulk.obj (.text:SetDeferredOpFlag)
                  0000334a    00000002     --HOLE-- [fill = 0]
                  0000334c    00000018                : usbdhandler.obj (.text:USB0DeviceIntHandler)
                  00003364    00000018                : usbbuffer.obj (.text:USBBufferInit)
                  0000337c    00000018                : usbdenum.obj (.text:USBDCDFeatureGet)
                  00003394    00000018                : usbdenum.obj (.text:USBDSetDescriptor)
                  000033ac    00000018                : usbdenum.obj (.text:USBDSyncFrame)
                  000033c4    00000018     rtsv7M4_T_le_v4SPD16_eabi.lib : args_main.obj (.text)
                  000033dc    00000018     driverlib.lib : udma.obj (.text:uDMAChannelDisable)
                  000033f4    00000018                   : udma.obj (.text:uDMAChannelEnable)
                  0000340c    00000016     usblib.lib : usbbuffer.obj (.text:USBBufferDataWritten)
                  00003422    00000016     driverlib.lib : usb.obj (.text:USBIntEnableEndpoint)
                  00003438    00000016     usblib.lib : usbringbuf.obj (.text:USBRingBufFlush)
                  0000344e    00000016                : usbringbuf.obj (.text:USBRingBufUsed)
                  00003464    00000014                : usbbuffer.obj (.text:HandleTxComplete)
                  00003478    00000014     driverlib.lib : sysctl.obj (.text:SysCtlUSBPLLEnable)
                  0000348c    00000014     usb_dev_bulk.obj (.text:TxHandler)
                  000034a0    00000014     usblib.lib : usbdbulk.obj (.text:USBDBulkTxPacketAvailable)
                  000034b4    00000014     driverlib.lib : usb.obj (.text:USBDMAChannelConfigSet)
                  000034c8    00000014                   : usb.obj (.text:USBHostResume)
                  000034dc    00000014                   : usb.obj (.text:_USBIndexWrite)
                  000034f0    00000014     rtsv7M4_T_le_v4SPD16_eabi.lib : _lock.obj (.text)
                  00003504    00000012     usblib.lib : usbdbulk.obj (.text:HandleResume)
                  00003516    00000012                : usbdbulk.obj (.text:HandleSuspend)
                  00003528    00000012                : usbbuffer.obj (.text:USBBufferInfoGet)
                  0000353a    00000012     driverlib.lib : usb.obj (.text:USBDMAChannelDisable)
                  0000354c    00000012                   : usb.obj (.text:USBDMAChannelEnable)
                  0000355e    00000012                   : usb.obj (.text:USBDMAChannelIntDisable)
                  00003570    00000012                   : usb.obj (.text:USBDMAChannelIntEnable)
                  00003582    00000012     usblib.lib : usbringbuf.obj (.text:USBRingBufFree)
                  00003594    00000010     driverlib.lib : interrupt.obj (.text:IntMasterDisable)
                  000035a4    00000010                   : interrupt.obj (.text:IntMasterEnable)
                  000035b4    00000010     usb_dev_bulk.obj (.text:SysTickIntHandler)
                  000035c4    00000010     driverlib.lib : usb.obj (.text:USBEndpointStatus)
                  000035d4    00000010     usblib.lib : usbringbuf.obj (.text:USBRingBufContigUsed)
                  000035e4    00000010                : usbringbuf.obj (.text:USBRingBufWriteOne)
                  000035f4    0000000e                : usbdma.obj (.text:DMAUSBIntStatusClear)
                  00003602    0000000e     uartstdio.obj (.text:IsBufferEmpty)
                  00003610    0000000e     driverlib.lib : usb.obj (.text:USBDMAChannelStatus)
                  0000361e    0000000e                   : usb.obj (.text:USBDevLPMDisable)
                  0000362c    0000000e                   : usb.obj (.text:USBDevLPMEnable)
                  0000363a    0000000e                   : usb.obj (.text:USBULPIDisable)
                  00003648    0000000e                   : usb.obj (.text:USBULPIEnable)
                  00003656    0000000e     rtsv7M4_T_le_v4SPD16_eabi.lib : copy_decompress_none.obj (.text:decompress:none)
                  00003664    0000000c     driverlib.lib : cpu.obj (.text:CPUcpsid)
                  00003670    0000000c                   : cpu.obj (.text:CPUcpsie)
                  0000367c    0000000c                   : usb.obj (.text:USBEndpointPacketCountSet)
                  00003688    0000000c                   : usb.obj (.text:USBLPMIntEnable)
                  00003694    0000000c     usblib.lib : usbringbuf.obj (.text:USBRingBufInit)
                  000036a0    0000000a     driverlib.lib : usb.obj (.text:USBClockEnable)
                  000036aa    0000000a                   : usb.obj (.text:USBControllerVersion)
                  000036b4    0000000a                   : usb.obj (.text:USBDMAChannelAddressSet)
                  000036be    0000000a                   : usb.obj (.text:USBDMAChannelCountSet)
                  000036c8    0000000a                   : usb.obj (.text:USBDevConnect)
                  000036d2    0000000a                   : usb.obj (.text:USBDevDisconnect)
                  000036dc    0000000a                   : usb.obj (.text:USBIntStatusEndpoint)
                  000036e6    00000008                   : usb.obj (.text:USBDevMode)
                  000036ee    00000008                   : usb.obj (.text:USBFIFOAddrGet)
                  000036f6    00000008                   : usb.obj (.text:USBOTGMode)
                  000036fe    00000008     usblib.lib : usbdma.obj (.text:iDMAUSBChannelIntDisable)
                  00003706    00000008                : usbdma.obj (.text:iDMAUSBChannelIntEnable)
                  0000370e    00000006     driverlib.lib : gpio.obj (.text:GPIOPinWrite)
                  00003714    00000006     startup_ccs.obj (.text:ResetISR)
                  0000371a    00000006     driverlib.lib : uart.obj (.text:UARTClockSourceSet)
                  00003720    00000006     usblib.lib : usbbuffer.obj (.text:USBBufferFlush)
                  00003726    00000006                : usbbuffer.obj (.text:USBBufferSpaceAvailable)
                  0000372c    00000006     driverlib.lib : usb.obj (.text:USBDMAChannelIntStatus)
                  00003732    00000006                   : usb.obj (.text:USBDevLPMConfig)
                  00003738    00000006                   : usb.obj (.text:USBLPMIntStatus)
                  0000373e    00000006     rtsv7M4_T_le_v4SPD16_eabi.lib : copy_decompress_rle.obj (.text:decompress:rle24)
                  00003744    00000006     usblib.lib : usbdma.obj (.text:iDMAUSBIntStatus)
                  0000374a    00000004                : usbdma.obj (.text:DMAUSBStatus)
                  0000374e    00000004     driverlib.lib : usb.obj (.text:USBDevAddrSet)
                  00003752    00000004     rtsv7M4_T_le_v4SPD16_eabi.lib : pre_init.obj (.text)

.const     0    00003758    0000022c     
                  00003758    00000070     driverlib.lib : interrupt.obj (.const)
                  000037c8    00000034     usblib.lib : usbdenum.obj (.const:g_psUSBDStdRequests)
                  000037fc    00000030     usb_bulk_structs.obj (.const:.string:g_pui8ConfigString)
                  0000382c    00000030     usblib.lib : usbdbulk.obj (.const:g_sBulkHandlers)
                  0000385c    00000030                : usbdbulk.obj (.const)
                  0000388c    0000002e                : usbdbulk.obj (.const:.string)
                  000038ba    00000028     usb_bulk_structs.obj (.const:.string:g_pui8DataInterfaceString)
                  000038e2    00000028     usb_bulk_structs.obj (.const:.string:g_pui8ProductString)
                  0000390a    00000024     usb_bulk_structs.obj (.const:.string:g_pui8ManufacturerString)
                  0000392e    00000002     --HOLE-- [fill = 0]
                  00003930    00000018     usb_bulk_structs.obj (.const:g_ppui8StringDescriptors)
                  00003948    00000012     usb_bulk_structs.obj (.const:.string:g_pui8SerialNumberString)
                  0000395a    00000002     --HOLE-- [fill = 0]
                  0000395c    0000000c     uartstdio.obj (.const:g_ui32UARTBase)
                  00003968    0000000c     uartstdio.obj (.const:g_ui32UARTInt)
                  00003974    0000000c     uartstdio.obj (.const:g_ui32UARTPeriph)
                  00003980    00000004     usb_bulk_structs.obj (.const:.string:g_pui8LangDescriptor)

.cinit     0    00003988    000000dc     
                  00003988    000000b3     (.cinit..data.load) [load image, compression = rle]
                  00003a3b    00000005     --HOLE-- [fill = 0]
                  00003a40    0000000b     (.cinit..bss.load) [load image, compression = rle]
                  00003a4b    00000001     --HOLE-- [fill = 0]
                  00003a4c    00000008     (__TI_handler_table)
                  00003a54    00000010     (__TI_cinit_table)

.init_array 
*          0    00000000    00000000     UNINITIALIZED

.bss       0    20000000    00000864     UNINITIALIZED
                  20000000    00000400     uartstdio.obj (.bss:g_pcUARTTxBuffer)
                  20000400    00000110     usblib.lib : usbdma.obj (.bss:g_psUSBDMAInst)
                  20000510    00000100     (.common:g_pui8USBRxBuffer)
                  20000610    00000100     (.common:g_pui8USBTxBuffer)
                  20000710    00000080     uartstdio.obj (.bss:g_pcUARTRxBuffer)
                  20000790    00000050     usblib.lib : usbdenum.obj (.bss:g_psDCDInst)
                  200007e0    00000040                : usbdenum.obj (.bss:g_pui8DataBufferIn)
                  20000820    00000018     (.common:g_pfnTickHandlers)
                  20000838    00000018     (.common:g_pvTickInstance)
                  20000850    00000008     uartstdio.obj (.bss)
                  20000858    00000004     (.common:g_pfnUSBModeCallback)
                  2000085c    00000004     (.common:g_ppsDevInfo)
                  20000860    00000004     (.common:g_ui32ULPISupport)

.stack     0    20000864    00000400     UNINITIALIZED
                  20000864    00000400     --HOLE--

.data      0    20000c64    00000148     UNINITIALIZED
                  20000c64    00000044     usb_bulk_structs.obj (.data:g_sBulkDevice)
                  20000ca8    00000038     usb_bulk_structs.obj (.data:g_sRxBuffer)
                  20000ce0    00000038     usb_bulk_structs.obj (.data:g_sTxBuffer)
                  20000d18    0000002e     usblib.lib : usbdbulk.obj (.data)
                  20000d46    00000002     --HOLE--
                  20000d48    00000015     uartstdio.obj (.data)
                  20000d5d    00000003     --HOLE--
                  20000d60    00000011     usb_dev_bulk.obj (.data)
                  20000d71    00000003     --HOLE--
                  20000d74    0000000c     rtsv7M4_T_le_v4SPD16_eabi.lib : exit.obj (.data:$O1$$)
                  20000d80    0000000c     usblib.lib : usbtick.obj (.data)
                  20000d8c    00000009                : usbmode.obj (.data)
                  20000d95    00000003     --HOLE--
                  20000d98    00000008     rtsv7M4_T_le_v4SPD16_eabi.lib : _lock.obj (.data:$O1$$)
                  20000da0    00000008     usblib.lib : usbdenum.obj (.data)
                  20000da8    00000004     rtsv7M4_T_le_v4SPD16_eabi.lib : stkdepth_vars.obj (.data)

MODULE SUMMARY

       Module                     code    ro data   rw data
       ------                     ----    -------   -------
    .\
       usb_dev_bulk.obj           908     0         17     
       usb_bulk_structs.obj       0       210       692    
       startup_ccs.obj            12      620       0      
    +--+--------------------------+-------+---------+---------+
       Total:                     920     830       709    
                                                           
    .\utils\
       uartstdio.obj              1494    36        1181   
    +--+--------------------------+-------+---------+---------+
       Total:                     1494    36        1181   
                                                           
    C:/ti/TivaWare_C_Series-2.1.3.156/driverlib/ccs/Debug/driverlib.lib
       usb.obj                    1354    0         0      
       interrupt.obj              340     112       0      
       udma.obj                   328     0         0      
       sysctl.obj                 152     0         0      
       cpu.obj                    24      0         0      
       gpio.obj                   6       0         0      
       uart.obj                   6       0         0      
    +--+--------------------------+-------+---------+---------+
       Total:                     2210    112       0      
                                                           
    C:/ti/TivaWare_C_Series-2.1.3.156/usblib/ccs/Debug/usblib.lib
       usbdenum.obj               2864    52        160    
       usbdma.obj                 2008    0         272    
       usbdbulk.obj               940     142       46     
       usbbuffer.obj              606     0         0      
       usbdconfig.obj             576     0         0      
       usbdcdesc.obj              356     0         0      
       usbringbuf.obj             300     0         0      
       usbtick.obj                160     0         60     
       usbdesc.obj                86      0         0      
       usbulpi.obj                82      0         0      
       usbmode.obj                36      0         13     
       usbdhandler.obj            24      0         0      
    +--+--------------------------+-------+---------+---------+
       Total:                     8038    194       551    
                                                           
    C:\ti\ccsv6\tools\compiler\arm_15.12.3.LTS\lib\rtsv7M4_T_le_v4SPD16_eabi.lib
       memcpy_t2.obj              156     0         0      
       memset_t2.obj              122     0         0      
       autoinit.obj               112     0         0      
       copy_decompress_rle.obj    112     0         0      
       exit.obj                   84      0         12     
       boot.obj                   84      0         0      
       cpy_tbl.obj                76      0         0      
       u_divt2.obj                64      0         0      
       _lock.obj                  20      0         8      
       args_main.obj              24      0         0      
       copy_decompress_none.obj   14      0         0      
       pre_init.obj               4       0         0      
       stkdepth_vars.obj          0       0         4      
       i_div0.obj                 2       0         0      
       mpu_init.obj               2       0         0      
       startup.obj                2       0         0      
    +--+--------------------------+-------+---------+---------+
       Total:                     878     0         24     
                                                           
       Stack:                     0       0         1024   
       Linker Generated:          0       214       0      
    +--+--------------------------+-------+---------+---------+
       Grand Total:               13540   1386      3489   


LINKER GENERATED COPY TABLES

__TI_cinit_table @ 00003a54 records: 2, size/record: 8, table size: 16
	.data: load addr=00003988, load size=000000b3 bytes, run addr=20000c64, run size=00000148 bytes, compression=rle
	.bss: load addr=00003a40, load size=0000000b bytes, run addr=20000000, run size=00000864 bytes, compression=rle


LINKER GENERATED HANDLER TABLE

__TI_handler_table @ 00003a4c records: 2, size/record: 4, table size: 8
	index: 0, handler: __TI_decompress_rle24
	index: 1, handler: __TI_decompress_none


GLOBAL SYMBOLS: SORTED ALPHABETICALLY BY Name 

address   name                            
-------   ----                            
00002491  C$$EXIT                         
00003665  CPUcpsid                        
00003671  CPUcpsie                        
00002079  ConfigureUART                   
0000370f  GPIOPinWrite                    
00001fa9  IntDisable                      
00002011  IntEnable                       
000020dd  IntIsEnabled                    
00003595  IntMasterDisable                
000035a5  IntMasterEnable                 
00002b19  InternalUSBRegisterTickHandler  
00002b51  InternalUSBStartOfFrameTick     
00002e31  InternalUSBTickInit             
00003715  ResetISR                        
00001a31  RxHandler                       
UNDEFED   SHT$$INIT_ARRAY$$Base           
UNDEFED   SHT$$INIT_ARRAY$$Limit          
00002c9d  SysCtlPeripheralEnable          
00002539  SysCtlPeripheralReset           
00003479  SysCtlUSBPLLEnable              
000035b5  SysTickIntHandler               
0000348d  TxHandler                       
0000371b  UARTClockSourceSet              
00002ec1  UARTFlushRx                     
00002a65  UARTFlushTx                     
00001335  UARTStdioConfig                 
0000064d  UARTStdioIntHandler             
000032cd  UARTprintf                      
00000461  UARTvprintf                     
000013e5  UARTwrite                       
000024e5  ULPIConfigSet                   
0000334d  USB0DeviceIntHandler            
0000340d  USBBufferDataWritten            
00002141  USBBufferEventCallback          
00003721  USBBufferFlush                  
00003529  USBBufferInfoGet                
00003365  USBBufferInit                   
00003727  USBBufferSpaceAvailable         
000036a1  USBClockEnable                  
000036ab  USBControllerVersion            
0000148d  USBDBulkCompositeInit           
000029e5  USBDBulkInit                    
00001c9d  USBDBulkPacketRead              
00002389  USBDBulkPacketWrite             
0000315f  USBDBulkRxPacketAvailable       
000034a1  USBDBulkTxPacketAvailable       
00002589  USBDCDConfigDescGet             
00002f6f  USBDCDConfigDescGetNum          
000032e7  USBDCDConfigDescGetSize         
0000325d  USBDCDConfigGetInterface        
00002b89  USBDCDConfigGetInterfaceEndpoint
0000295d  USBDCDDeviceInfoInit            
0000337d  USBDCDFeatureGet                
0000090d  USBDCDInit                      
00003279  USBDCDStallEP0                  
000036b5  USBDMAChannelAddressSet         
000034b5  USBDMAChannelConfigSet          
000036bf  USBDMAChannelCountSet           
0000353b  USBDMAChannelDisable            
0000354d  USBDMAChannelEnable             
0000355f  USBDMAChannelIntDisable         
00003571  USBDMAChannelIntEnable          
0000372d  USBDMAChannelIntStatus          
00003611  USBDMAChannelStatus             
00002eed  USBDescGet                      
00002f99  USBDescGetNum                   
0000374f  USBDevAddrSet                   
000036c9  USBDevConnect                   
000036d3  USBDevDisconnect                
00001b31  USBDevEndpointConfigSet         
00002fc3  USBDevEndpointDataAck           
00002d9d  USBDevEndpointStall             
000027ef  USBDevEndpointStallClear        
00002329  USBDevEndpointStatusClear       
00003733  USBDevLPMConfig                 
0000361f  USBDevLPMDisable                
0000362d  USBDevLPMEnable                 
000036e7  USBDevMode                      
00000cfd  USBDeviceConfig                 
0000189d  USBDeviceConfigAlternate        
0000101d  USBDeviceEnumHandler            
00002885  USBDeviceEnumResetHandler       
00000bad  USBDeviceIntHandlerInternal     
000025d9  USBDeviceResumeTickHandler      
00003301  USBEndpointDMAChannel           
000026c1  USBEndpointDMAConfigSet         
000030ad  USBEndpointDMADisable           
000030d1  USBEndpointDMAEnable            
00003295  USBEndpointDataAvail            
00002915  USBEndpointDataGet              
00002c31  USBEndpointDataPut              
00002cd1  USBEndpointDataSend             
0000367d  USBEndpointPacketCountSet       
000035c5  USBEndpointStatus               
000036ef  USBFIFOAddrGet                  
00002add  USBFIFOConfigSet                
000034c9  USBHostResume                   
00003015  USBIntEnableControl             
00003423  USBIntEnableEndpoint            
00002bc1  USBIntStatusControl             
000036dd  USBIntStatusEndpoint            
00003689  USBLPMIntEnable                 
00003739  USBLPMIntStatus                 
000007ad  USBLibDMAInit                   
000036f7  USBOTGMode                      
000031e3  USBRingBufAdvanceRead           
00002bf9  USBRingBufAdvanceWrite          
00003203  USBRingBufContigFree            
000035d5  USBRingBufContigUsed            
00003439  USBRingBufFlush                 
00003583  USBRingBufFree                  
00003695  USBRingBufInit                  
0000344f  USBRingBufUsed                  
000032b1  USBRingBufWrite                 
000035e5  USBRingBufWriteOne              
000030f5  USBStackModeSet                 
0000363b  USBULPIDisable                  
00003649  USBULPIEnable                   
00003221  USBULPIRegRead                  
0000323f  USBULPIRegWrite                 
20000c64  __STACK_END                     
00000400  __STACK_SIZE                    
20000c64  __STACK_TOP                     
00003a54  __TI_CINIT_Base                 
00003a64  __TI_CINIT_Limit                
00003a4c  __TI_Handler_Table_Base         
00003a54  __TI_Handler_Table_Limit        
00001d81  __TI_auto_init                  
20000d74  __TI_cleanup_ptr                
00003657  __TI_decompress_none            
0000373f  __TI_decompress_rle24           
20000d78  __TI_dtors_ptr                  
20000d7c  __TI_enable_exit_profile_output 
ffffffff  __TI_pprof_out_hndl             
ffffffff  __TI_prof_data_size             
ffffffff  __TI_prof_data_start            
00000000  __TI_static_base__              
00002387  __aeabi_idiv0                   
00001bab  __aeabi_memclr                  
00001bab  __aeabi_memclr4                 
00001bab  __aeabi_memclr8                 
00001529  __aeabi_memcpy                  
00001529  __aeabi_memcpy4                 
00001529  __aeabi_memcpy8                 
00001bad  __aeabi_memset                  
00001bad  __aeabi_memset4                 
00001bad  __aeabi_memset8                 
00002a25  __aeabi_uidiv                   
00002a25  __aeabi_uidivmod                
ffffffff  __binit__                       
ffffffff  __c_args__                      
0000243b  __mpu_init                      
20000864  __stack                         
000033c5  _args_main                      
0000243d  _c_int00                        
20000d98  _lock                           
000034ff  _nop                            
000034f7  _register_lock                  
000034f1  _register_unlock                
00002537  _system_post_cinit              
00003753  _system_pre_init                
20000d9c  _unlock                         
00002495  abort                           
ffffffff  binit                           
00002759  copy_in                         
0000249d  exit                            
20000d80  g_bUSBTimerInitialized          
20000d8c  g_iUSBMode                      
20000820  g_pfnTickHandlers               
00000000  g_pfnVectors                    
00003884  g_ppBulkConfigDescriptors       
00003888  g_ppBulkConfigDescriptorsHS     
2000085c  g_ppsDevInfo                    
00003930  g_ppui8StringDescriptors        
20000d34  g_psBulkSections                
20000d3c  g_psBulkSectionsHS              
20000790  g_psDCDInst                     
20000d2a  g_pui8BulkDescriptor            
20000d18  g_pui8BulkDeviceDescriptor      
0000388c  g_pui8BulkInterface             
000038a3  g_pui8BulkInterfaceHS           
000037fc  g_pui8ConfigString              
000038ba  g_pui8DataInterfaceString       
00003980  g_pui8LangDescriptor            
0000390a  g_pui8ManufacturerString        
000038e2  g_pui8ProductString             
00003948  g_pui8SerialNumberString        
20000510  g_pui8USBRxBuffer               
20000610  g_pui8USBTxBuffer               
20000838  g_pvTickInstance                
00003874  g_sBulkConfigHeader             
0000387c  g_sBulkConfigHeaderHS           
0000385c  g_sBulkConfigSection            
20000c64  g_sBulkDevice                   
0000382c  g_sBulkHandlers                 
00003864  g_sBulkInterfaceSection         
0000386c  g_sBulkInterfaceSectionHS       
20000ca8  g_sRxBuffer                     
20000ce0  g_sTxBuffer                     
20000d84  g_ui32CurrentUSBTick            
20000d6c  g_ui32Flags                     
20000d68  g_ui32RxCount                   
20000d60  g_ui32SysTickCount              
20000d64  g_ui32TxCount                   
20000d88  g_ui32USBSOFCount               
20000d90  g_ui32WaitTicks                 
0000026d  main                            
20000da8  main_func_sp                    
00001529  memcpy                          
00001bb3  memset                          
000028cd  uDMAChannelAttributeDisable     
00003119  uDMAChannelControlSet           
000033dd  uDMAChannelDisable              
000033f5  uDMAChannelEnable               
0000303d  uDMAChannelModeGet              
000019ad  uDMAChannelTransferSet          


GLOBAL SYMBOLS: SORTED BY Symbol Address 

address   name                            
-------   ----                            
00000000  __TI_static_base__              
00000000  g_pfnVectors                    
0000026d  main                            
00000400  __STACK_SIZE                    
00000461  UARTvprintf                     
0000064d  UARTStdioIntHandler             
000007ad  USBLibDMAInit                   
0000090d  USBDCDInit                      
00000bad  USBDeviceIntHandlerInternal     
00000cfd  USBDeviceConfig                 
0000101d  USBDeviceEnumHandler            
00001335  UARTStdioConfig                 
000013e5  UARTwrite                       
0000148d  USBDBulkCompositeInit           
00001529  __aeabi_memcpy                  
00001529  __aeabi_memcpy4                 
00001529  __aeabi_memcpy8                 
00001529  memcpy                          
0000189d  USBDeviceConfigAlternate        
000019ad  uDMAChannelTransferSet          
00001a31  RxHandler                       
00001b31  USBDevEndpointConfigSet         
00001bab  __aeabi_memclr                  
00001bab  __aeabi_memclr4                 
00001bab  __aeabi_memclr8                 
00001bad  __aeabi_memset                  
00001bad  __aeabi_memset4                 
00001bad  __aeabi_memset8                 
00001bb3  memset                          
00001c9d  USBDBulkPacketRead              
00001d81  __TI_auto_init                  
00001fa9  IntDisable                      
00002011  IntEnable                       
00002079  ConfigureUART                   
000020dd  IntIsEnabled                    
00002141  USBBufferEventCallback          
00002329  USBDevEndpointStatusClear       
00002387  __aeabi_idiv0                   
00002389  USBDBulkPacketWrite             
0000243b  __mpu_init                      
0000243d  _c_int00                        
00002491  C$$EXIT                         
00002495  abort                           
0000249d  exit                            
000024e5  ULPIConfigSet                   
00002537  _system_post_cinit              
00002539  SysCtlPeripheralReset           
00002589  USBDCDConfigDescGet             
000025d9  USBDeviceResumeTickHandler      
000026c1  USBEndpointDMAConfigSet         
00002759  copy_in                         
000027ef  USBDevEndpointStallClear        
00002885  USBDeviceEnumResetHandler       
000028cd  uDMAChannelAttributeDisable     
00002915  USBEndpointDataGet              
0000295d  USBDCDDeviceInfoInit            
000029e5  USBDBulkInit                    
00002a25  __aeabi_uidiv                   
00002a25  __aeabi_uidivmod                
00002a65  UARTFlushTx                     
00002add  USBFIFOConfigSet                
00002b19  InternalUSBRegisterTickHandler  
00002b51  InternalUSBStartOfFrameTick     
00002b89  USBDCDConfigGetInterfaceEndpoint
00002bc1  USBIntStatusControl             
00002bf9  USBRingBufAdvanceWrite          
00002c31  USBEndpointDataPut              
00002c9d  SysCtlPeripheralEnable          
00002cd1  USBEndpointDataSend             
00002d9d  USBDevEndpointStall             
00002e31  InternalUSBTickInit             
00002ec1  UARTFlushRx                     
00002eed  USBDescGet                      
00002f6f  USBDCDConfigDescGetNum          
00002f99  USBDescGetNum                   
00002fc3  USBDevEndpointDataAck           
00003015  USBIntEnableControl             
0000303d  uDMAChannelModeGet              
000030ad  USBEndpointDMADisable           
000030d1  USBEndpointDMAEnable            
000030f5  USBStackModeSet                 
00003119  uDMAChannelControlSet           
0000315f  USBDBulkRxPacketAvailable       
000031e3  USBRingBufAdvanceRead           
00003203  USBRingBufContigFree            
00003221  USBULPIRegRead                  
0000323f  USBULPIRegWrite                 
0000325d  USBDCDConfigGetInterface        
00003279  USBDCDStallEP0                  
00003295  USBEndpointDataAvail            
000032b1  USBRingBufWrite                 
000032cd  UARTprintf                      
000032e7  USBDCDConfigDescGetSize         
00003301  USBEndpointDMAChannel           
0000334d  USB0DeviceIntHandler            
00003365  USBBufferInit                   
0000337d  USBDCDFeatureGet                
000033c5  _args_main                      
000033dd  uDMAChannelDisable              
000033f5  uDMAChannelEnable               
0000340d  USBBufferDataWritten            
00003423  USBIntEnableEndpoint            
00003439  USBRingBufFlush                 
0000344f  USBRingBufUsed                  
00003479  SysCtlUSBPLLEnable              
0000348d  TxHandler                       
000034a1  USBDBulkTxPacketAvailable       
000034b5  USBDMAChannelConfigSet          
000034c9  USBHostResume                   
000034f1  _register_unlock                
000034f7  _register_lock                  
000034ff  _nop                            
00003529  USBBufferInfoGet                
0000353b  USBDMAChannelDisable            
0000354d  USBDMAChannelEnable             
0000355f  USBDMAChannelIntDisable         
00003571  USBDMAChannelIntEnable          
00003583  USBRingBufFree                  
00003595  IntMasterDisable                
000035a5  IntMasterEnable                 
000035b5  SysTickIntHandler               
000035c5  USBEndpointStatus               
000035d5  USBRingBufContigUsed            
000035e5  USBRingBufWriteOne              
00003611  USBDMAChannelStatus             
0000361f  USBDevLPMDisable                
0000362d  USBDevLPMEnable                 
0000363b  USBULPIDisable                  
00003649  USBULPIEnable                   
00003657  __TI_decompress_none            
00003665  CPUcpsid                        
00003671  CPUcpsie                        
0000367d  USBEndpointPacketCountSet       
00003689  USBLPMIntEnable                 
00003695  USBRingBufInit                  
000036a1  USBClockEnable                  
000036ab  USBControllerVersion            
000036b5  USBDMAChannelAddressSet         
000036bf  USBDMAChannelCountSet           
000036c9  USBDevConnect                   
000036d3  USBDevDisconnect                
000036dd  USBIntStatusEndpoint            
000036e7  USBDevMode                      
000036ef  USBFIFOAddrGet                  
000036f7  USBOTGMode                      
0000370f  GPIOPinWrite                    
00003715  ResetISR                        
0000371b  UARTClockSourceSet              
00003721  USBBufferFlush                  
00003727  USBBufferSpaceAvailable         
0000372d  USBDMAChannelIntStatus          
00003733  USBDevLPMConfig                 
00003739  USBLPMIntStatus                 
0000373f  __TI_decompress_rle24           
0000374f  USBDevAddrSet                   
00003753  _system_pre_init                
000037fc  g_pui8ConfigString              
0000382c  g_sBulkHandlers                 
0000385c  g_sBulkConfigSection            
00003864  g_sBulkInterfaceSection         
0000386c  g_sBulkInterfaceSectionHS       
00003874  g_sBulkConfigHeader             
0000387c  g_sBulkConfigHeaderHS           
00003884  g_ppBulkConfigDescriptors       
00003888  g_ppBulkConfigDescriptorsHS     
0000388c  g_pui8BulkInterface             
000038a3  g_pui8BulkInterfaceHS           
000038ba  g_pui8DataInterfaceString       
000038e2  g_pui8ProductString             
0000390a  g_pui8ManufacturerString        
00003930  g_ppui8StringDescriptors        
00003948  g_pui8SerialNumberString        
00003980  g_pui8LangDescriptor            
00003a4c  __TI_Handler_Table_Base         
00003a54  __TI_CINIT_Base                 
00003a54  __TI_Handler_Table_Limit        
00003a64  __TI_CINIT_Limit                
20000510  g_pui8USBRxBuffer               
20000610  g_pui8USBTxBuffer               
20000790  g_psDCDInst                     
20000820  g_pfnTickHandlers               
20000838  g_pvTickInstance                
2000085c  g_ppsDevInfo                    
20000864  __stack                         
20000c64  __STACK_END                     
20000c64  __STACK_TOP                     
20000c64  g_sBulkDevice                   
20000ca8  g_sRxBuffer                     
20000ce0  g_sTxBuffer                     
20000d18  g_pui8BulkDeviceDescriptor      
20000d2a  g_pui8BulkDescriptor            
20000d34  g_psBulkSections                
20000d3c  g_psBulkSectionsHS              
20000d60  g_ui32SysTickCount              
20000d64  g_ui32TxCount                   
20000d68  g_ui32RxCount                   
20000d6c  g_ui32Flags                     
20000d74  __TI_cleanup_ptr                
20000d78  __TI_dtors_ptr                  
20000d7c  __TI_enable_exit_profile_output 
20000d80  g_bUSBTimerInitialized          
20000d84  g_ui32CurrentUSBTick            
20000d88  g_ui32USBSOFCount               
20000d8c  g_iUSBMode                      
20000d90  g_ui32WaitTicks                 
20000d98  _lock                           
20000d9c  _unlock                         
20000da8  main_func_sp                    
ffffffff  __TI_pprof_out_hndl             
ffffffff  __TI_prof_data_size             
ffffffff  __TI_prof_data_start            
ffffffff  __binit__                       
ffffffff  __c_args__                      
ffffffff  binit                           
UNDEFED   SHT$$INIT_ARRAY$$Base           
UNDEFED   SHT$$INIT_ARRAY$$Limit          

[216 symbols]
