******************************************************************************
                  TI ARM Linker PC v15.12.3                    
******************************************************************************
>> Linked Sun Oct 23 15:31:09 2016

OUTPUT FILE NAME:   <lab6.out>
ENTRY POINT SYMBOL: "_c_int00"  address: 00000871


MEMORY CONFIGURATION

         name            origin    length      used     unused   attr    fill
----------------------  --------  ---------  --------  --------  ----  --------
  FLASH                 00000000   00040000  00000b6c  0003f494  R  X
  SRAM                  20000000   00008000  0000007c  00007f84  RW X


SEGMENT ALLOCATION MAP

run origin  load origin   length   init length attrs members
----------  ----------- ---------- ----------- ----- -------
00000000    00000000    00000b70   00000b70    r-x
  00000000    00000000    0000026c   0000026c    r-- .intvecs
  0000026c    0000026c    0000086c   0000086c    r-x .text
  00000ad8    00000ad8    0000006c   0000006c    r-- .const
  00000b48    00000b48    00000028   00000028    r-- .cinit
20000000    20000000    0000007c   00000000    rw-
  20000000    20000000    00000064   00000000    rw- .stack
  20000064    20000064    00000018   00000000    rw- .data


SECTION ALLOCATION MAP

 output                                  attributes/
section   page    origin      length       input sections
--------  ----  ----------  ----------   ----------------
.intvecs   0    00000000    0000026c     
                  00000000    0000026c     tm4c123gh6pm_startup_ccs.obj (.intvecs)

.text      0    0000026c    0000086c     
                  0000026c    00000132     driverlib.lib : gpio.obj (.text:GPIOPadConfigSet)
                  0000039e    00000002     rtsv7M4_T_le_v4SPD16_eabi.lib : mpu_init.obj (.text)
                  000003a0    00000110     driverlib.lib : sysctl.obj (.text:SysCtlClockGet)
                  000004b0    000000f4                   : sysctl.obj (.text:SysCtlClockSet)
                  000005a4    0000009c     rtsv7M4_T_le_v4SPD16_eabi.lib : memcpy_t2.obj (.text)
                  00000640    0000007a                                   : memset_t2.obj (.text)
                  000006ba    00000002                                   : startup.obj (.text)
                  000006bc    00000074     main.obj (.text)
                  00000730    00000070     rtsv7M4_T_le_v4SPD16_eabi.lib : autoinit.obj (.text)
                  000007a0    0000006a                                   : copy_decompress_rle.obj (.text)
                  0000080a    00000002     --HOLE-- [fill = 0]
                  0000080c    00000064     driverlib.lib : hibernate.obj (.text:HibernateWakeSet)
                  00000870    00000054     rtsv7M4_T_le_v4SPD16_eabi.lib : boot.obj (.text)
                  000008c4    00000054                                   : exit.obj (.text)
                  00000918    0000004c                                   : cpy_tbl.obj (.text)
                  00000964    00000034     driverlib.lib : sysctl.obj (.text:SysCtlPeripheralEnable)
                  00000998    0000002c                   : hibernate.obj (.text:HibernateRTCSet)
                  000009c4    0000002a                   : gpio.obj (.text:GPIODirModeSet)
                  000009ee    00000018                   : gpio.obj (.text:GPIOPinTypeGPIOOutput)
                  00000a06    00000002     --HOLE-- [fill = 0]
                  00000a08    00000018                   : hibernate.obj (.text:HibernateGPIORetentionEnable)
                  00000a20    00000018     rtsv7M4_T_le_v4SPD16_eabi.lib : args_main.obj (.text)
                  00000a38    00000014     driverlib.lib : hibernate.obj (.text:HibernateEnableExpClk)
                  00000a4c    00000014                   : hibernate.obj (.text:HibernateRTCEnable)
                  00000a60    00000014                   : hibernate.obj (.text:HibernateRequest)
                  00000a74    00000014     rtsv7M4_T_le_v4SPD16_eabi.lib : _lock.obj (.text)
                  00000a88    00000010     driverlib.lib : hibernate.obj (.text:HibernateRTCMatchSet)
                  00000a98    00000010                   : hibernate.obj (.text:_HibernateWriteComplete)
                  00000aa8    0000000e     rtsv7M4_T_le_v4SPD16_eabi.lib : copy_decompress_none.obj (.text:decompress:none)
                  00000ab6    0000000c     tm4c123gh6pm_startup_ccs.obj (.text)
                  00000ac2    00000006     driverlib.lib : gpio.obj (.text:GPIOPinWrite)
                  00000ac8    00000006                   : sysctl.obj (.text:SysCtlDelay)
                  00000ace    00000006     rtsv7M4_T_le_v4SPD16_eabi.lib : copy_decompress_rle.obj (.text:decompress:rle24)
                  00000ad4    00000004                                   : pre_init.obj (.text)

.const     0    00000ad8    0000006c     
                  00000ad8    0000006c     driverlib.lib : sysctl.obj (.const:g_pui32Xtals)

.cinit     0    00000b48    00000028     
                  00000b48    00000016     (.cinit..data.load) [load image, compression = rle]
                  00000b5e    00000002     --HOLE-- [fill = 0]
                  00000b60    00000008     (__TI_handler_table)
                  00000b68    00000008     (__TI_cinit_table)

.init_array 
*          0    00000000    00000000     UNINITIALIZED

.stack     0    20000000    00000064     UNINITIALIZED
                  20000000    00000064     --HOLE--

.data      0    20000064    00000018     UNINITIALIZED
                  20000064    0000000c     rtsv7M4_T_le_v4SPD16_eabi.lib : exit.obj (.data:$O1$$)
                  20000070    00000008                                   : _lock.obj (.data:$O1$$)
                  20000078    00000004                                   : stkdepth_vars.obj (.data)

MODULE SUMMARY

       Module                         code   ro data   rw data
       ------                         ----   -------   -------
    .\
       tm4c123gh6pm_startup_ccs.obj   12     620       0      
       main.obj                       116    0         0      
    +--+------------------------------+------+---------+---------+
       Total:                         128    620       0      
                                                              
    C:/ti/TivaWare_C_Series-2.1.3.156/driverlib/ccs/Debug/driverlib.lib
       sysctl.obj                     574    108       0      
       gpio.obj                       378    0         0      
       hibernate.obj                  260    0         0      
    +--+------------------------------+------+---------+---------+
       Total:                         1212   108       0      
                                                              
    C:\ti\ccsv6\tools\compiler\arm_15.12.3.LTS\lib\rtsv7M4_T_le_v4SPD16_eabi.lib
       memcpy_t2.obj                  156    0         0      
       memset_t2.obj                  122    0         0      
       autoinit.obj                   112    0         0      
       copy_decompress_rle.obj        112    0         0      
       exit.obj                       84     0         12     
       boot.obj                       84     0         0      
       cpy_tbl.obj                    76     0         0      
       _lock.obj                      20     0         8      
       args_main.obj                  24     0         0      
       copy_decompress_none.obj       14     0         0      
       pre_init.obj                   4      0         0      
       stkdepth_vars.obj              0      0         4      
       mpu_init.obj                   2      0         0      
       startup.obj                    2      0         0      
    +--+------------------------------+------+---------+---------+
       Total:                         812    0         24     
                                                              
       Stack:                         0      0         100    
       Linker Generated:              0      38        0      
    +--+------------------------------+------+---------+---------+
       Grand Total:                   2152   766       124    


LINKER GENERATED COPY TABLES

__TI_cinit_table @ 00000b68 records: 1, size/record: 8, table size: 8
	.data: load addr=00000b48, load size=00000016 bytes, run addr=20000064, run size=00000018 bytes, compression=rle


LINKER GENERATED HANDLER TABLE

__TI_handler_table @ 00000b60 records: 2, size/record: 4, table size: 8
	index: 0, handler: __TI_decompress_rle24
	index: 1, handler: __TI_decompress_none


GLOBAL SYMBOLS: SORTED ALPHABETICALLY BY Name 

address   name                           
-------   ----                           
000008c5  C$$EXIT                        
000009c5  GPIODirModeSet                 
0000026d  GPIOPadConfigSet               
000009ef  GPIOPinTypeGPIOOutput          
00000ac3  GPIOPinWrite                   
00000a39  HibernateEnableExpClk          
00000a09  HibernateGPIORetentionEnable   
00000a4d  HibernateRTCEnable             
00000a89  HibernateRTCMatchSet           
00000999  HibernateRTCSet                
00000a61  HibernateRequest               
0000080d  HibernateWakeSet               
00000ab7  ResetISR                       
UNDEFED   SHT$$INIT_ARRAY$$Base          
UNDEFED   SHT$$INIT_ARRAY$$Limit         
000003a1  SysCtlClockGet                 
000004b1  SysCtlClockSet                 
00000ac9  SysCtlDelay                    
00000965  SysCtlPeripheralEnable         
20000064  __STACK_END                    
00000064  __STACK_SIZE                   
20000200  __STACK_TOP                    
00000b68  __TI_CINIT_Base                
00000b70  __TI_CINIT_Limit               
00000b60  __TI_Handler_Table_Base        
00000b68  __TI_Handler_Table_Limit       
00000731  __TI_auto_init                 
20000064  __TI_cleanup_ptr               
00000aa9  __TI_decompress_none           
00000acf  __TI_decompress_rle24          
20000068  __TI_dtors_ptr                 
2000006c  __TI_enable_exit_profile_output
ffffffff  __TI_pprof_out_hndl            
ffffffff  __TI_prof_data_size            
ffffffff  __TI_prof_data_start           
00000000  __TI_static_base__             
00000641  __aeabi_memclr                 
00000641  __aeabi_memclr4                
00000641  __aeabi_memclr8                
000005a5  __aeabi_memcpy                 
000005a5  __aeabi_memcpy4                
000005a5  __aeabi_memcpy8                
00000643  __aeabi_memset                 
00000643  __aeabi_memset4                
00000643  __aeabi_memset8                
ffffffff  __binit__                      
ffffffff  __c_args__                     
0000039f  __mpu_init                     
20000000  __stack                        
00000a21  _args_main                     
00000871  _c_int00                       
20000070  _lock                          
00000a83  _nop                           
00000a7b  _register_lock                 
00000a75  _register_unlock               
000006bb  _system_post_cinit             
00000ad5  _system_pre_init               
20000074  _unlock                        
000008c9  abort                          
ffffffff  binit                          
00000919  copy_in                        
000008d1  exit                           
00000000  g_pfnVectors                   
000006bd  main                           
20000078  main_func_sp                   
000005a5  memcpy                         
00000649  memset                         


GLOBAL SYMBOLS: SORTED BY Symbol Address 

address   name                           
-------   ----                           
00000000  __TI_static_base__             
00000000  g_pfnVectors                   
00000064  __STACK_SIZE                   
0000026d  GPIOPadConfigSet               
0000039f  __mpu_init                     
000003a1  SysCtlClockGet                 
000004b1  SysCtlClockSet                 
000005a5  __aeabi_memcpy                 
000005a5  __aeabi_memcpy4                
000005a5  __aeabi_memcpy8                
000005a5  memcpy                         
00000641  __aeabi_memclr                 
00000641  __aeabi_memclr4                
00000641  __aeabi_memclr8                
00000643  __aeabi_memset                 
00000643  __aeabi_memset4                
00000643  __aeabi_memset8                
00000649  memset                         
000006bb  _system_post_cinit             
000006bd  main                           
00000731  __TI_auto_init                 
0000080d  HibernateWakeSet               
00000871  _c_int00                       
000008c5  C$$EXIT                        
000008c9  abort                          
000008d1  exit                           
00000919  copy_in                        
00000965  SysCtlPeripheralEnable         
00000999  HibernateRTCSet                
000009c5  GPIODirModeSet                 
000009ef  GPIOPinTypeGPIOOutput          
00000a09  HibernateGPIORetentionEnable   
00000a21  _args_main                     
00000a39  HibernateEnableExpClk          
00000a4d  HibernateRTCEnable             
00000a61  HibernateRequest               
00000a75  _register_unlock               
00000a7b  _register_lock                 
00000a83  _nop                           
00000a89  HibernateRTCMatchSet           
00000aa9  __TI_decompress_none           
00000ab7  ResetISR                       
00000ac3  GPIOPinWrite                   
00000ac9  SysCtlDelay                    
00000acf  __TI_decompress_rle24          
00000ad5  _system_pre_init               
00000b60  __TI_Handler_Table_Base        
00000b68  __TI_CINIT_Base                
00000b68  __TI_Handler_Table_Limit       
00000b70  __TI_CINIT_Limit               
20000000  __stack                        
20000064  __STACK_END                    
20000064  __TI_cleanup_ptr               
20000068  __TI_dtors_ptr                 
2000006c  __TI_enable_exit_profile_output
20000070  _lock                          
20000074  _unlock                        
20000078  main_func_sp                   
20000200  __STACK_TOP                    
ffffffff  __TI_pprof_out_hndl            
ffffffff  __TI_prof_data_size            
ffffffff  __TI_prof_data_start           
ffffffff  __binit__                      
ffffffff  __c_args__                     
ffffffff  binit                          
UNDEFED   SHT$$INIT_ARRAY$$Base          
UNDEFED   SHT$$INIT_ARRAY$$Limit         

[67 symbols]
