******************************************************************************
                  TI ARM Linker PC v15.12.3                    
******************************************************************************
>> Linked Sun Nov 13 13:24:02 2016

OUTPUT FILE NAME:   <lab8.out>
ENTRY POINT SYMBOL: "_c_int00"  address: 000008b5


MEMORY CONFIGURATION

         name            origin    length      used     unused   attr    fill
----------------------  --------  ---------  --------  --------  ----  --------
  FLASH                 00000000   00040000  00000c1c  0003f3e4  R  X
  SRAM                  20000000   00008000  0000007c  00007f84  RW X


SEGMENT ALLOCATION MAP

run origin  load origin   length   init length attrs members
----------  ----------- ---------- ----------- ----- -------
00000000    00000000    00000c20   00000c20    r-x
  00000000    00000000    0000026c   0000026c    r-- .intvecs
  0000026c    0000026c    00000988   00000988    r-x .text
  00000bf8    00000bf8    00000028   00000028    r-- .cinit
20000000    20000000    0000007c   00000000    rw-
  20000000    20000000    00000064   00000000    rw- .stack
  20000064    20000064    00000018   00000000    rw- .data


SECTION ALLOCATION MAP

 output                                  attributes/
section   page    origin      length       input sections
--------  ----  ----------  ----------   ----------------
.intvecs   0    00000000    0000026c     
                  00000000    0000026c     tm4c123gh6pm_startup_ccs.obj (.intvecs)

.text      0    0000026c    00000988     
                  0000026c    00000132     driverlib.lib : gpio.obj (.text:GPIOPadConfigSet)
                  0000039e    00000002     rtsv7M4_T_le_v4SPD16_eabi.lib : mpu_init.obj (.text)
                  000003a0    000000f4     driverlib.lib : sysctl.obj (.text:SysCtlClockSet)
                  00000494    000000c4                   : eeprom.obj (.text:EEPROMProgram)
                  00000558    000000ac     main.obj (.text)
                  00000604    0000009c     rtsv7M4_T_le_v4SPD16_eabi.lib : memcpy_t2.obj (.text)
                  000006a0    0000007a                                   : memset_t2.obj (.text)
                  0000071a    00000002                                   : startup.obj (.text)
                  0000071c    00000070                                   : autoinit.obj (.text)
                  0000078c    0000006a                                   : copy_decompress_rle.obj (.text)
                  000007f6    00000002     --HOLE-- [fill = 0]
                  000007f8    00000068     driverlib.lib : flash.obj (.text:FlashProgram)
                  00000860    00000054                   : eeprom.obj (.text:EEPROMMassErase)
                  000008b4    00000054     rtsv7M4_T_le_v4SPD16_eabi.lib : boot.obj (.text)
                  00000908    00000054                                   : exit.obj (.text)
                  0000095c    00000050     driverlib.lib : sysctl.obj (.text:SysCtlPeripheralReset)
                  000009ac    0000004c     rtsv7M4_T_le_v4SPD16_eabi.lib : cpy_tbl.obj (.text)
                  000009f8    00000040     driverlib.lib : eeprom.obj (.text:EEPROMInit)
                  00000a38    0000003c                   : eeprom.obj (.text:_EEPROMSectorMaskSet)
                  00000a74    00000038                   : eeprom.obj (.text:EEPROMRead)
                  00000aac    00000034                   : sysctl.obj (.text:SysCtlPeripheralEnable)
                  00000ae0    00000034                   : eeprom.obj (.text:_EEPROMSectorMaskClear)
                  00000b14    00000030                   : flash.obj (.text:FlashErase)
                  00000b44    0000002a                   : gpio.obj (.text:GPIODirModeSet)
                  00000b6e    00000018                   : gpio.obj (.text:GPIOPinTypeGPIOOutput)
                  00000b86    00000002     --HOLE-- [fill = 0]
                  00000b88    00000018     rtsv7M4_T_le_v4SPD16_eabi.lib : args_main.obj (.text)
                  00000ba0    00000014                                   : _lock.obj (.text)
                  00000bb4    00000010     driverlib.lib : eeprom.obj (.text:_EEPROMWaitForDone)
                  00000bc4    0000000e     rtsv7M4_T_le_v4SPD16_eabi.lib : copy_decompress_none.obj (.text:decompress:none)
                  00000bd2    0000000c     tm4c123gh6pm_startup_ccs.obj (.text)
                  00000bde    00000006     driverlib.lib : gpio.obj (.text:GPIOPinWrite)
                  00000be4    00000006                   : sysctl.obj (.text:SysCtlDelay)
                  00000bea    00000006     rtsv7M4_T_le_v4SPD16_eabi.lib : copy_decompress_rle.obj (.text:decompress:rle24)
                  00000bf0    00000004                                   : pre_init.obj (.text)

.cinit     0    00000bf8    00000028     
                  00000bf8    00000016     (.cinit..data.load) [load image, compression = rle]
                  00000c0e    00000002     --HOLE-- [fill = 0]
                  00000c10    00000008     (__TI_handler_table)
                  00000c18    00000008     (__TI_cinit_table)

.init_array 
*          0    00000000    00000000     UNINITIALIZED

.stack     0    20000000    00000064     UNINITIALIZED
                  20000000    00000064     --HOLE--

.data      0    20000064    00000018     UNINITIALIZED
                  20000064    0000000c     rtsv7M4_T_le_v4SPD16_eabi.lib : exit.obj (.data:$O1$$)
                  20000070    00000008                                   : _lock.obj (.data:$O1$$)
                  20000078    00000004                                   : stkdepth_vars.obj (.data)

MODULE SUMMARY

       Module                         code   ro data   rw data
       ------                         ----   -------   -------
    .\
       tm4c123gh6pm_startup_ccs.obj   12     620       0      
       main.obj                       172    0         0      
    +--+------------------------------+------+---------+---------+
       Total:                         184    620       0      
                                                              
    C:/ti/TivaWare_C_Series-2.1.3.156/driverlib/ccs/Debug/driverlib.lib
       eeprom.obj                     528    0         0      
       sysctl.obj                     382    0         0      
       gpio.obj                       378    0         0      
       flash.obj                      152    0         0      
    +--+------------------------------+------+---------+---------+
       Total:                         1440   0         0      
                                                              
    C:\ti\ccsv6\tools\compiler\arm_15.12.3.LTS\lib\rtsv7M4_T_le_v4SPD16_eabi.lib
       memcpy_t2.obj                  156    0         0      
       memset_t2.obj                  122    0         0      
       autoinit.obj                   112    0         0      
       copy_decompress_rle.obj        112    0         0      
       exit.obj                       84     0         12     
       boot.obj                       84     0         0      
       cpy_tbl.obj                    76     0         0      
       _lock.obj                      20     0         8      
       args_main.obj                  24     0         0      
       copy_decompress_none.obj       14     0         0      
       pre_init.obj                   4      0         0      
       stkdepth_vars.obj              0      0         4      
       mpu_init.obj                   2      0         0      
       startup.obj                    2      0         0      
    +--+------------------------------+------+---------+---------+
       Total:                         812    0         24     
                                                              
       Stack:                         0      0         100    
       Linker Generated:              0      38        0      
    +--+------------------------------+------+---------+---------+
       Grand Total:                   2436   658       124    


LINKER GENERATED COPY TABLES

__TI_cinit_table @ 00000c18 records: 1, size/record: 8, table size: 8
	.data: load addr=00000bf8, load size=00000016 bytes, run addr=20000064, run size=00000018 bytes, compression=rle


LINKER GENERATED HANDLER TABLE

__TI_handler_table @ 00000c10 records: 2, size/record: 4, table size: 8
	index: 0, handler: __TI_decompress_rle24
	index: 1, handler: __TI_decompress_none


GLOBAL SYMBOLS: SORTED ALPHABETICALLY BY Name 

address   name                           
-------   ----                           
00000909  C$$EXIT                        
000009f9  EEPROMInit                     
00000861  EEPROMMassErase                
00000495  EEPROMProgram                  
00000a75  EEPROMRead                     
00000b15  FlashErase                     
000007f9  FlashProgram                   
00000b45  GPIODirModeSet                 
0000026d  GPIOPadConfigSet               
00000b6f  GPIOPinTypeGPIOOutput          
00000bdf  GPIOPinWrite                   
00000bd3  ResetISR                       
UNDEFED   SHT$$INIT_ARRAY$$Base          
UNDEFED   SHT$$INIT_ARRAY$$Limit         
000003a1  SysCtlClockSet                 
00000be5  SysCtlDelay                    
00000aad  SysCtlPeripheralEnable         
0000095d  SysCtlPeripheralReset          
20000064  __STACK_END                    
00000064  __STACK_SIZE                   
20000200  __STACK_TOP                    
00000c18  __TI_CINIT_Base                
00000c20  __TI_CINIT_Limit               
00000c10  __TI_Handler_Table_Base        
00000c18  __TI_Handler_Table_Limit       
0000071d  __TI_auto_init                 
20000064  __TI_cleanup_ptr               
00000bc5  __TI_decompress_none           
00000beb  __TI_decompress_rle24          
20000068  __TI_dtors_ptr                 
2000006c  __TI_enable_exit_profile_output
ffffffff  __TI_pprof_out_hndl            
ffffffff  __TI_prof_data_size            
ffffffff  __TI_prof_data_start           
00000000  __TI_static_base__             
000006a1  __aeabi_memclr                 
000006a1  __aeabi_memclr4                
000006a1  __aeabi_memclr8                
00000605  __aeabi_memcpy                 
00000605  __aeabi_memcpy4                
00000605  __aeabi_memcpy8                
000006a3  __aeabi_memset                 
000006a3  __aeabi_memset4                
000006a3  __aeabi_memset8                
ffffffff  __binit__                      
ffffffff  __c_args__                     
0000039f  __mpu_init                     
20000000  __stack                        
00000b89  _args_main                     
000008b5  _c_int00                       
20000070  _lock                          
00000baf  _nop                           
00000ba7  _register_lock                 
00000ba1  _register_unlock               
0000071b  _system_post_cinit             
00000bf1  _system_pre_init               
20000074  _unlock                        
0000090d  abort                          
ffffffff  binit                          
000009ad  copy_in                        
00000915  exit                           
00000000  g_pfnVectors                   
00000559  main                           
20000078  main_func_sp                   
00000605  memcpy                         
000006a9  memset                         


GLOBAL SYMBOLS: SORTED BY Symbol Address 

address   name                           
-------   ----                           
00000000  __TI_static_base__             
00000000  g_pfnVectors                   
00000064  __STACK_SIZE                   
0000026d  GPIOPadConfigSet               
0000039f  __mpu_init                     
000003a1  SysCtlClockSet                 
00000495  EEPROMProgram                  
00000559  main                           
00000605  __aeabi_memcpy                 
00000605  __aeabi_memcpy4                
00000605  __aeabi_memcpy8                
00000605  memcpy                         
000006a1  __aeabi_memclr                 
000006a1  __aeabi_memclr4                
000006a1  __aeabi_memclr8                
000006a3  __aeabi_memset                 
000006a3  __aeabi_memset4                
000006a3  __aeabi_memset8                
000006a9  memset                         
0000071b  _system_post_cinit             
0000071d  __TI_auto_init                 
000007f9  FlashProgram                   
00000861  EEPROMMassErase                
000008b5  _c_int00                       
00000909  C$$EXIT                        
0000090d  abort                          
00000915  exit                           
0000095d  SysCtlPeripheralReset          
000009ad  copy_in                        
000009f9  EEPROMInit                     
00000a75  EEPROMRead                     
00000aad  SysCtlPeripheralEnable         
00000b15  FlashErase                     
00000b45  GPIODirModeSet                 
00000b6f  GPIOPinTypeGPIOOutput          
00000b89  _args_main                     
00000ba1  _register_unlock               
00000ba7  _register_lock                 
00000baf  _nop                           
00000bc5  __TI_decompress_none           
00000bd3  ResetISR                       
00000bdf  GPIOPinWrite                   
00000be5  SysCtlDelay                    
00000beb  __TI_decompress_rle24          
00000bf1  _system_pre_init               
00000c10  __TI_Handler_Table_Base        
00000c18  __TI_CINIT_Base                
00000c18  __TI_Handler_Table_Limit       
00000c20  __TI_CINIT_Limit               
20000000  __stack                        
20000064  __STACK_END                    
20000064  __TI_cleanup_ptr               
20000068  __TI_dtors_ptr                 
2000006c  __TI_enable_exit_profile_output
20000070  _lock                          
20000074  _unlock                        
20000078  main_func_sp                   
20000200  __STACK_TOP                    
ffffffff  __TI_pprof_out_hndl            
ffffffff  __TI_prof_data_size            
ffffffff  __TI_prof_data_start           
ffffffff  __binit__                      
ffffffff  __c_args__                     
ffffffff  binit                          
UNDEFED   SHT$$INIT_ARRAY$$Base          
UNDEFED   SHT$$INIT_ARRAY$$Limit         

[66 symbols]
